Archive member included to satisfy reference by file (symbol)

c:/software/embededgcc/arm-gcc/bin/../lib/gcc/arm-none-eabi/8.2.1/../../../../arm-none-eabi/lib/thumb/v7-m/nofp\libc_nano.a(lib_a-exit.o)
                              c:/software/embededgcc/arm-gcc/bin/../lib/gcc/arm-none-eabi/8.2.1/../../../../arm-none-eabi/lib/thumb/v7-m/nofp/crt0.o (exit)
c:/software/embededgcc/arm-gcc/bin/../lib/gcc/arm-none-eabi/8.2.1/../../../../arm-none-eabi/lib/thumb/v7-m/nofp\libc_nano.a(lib_a-impure.o)
                              c:/software/embededgcc/arm-gcc/bin/../lib/gcc/arm-none-eabi/8.2.1/../../../../arm-none-eabi/lib/thumb/v7-m/nofp\libc_nano.a(lib_a-exit.o) (_global_impure_ptr)
c:/software/embededgcc/arm-gcc/bin/../lib/gcc/arm-none-eabi/8.2.1/../../../../arm-none-eabi/lib/thumb/v7-m/nofp\libc_nano.a(lib_a-init.o)
                              c:/software/embededgcc/arm-gcc/bin/../lib/gcc/arm-none-eabi/8.2.1/../../../../arm-none-eabi/lib/thumb/v7-m/nofp/crt0.o (__libc_init_array)
c:/software/embededgcc/arm-gcc/bin/../lib/gcc/arm-none-eabi/8.2.1/../../../../arm-none-eabi/lib/thumb/v7-m/nofp\libc_nano.a(lib_a-memset.o)
                              c:/software/embededgcc/arm-gcc/bin/../lib/gcc/arm-none-eabi/8.2.1/../../../../arm-none-eabi/lib/thumb/v7-m/nofp/crt0.o (memset)
c:/software/embededgcc/arm-gcc/bin/../lib/gcc/arm-none-eabi/8.2.1/../../../../arm-none-eabi/lib/thumb/v7-m/nofp\libc_nano.a(lib_a-strlen.o)
                              build/main.o (strlen)
c:/software/embededgcc/arm-gcc/bin/../lib/gcc/arm-none-eabi/8.2.1/../../../../arm-none-eabi/lib/thumb/v7-m/nofp\libc_nano.a(lib_a-strncpy.o)
                              build/usbd_cdc_if.o (strncpy)
c:/software/embededgcc/arm-gcc/bin/../lib/gcc/arm-none-eabi/8.2.1/../../../../arm-none-eabi/lib/thumb/v7-m/nofp\libnosys.a(_exit.o)
                              c:/software/embededgcc/arm-gcc/bin/../lib/gcc/arm-none-eabi/8.2.1/../../../../arm-none-eabi/lib/thumb/v7-m/nofp\libc_nano.a(lib_a-exit.o) (_exit)

Allocating common symbols
Common symbol       size              file

hUsbDeviceFS        0x2c4             build/usb_device.o
uwTick              0x4               build/stm32f1xx_hal.o
pFlash              0x20              build/stm32f1xx_hal_flash.o
UserRxBufferFS      0x3e8             build/usbd_cdc_if.o
UserTxBufferFS      0x3e8             build/usbd_cdc_if.o
str_rx              0x15              build/main.o
hpcd_USB_FS         0x26c             build/usbd_conf.o
USBD_StrDesc        0x200             build/usbd_desc.o

Discarded input sections

 .text          0x0000000000000000        0x0 c:/software/embededgcc/arm-gcc/bin/../lib/gcc/arm-none-eabi/8.2.1/thumb/v7-m/nofp/crti.o
 .data          0x0000000000000000        0x0 c:/software/embededgcc/arm-gcc/bin/../lib/gcc/arm-none-eabi/8.2.1/thumb/v7-m/nofp/crti.o
 .bss           0x0000000000000000        0x0 c:/software/embededgcc/arm-gcc/bin/../lib/gcc/arm-none-eabi/8.2.1/thumb/v7-m/nofp/crti.o
 .text          0x0000000000000000        0x0 c:/software/embededgcc/arm-gcc/bin/../lib/gcc/arm-none-eabi/8.2.1/thumb/v7-m/nofp/crtbegin.o
 .data          0x0000000000000000        0x0 c:/software/embededgcc/arm-gcc/bin/../lib/gcc/arm-none-eabi/8.2.1/thumb/v7-m/nofp/crtbegin.o
 .bss           0x0000000000000000        0x0 c:/software/embededgcc/arm-gcc/bin/../lib/gcc/arm-none-eabi/8.2.1/thumb/v7-m/nofp/crtbegin.o
 .data.__dso_handle
                0x0000000000000000        0x4 c:/software/embededgcc/arm-gcc/bin/../lib/gcc/arm-none-eabi/8.2.1/thumb/v7-m/nofp/crtbegin.o
 .text          0x0000000000000000       0x74 c:/software/embededgcc/arm-gcc/bin/../lib/gcc/arm-none-eabi/8.2.1/../../../../arm-none-eabi/lib/thumb/v7-m/nofp/crt0.o
 .data          0x0000000000000000        0x0 c:/software/embededgcc/arm-gcc/bin/../lib/gcc/arm-none-eabi/8.2.1/../../../../arm-none-eabi/lib/thumb/v7-m/nofp/crt0.o
 .bss           0x0000000000000000        0x0 c:/software/embededgcc/arm-gcc/bin/../lib/gcc/arm-none-eabi/8.2.1/../../../../arm-none-eabi/lib/thumb/v7-m/nofp/crt0.o
 .ARM.extab     0x0000000000000000        0x0 c:/software/embededgcc/arm-gcc/bin/../lib/gcc/arm-none-eabi/8.2.1/../../../../arm-none-eabi/lib/thumb/v7-m/nofp/crt0.o
 .ARM.exidx     0x0000000000000000        0x8 c:/software/embededgcc/arm-gcc/bin/../lib/gcc/arm-none-eabi/8.2.1/../../../../arm-none-eabi/lib/thumb/v7-m/nofp/crt0.o
 .ARM.attributes
                0x0000000000000000       0x1b c:/software/embededgcc/arm-gcc/bin/../lib/gcc/arm-none-eabi/8.2.1/../../../../arm-none-eabi/lib/thumb/v7-m/nofp/crt0.o
 .text          0x0000000000000000        0x0 build/main.o
 .data          0x0000000000000000        0x0 build/main.o
 .bss           0x0000000000000000        0x0 build/main.o
 .bss.i         0x0000000000000000        0x1 build/main.o
 .text          0x0000000000000000        0x0 build/usb_device.o
 .data          0x0000000000000000        0x0 build/usb_device.o
 .bss           0x0000000000000000        0x0 build/usb_device.o
[...]
Memory Configuration

Name             Origin             Length             Attributes
RAM              0x0000000020000000 0x0000000000005000 xrw
FLASH            0x0000000008000000 0x0000000000010000 xr
*default*        0x0000000000000000 0xffffffffffffffff

Linker script and memory map

LOAD c:/software/embededgcc/arm-gcc/bin/../lib/gcc/arm-none-eabi/8.2.1/thumb/v7-m/nofp/crti.o
LOAD c:/software/embededgcc/arm-gcc/bin/../lib/gcc/arm-none-eabi/8.2.1/thumb/v7-m/nofp/crtbegin.o
LOAD c:/software/embededgcc/arm-gcc/bin/../lib/gcc/arm-none-eabi/8.2.1/../../../../arm-none-eabi/lib/thumb/v7-m/nofp/crt0.o
LOAD build/main.o
LOAD build/usb_device.o
LOAD build/usbd_conf.o
LOAD build/usbd_desc.o
LOAD build/usbd_cdc_if.o
LOAD build/stm32f1xx_it.o
LOAD build/stm32f1xx_hal_msp.o
LOAD build/stm32f1xx_hal_gpio_ex.o
LOAD build/stm32f1xx_hal_pcd.o
LOAD build/stm32f1xx_hal_pcd_ex.o
LOAD build/stm32f1xx_ll_usb.o
LOAD build/stm32f1xx_hal_tim.o
LOAD build/stm32f1xx_hal_tim_ex.o
LOAD build/stm32f1xx_hal.o
LOAD build/stm32f1xx_hal_rcc.o
LOAD build/stm32f1xx_hal_rcc_ex.o
LOAD build/stm32f1xx_hal_gpio.o
LOAD build/stm32f1xx_hal_dma.o
LOAD build/stm32f1xx_hal_cortex.o
LOAD build/stm32f1xx_hal_pwr.o
LOAD build/stm32f1xx_hal_flash.o
LOAD build/stm32f1xx_hal_flash_ex.o
LOAD build/stm32f1xx_hal_exti.o
LOAD build/system_stm32f1xx.o
LOAD build/usbd_core.o
LOAD build/usbd_ctlreq.o
LOAD build/usbd_ioreq.o
LOAD build/usbd_cdc.o
LOAD build/startup_stm32f103xb.o
LOAD c:/software/embededgcc/arm-gcc/bin/../lib/gcc/arm-none-eabi/8.2.1/../../../../arm-none-eabi/lib/thumb/v7-m/nofp\libc_nano.a
LOAD c:/software/embededgcc/arm-gcc/bin/../lib/gcc/arm-none-eabi/8.2.1/../../../../arm-none-eabi/lib/thumb/v7-m/nofp\libm.a
LOAD c:/software/embededgcc/arm-gcc/bin/../lib/gcc/arm-none-eabi/8.2.1/../../../../arm-none-eabi/lib/thumb/v7-m/nofp\libnosys.a
START GROUP
LOAD c:/software/embededgcc/arm-gcc/bin/../lib/gcc/arm-none-eabi/8.2.1/thumb/v7-m/nofp\libgcc.a
LOAD c:/software/embededgcc/arm-gcc/bin/../lib/gcc/arm-none-eabi/8.2.1/../../../../arm-none-eabi/lib/thumb/v7-m/nofp\libc_nano.a
END GROUP
START GROUP
LOAD c:/software/embededgcc/arm-gcc/bin/../lib/gcc/arm-none-eabi/8.2.1/thumb/v7-m/nofp\libgcc.a
LOAD c:/software/embededgcc/arm-gcc/bin/../lib/gcc/arm-none-eabi/8.2.1/../../../../arm-none-eabi/lib/thumb/v7-m/nofp\libc_nano.a
END GROUP
LOAD c:/software/embededgcc/arm-gcc/bin/../lib/gcc/arm-none-eabi/8.2.1/thumb/v7-m/nofp/crtend.o
LOAD c:/software/embededgcc/arm-gcc/bin/../lib/gcc/arm-none-eabi/8.2.1/thumb/v7-m/nofp/crtn.o
                0x0000000020005000                _estack = 0x20005000
                0x0000000000000200                _Min_Heap_Size = 0x200
                0x0000000000000400                _Min_Stack_Size = 0x400

.isr_vector     0x0000000008000000      0x10c
                0x0000000008000000                . = ALIGN (0x4)
 *(.isr_vector)
 .isr_vector    0x0000000008000000      0x10c build/startup_stm32f103xb.o
                0x0000000008000000                g_pfnVectors
                0x000000000800010c                . = ALIGN (0x4)

.text           0x000000000800010c     0x3238
                0x000000000800010c                . = ALIGN (0x4)
 *(.text)
 .text          0x000000000800010c       0x10 c:/software/embededgcc/arm-gcc/bin/../lib/gcc/arm-none-eabi/8.2.1/../../../../arm-none-eabi/lib/thumb/v7-m/nofp\libc_nano.a(lib_a-strlen.o)
                0x000000000800010c                strlen
 *(.text*)
 .text.deregister_tm_clones
                0x000000000800011c       0x1c c:/software/embededgcc/arm-gcc/bin/../lib/gcc/arm-none-eabi/8.2.1/thumb/v7-m/nofp/crtbegin.o
 .text.register_tm_clones
                0x0000000008000138       0x24 c:/software/embededgcc/arm-gcc/bin/../lib/gcc/arm-none-eabi/8.2.1/thumb/v7-m/nofp/crtbegin.o
 .text.__do_global_dtors_aux
                0x000000000800015c       0x28 c:/software/embededgcc/arm-gcc/bin/../lib/gcc/arm-none-eabi/8.2.1/thumb/v7-m/nofp/crtbegin.o
 .text.frame_dummy
                0x0000000008000184       0x24 c:/software/embededgcc/arm-gcc/bin/../lib/gcc/arm-none-eabi/8.2.1/thumb/v7-m/nofp/crtbegin.o
 .text.MX_GPIO_Init
                0x00000000080001a8       0xe0 build/main.o
 .text.SystemClock_Config
                0x0000000008000288       0x6a build/main.o
                0x0000000008000288                SystemClock_Config
 *fill*         0x00000000080002f2        0x2 
 .text.main     0x00000000080002f4       0x40 build/main.o
                0x00000000080002f4                main
 .text.Error_Handler
                0x0000000008000334        0x2 build/main.o
                0x0000000008000334                Error_Handler
 *fill*         0x0000000008000336        0x2 
 .text.MX_USB_DEVICE_Init
                0x0000000008000338       0x54 build/usb_device.o
                0x0000000008000338                MX_USB_DEVICE_Init
 .text.USBD_Get_USB_Status
                0x000000000800038c       0x18 build/usbd_conf.o
 .text.HAL_PCD_MspInit
                0x00000000080003a4       0x40 build/usbd_conf.o
                0x00000000080003a4                HAL_PCD_MspInit
 .text.HAL_PCD_SetupStageCallback
                0x00000000080003e4       0x10 build/usbd_conf.o
                0x00000000080003e4                HAL_PCD_SetupStageCallback
 .text.HAL_PCD_DataOutStageCallback
                0x00000000080003f4       0x14 build/usbd_conf.o
                0x00000000080003f4                HAL_PCD_DataOutStageCallback
 .text.HAL_PCD_DataInStageCallback
                0x0000000008000408       0x12 build/usbd_conf.o
                0x0000000008000408                HAL_PCD_DataInStageCallback
 .text.HAL_PCD_SOFCallback
                0x000000000800041a        0xc build/usbd_conf.o
                0x000000000800041a                HAL_PCD_SOFCallback
 .text.HAL_PCD_ResetCallback
                0x0000000008000426       0x24 build/usbd_conf.o
                0x0000000008000426                HAL_PCD_ResetCallback
 *fill*         0x000000000800044a        0x2 
 .text.HAL_PCD_SuspendCallback
                0x000000000800044c       0x20 build/usbd_conf.o
                0x000000000800044c                HAL_PCD_SuspendCallback
 .text.HAL_PCD_ResumeCallback
                0x000000000800046c        0xc build/usbd_conf.o
                0x000000000800046c                HAL_PCD_ResumeCallback
 .text.USBD_LL_Init
                0x0000000008000478       0x84 build/usbd_conf.o
                0x0000000008000478                USBD_LL_Init
 .text.USBD_LL_Start
                0x00000000080004fc       0x10 build/usbd_conf.o
                0x00000000080004fc                USBD_LL_Start
 .text.USBD_LL_OpenEP
                0x000000000800050c       0x16 build/usbd_conf.o
                0x000000000800050c                USBD_LL_OpenEP
 .text.USBD_LL_CloseEP
                0x0000000008000522       0x10 build/usbd_conf.o
                0x0000000008000522                USBD_LL_CloseEP
 .text.USBD_LL_StallEP
                0x0000000008000532       0x10 build/usbd_conf.o
                0x0000000008000532                USBD_LL_StallEP
 .text.USBD_LL_ClearStallEP
                0x0000000008000542       0x10 build/usbd_conf.o
                0x0000000008000542                USBD_LL_ClearStallEP
 .text.USBD_LL_IsStallEP
                0x0000000008000552       0x26 build/usbd_conf.o
                0x0000000008000552                USBD_LL_IsStallEP
 .text.USBD_LL_SetUSBAddress
                0x0000000008000578       0x10 build/usbd_conf.o
                0x0000000008000578                USBD_LL_SetUSBAddress
 .text.USBD_LL_Transmit
                0x0000000008000588       0x10 build/usbd_conf.o
                0x0000000008000588                USBD_LL_Transmit
 .text.USBD_LL_PrepareReceive
                0x0000000008000598       0x10 build/usbd_conf.o
                0x0000000008000598                USBD_LL_PrepareReceive
 .text.USBD_LL_GetRxDataSize
                0x00000000080005a8        0xc build/usbd_conf.o
                0x00000000080005a8                USBD_LL_GetRxDataSize
 .text.USBD_static_malloc
                0x00000000080005b4        0x8 build/usbd_conf.o
                0x00000000080005b4                USBD_static_malloc
 .text.USBD_static_free
                0x00000000080005bc        0x2 build/usbd_conf.o
                0x00000000080005bc                USBD_static_free
 .text.HAL_PCDEx_SetConnectionState
                0x00000000080005be        0x2 build/usbd_conf.o
                0x00000000080005be                HAL_PCDEx_SetConnectionState
 .text.USBD_FS_DeviceDescriptor
                0x00000000080005c0        0xc build/usbd_desc.o
                0x00000000080005c0                USBD_FS_DeviceDescriptor
 .text.USBD_FS_LangIDStrDescriptor
                0x00000000080005cc        0xc build/usbd_desc.o
                0x00000000080005cc                USBD_FS_LangIDStrDescriptor
 .text.IntToUnicode
                0x00000000080005d8       0x36 build/usbd_desc.o
 *fill*         0x000000000800060e        0x2 
 .text.Get_SerialNum
                0x0000000008000610       0x34 build/usbd_desc.o
 .text.USBD_FS_SerialStrDescriptor
                0x0000000008000644       0x14 build/usbd_desc.o
                0x0000000008000644                USBD_FS_SerialStrDescriptor
 .text.USBD_FS_ProductStrDescriptor
                0x0000000008000658       0x24 build/usbd_desc.o
                0x0000000008000658                USBD_FS_ProductStrDescriptor
 .text.USBD_FS_ManufacturerStrDescriptor
                0x000000000800067c       0x1c build/usbd_desc.o
                0x000000000800067c                USBD_FS_ManufacturerStrDescriptor
 .text.USBD_FS_ConfigStrDescriptor
                0x0000000008000698       0x24 build/usbd_desc.o
                0x0000000008000698                USBD_FS_ConfigStrDescriptor
 .text.USBD_FS_InterfaceStrDescriptor
                0x00000000080006bc       0x24 build/usbd_desc.o
                0x00000000080006bc                USBD_FS_InterfaceStrDescriptor
 .text.CDC_DeInit_FS
                0x00000000080006e0        0x4 build/usbd_cdc_if.o
 .text.CDC_Control_FS
                0x00000000080006e4        0x4 build/usbd_cdc_if.o
 .text.CDC_Receive_FS
                0x00000000080006e8       0x28 build/usbd_cdc_if.o
 .text.CDC_Init_FS
                0x0000000008000710       0x28 build/usbd_cdc_if.o
 .text.CDC_Transmit_FS
                0x0000000008000738       0x2c build/usbd_cdc_if.o
                0x0000000008000738                CDC_Transmit_FS
 .text.NMI_Handler
                0x0000000008000764        0x2 build/stm32f1xx_it.o
                0x0000000008000764                NMI_Handler
 .text.HardFault_Handler
                0x0000000008000766        0x2 build/stm32f1xx_it.o
                0x0000000008000766                HardFault_Handler
 .text.MemManage_Handler
                0x0000000008000768        0x2 build/stm32f1xx_it.o
                0x0000000008000768                MemManage_Handler
 .text.BusFault_Handler
                0x000000000800076a        0x2 build/stm32f1xx_it.o
                0x000000000800076a                BusFault_Handler
 .text.UsageFault_Handler
                0x000000000800076c        0x2 build/stm32f1xx_it.o
                0x000000000800076c                UsageFault_Handler
 .text.SVC_Handler
                0x000000000800076e        0x2 build/stm32f1xx_it.o
                0x000000000800076e                SVC_Handler
 .text.DebugMon_Handler
                0x0000000008000770        0x2 build/stm32f1xx_it.o
                0x0000000008000770                DebugMon_Handler
 .text.PendSV_Handler
                0x0000000008000772        0x2 build/stm32f1xx_it.o
                0x0000000008000772                PendSV_Handler
 .text.SysTick_Handler
                0x0000000008000774        0x8 build/stm32f1xx_it.o
                0x0000000008000774                SysTick_Handler
 .text.USB_LP_CAN1_RX0_IRQHandler
                0x000000000800077c       0x10 build/stm32f1xx_it.o
                0x000000000800077c                USB_LP_CAN1_RX0_IRQHandler
 .text.HAL_MspInit
                0x000000000800078c       0x44 build/stm32f1xx_hal_msp.o
                0x000000000800078c                HAL_MspInit
 .text.HAL_PCD_Init
                0x00000000080007d0       0xf4 build/stm32f1xx_hal_pcd.o
                0x00000000080007d0                HAL_PCD_Init
 .text.HAL_PCD_Start
                0x00000000080008c4       0x2e build/stm32f1xx_hal_pcd.o
                0x00000000080008c4                HAL_PCD_Start
 .text.HAL_PCD_SetAddress
                0x00000000080008f2       0x28 build/stm32f1xx_hal_pcd.o
                0x00000000080008f2                HAL_PCD_SetAddress
 .text.HAL_PCD_EP_Open
                0x000000000800091a       0x70 build/stm32f1xx_hal_pcd.o
                0x000000000800091a                HAL_PCD_EP_Open
 .text.HAL_PCD_EP_Close
                0x000000000800098a       0x5c build/stm32f1xx_hal_pcd.o
                0x000000000800098a                HAL_PCD_EP_Close
 .text.HAL_PCD_EP_Receive
                0x00000000080009e6       0x3e build/stm32f1xx_hal_pcd.o
                0x00000000080009e6                HAL_PCD_EP_Receive
 .text.HAL_PCD_EP_GetRxCount
                0x0000000008000a24        0xe build/stm32f1xx_hal_pcd.o
                0x0000000008000a24                HAL_PCD_EP_GetRxCount
 .text.HAL_PCD_EP_Transmit
                0x0000000008000a32       0x3c build/stm32f1xx_hal_pcd.o
                0x0000000008000a32                HAL_PCD_EP_Transmit
 .text.PCD_EP_ISR_Handler
                0x0000000008000a6e      0x370 build/stm32f1xx_hal_pcd.o
 .text.HAL_PCD_IRQHandler
                0x0000000008000dde      0x172 build/stm32f1xx_hal_pcd.o
                0x0000000008000dde                HAL_PCD_IRQHandler
 .text.HAL_PCD_EP_SetStall
                0x0000000008000f50       0x6e build/stm32f1xx_hal_pcd.o
                0x0000000008000f50                HAL_PCD_EP_SetStall
 .text.HAL_PCD_EP_ClrStall
                0x0000000008000fbe       0x6e build/stm32f1xx_hal_pcd.o
                0x0000000008000fbe                HAL_PCD_EP_ClrStall
 .text.HAL_PCDEx_PMAConfig
                0x000000000800102c       0x30 build/stm32f1xx_hal_pcd_ex.o
                0x000000000800102c                HAL_PCDEx_PMAConfig
 .text.USB_CoreInit
                0x000000000800105c        0xe build/stm32f1xx_ll_usb.o
                0x000000000800105c                USB_CoreInit
 .text.USB_EnableGlobalInt
                0x000000000800106a       0x10 build/stm32f1xx_ll_usb.o
                0x000000000800106a                USB_EnableGlobalInt
 .text.USB_DisableGlobalInt
                0x000000000800107a       0x14 build/stm32f1xx_ll_usb.o
                0x000000000800107a                USB_DisableGlobalInt
 .text.USB_SetCurrentMode
                0x000000000800108e        0x4 build/stm32f1xx_ll_usb.o
                0x000000000800108e                USB_SetCurrentMode
 .text.USB_DevInit
                0x0000000008001092       0x2c build/stm32f1xx_ll_usb.o
                0x0000000008001092                USB_DevInit
 .text.USB_ActivateEndpoint
                0x00000000080010be      0x368 build/stm32f1xx_ll_usb.o
                0x00000000080010be                USB_ActivateEndpoint
 .text.USB_DeactivateEndpoint
                0x0000000008001426      0x1d4 build/stm32f1xx_ll_usb.o
                0x0000000008001426                USB_DeactivateEndpoint
 .text.USB_EPSetStall
                0x00000000080015fa       0x4a build/stm32f1xx_ll_usb.o
                0x00000000080015fa                USB_EPSetStall
 .text.USB_EPClearStall
                0x0000000008001644       0xa2 build/stm32f1xx_ll_usb.o
                0x0000000008001644                USB_EPClearStall
 .text.USB_SetDevAddress
                0x00000000080016e6        0xc build/stm32f1xx_ll_usb.o
                0x00000000080016e6                USB_SetDevAddress
 .text.USB_DevConnect
                0x00000000080016f2        0x4 build/stm32f1xx_ll_usb.o
                0x00000000080016f2                USB_DevConnect
 .text.USB_DevDisconnect
                0x00000000080016f6        0x4 build/stm32f1xx_ll_usb.o
                0x00000000080016f6                USB_DevDisconnect
 .text.USB_ReadInterrupts
                0x00000000080016fa        0x6 build/stm32f1xx_ll_usb.o
                0x00000000080016fa                USB_ReadInterrupts
 .text.USB_EP0_OutStart
                0x0000000008001700        0x4 build/stm32f1xx_ll_usb.o
                0x0000000008001700                USB_EP0_OutStart
 .text.USB_WritePMA
                0x0000000008001704       0x2a build/stm32f1xx_ll_usb.o
                0x0000000008001704                USB_WritePMA
 .text.USB_EPStartXfer
                0x000000000800172e      0x320 build/stm32f1xx_ll_usb.o
                0x000000000800172e                USB_EPStartXfer
 .text.USB_ReadPMA
                0x0000000008001a4e       0x2e build/stm32f1xx_ll_usb.o
                0x0000000008001a4e                USB_ReadPMA
 .text.HAL_InitTick
                0x0000000008001a7c       0x4c build/stm32f1xx_hal.o
                0x0000000008001a7c                HAL_InitTick
 .text.HAL_Init
                0x0000000008001ac8       0x24 build/stm32f1xx_hal.o
                0x0000000008001ac8                HAL_Init
 .text.HAL_IncTick
                0x0000000008001aec       0x18 build/stm32f1xx_hal.o
                0x0000000008001aec                HAL_IncTick
 .text.HAL_GetTick
                0x0000000008001b04        0xc build/stm32f1xx_hal.o
                0x0000000008001b04                HAL_GetTick
 .text.HAL_Delay
                0x0000000008001b10       0x28 build/stm32f1xx_hal.o
                0x0000000008001b10                HAL_Delay
 .text.RCC_Delay
                0x0000000008001b38       0x2c build/stm32f1xx_hal_rcc.o
 .text.HAL_RCC_OscConfig
                0x0000000008001b64      0x410 build/stm32f1xx_hal_rcc.o
                0x0000000008001b64                HAL_RCC_OscConfig
 .text.HAL_RCC_GetSysClockFreq
                0x0000000008001f74       0x70 build/stm32f1xx_hal_rcc.o
                0x0000000008001f74                HAL_RCC_GetSysClockFreq
 .text.HAL_RCC_ClockConfig
                0x0000000008001fe4      0x16c build/stm32f1xx_hal_rcc.o
                0x0000000008001fe4                HAL_RCC_ClockConfig
 .text.HAL_RCCEx_PeriphCLKConfig
                0x0000000008002150      0x114 build/stm32f1xx_hal_rcc_ex.o
                0x0000000008002150                HAL_RCCEx_PeriphCLKConfig
 .text.HAL_GPIO_Init
                0x0000000008002264      0x1d8 build/stm32f1xx_hal_gpio.o
                0x0000000008002264                HAL_GPIO_Init
 .text.HAL_GPIO_WritePin
                0x000000000800243c        0xc build/stm32f1xx_hal_gpio.o
                0x000000000800243c                HAL_GPIO_WritePin
 .text.HAL_NVIC_SetPriorityGrouping
                0x0000000008002448       0x24 build/stm32f1xx_hal_cortex.o
                0x0000000008002448                HAL_NVIC_SetPriorityGrouping
 .text.HAL_NVIC_SetPriority
                0x000000000800246c       0x68 build/stm32f1xx_hal_cortex.o
                0x000000000800246c                HAL_NVIC_SetPriority
 .text.HAL_NVIC_EnableIRQ
                0x00000000080024d4       0x1c build/stm32f1xx_hal_cortex.o
                0x00000000080024d4                HAL_NVIC_EnableIRQ
 .text.HAL_SYSTICK_Config
                0x00000000080024f0       0x2c build/stm32f1xx_hal_cortex.o
                0x00000000080024f0                HAL_SYSTICK_Config
 .text.SystemInit
                0x000000000800251c       0x4c build/system_stm32f1xx.o
                0x000000000800251c                SystemInit
 .text.USBD_Init
                0x0000000008002568       0x2e build/usbd_core.o
                0x0000000008002568                USBD_Init
 .text.USBD_RegisterClass
                0x0000000008002596        0xe build/usbd_core.o
                0x0000000008002596                USBD_RegisterClass
 .text.USBD_Start
                0x00000000080025a4        0xa build/usbd_core.o
                0x00000000080025a4                USBD_Start
 .text.USBD_SetClassConfig
                0x00000000080025ae       0x1a build/usbd_core.o
                0x00000000080025ae                USBD_SetClassConfig
 .text.USBD_ClrClassConfig
                0x00000000080025c8        0xe build/usbd_core.o
                0x00000000080025c8                USBD_ClrClassConfig
 .text.USBD_LL_SetupStage
                0x00000000080025d6       0x5c build/usbd_core.o
                0x00000000080025d6                USBD_LL_SetupStage
 .text.USBD_LL_DataOutStage
                0x0000000008002632       0x94 build/usbd_core.o
                0x0000000008002632                USBD_LL_DataOutStage
 .text.USBD_LL_DataInStage
                0x00000000080026c6       0xd4 build/usbd_core.o
                0x00000000080026c6                USBD_LL_DataInStage
 .text.USBD_LL_Reset
                0x000000000800279a       0x50 build/usbd_core.o
                0x000000000800279a                USBD_LL_Reset
 .text.USBD_LL_SetSpeed
                0x00000000080027ea        0x6 build/usbd_core.o
                0x00000000080027ea                USBD_LL_SetSpeed
 .text.USBD_LL_Suspend
                0x00000000080027f0       0x12 build/usbd_core.o
                0x00000000080027f0                USBD_LL_Suspend
 .text.USBD_LL_Resume
                0x0000000008002802       0x16 build/usbd_core.o
                0x0000000008002802                USBD_LL_Resume
 .text.USBD_LL_SOF
                0x0000000008002818       0x1c build/usbd_core.o
                0x0000000008002818                USBD_LL_SOF
 .text.USBD_GetLen
                0x0000000008002834       0x12 build/usbd_ctlreq.o
 .text.USBD_SetFeature
                0x0000000008002846       0x14 build/usbd_ctlreq.o
 .text.USBD_ParseSetupRequest
                0x000000000800285a       0x28 build/usbd_ctlreq.o
                0x000000000800285a                USBD_ParseSetupRequest
 .text.USBD_CtlError
                0x0000000008002882       0x14 build/usbd_ctlreq.o
                0x0000000008002882                USBD_CtlError
 .text.USBD_GetDescriptor
                0x0000000008002896      0x186 build/usbd_ctlreq.o
 .text.USBD_SetAddress
                0x0000000008002a1c       0x4e build/usbd_ctlreq.o
 *fill*         0x0000000008002a6a        0x2 
 .text.USBD_SetConfig
                0x0000000008002a6c       0xb0 build/usbd_ctlreq.o
 .text.USBD_GetConfig
                0x0000000008002b1c       0x3e build/usbd_ctlreq.o
 .text.USBD_GetStatus
                0x0000000008002b5a       0x38 build/usbd_ctlreq.o
 .text.USBD_ClrFeature
                0x0000000008002b92       0x26 build/usbd_ctlreq.o
 .text.USBD_StdDevReq
                0x0000000008002bb8       0x68 build/usbd_ctlreq.o
                0x0000000008002bb8                USBD_StdDevReq
 .text.USBD_StdItfReq
                0x0000000008002c20       0x60 build/usbd_ctlreq.o
                0x0000000008002c20                USBD_StdItfReq
 .text.USBD_StdEPReq
                0x0000000008002c80      0x210 build/usbd_ctlreq.o
                0x0000000008002c80                USBD_StdEPReq
 .text.USBD_GetString
                0x0000000008002e90       0x36 build/usbd_ctlreq.o
                0x0000000008002e90                USBD_GetString
 .text.USBD_CtlSendData
                0x0000000008002ec6       0x1a build/usbd_ioreq.o
                0x0000000008002ec6                USBD_CtlSendData
 .text.USBD_CtlContinueSendData
                0x0000000008002ee0       0x10 build/usbd_ioreq.o
                0x0000000008002ee0                USBD_CtlContinueSendData
 .text.USBD_CtlPrepareRx
                0x0000000008002ef0       0x1e build/usbd_ioreq.o
                0x0000000008002ef0                USBD_CtlPrepareRx
 .text.USBD_CtlContinueRx
                0x0000000008002f0e       0x10 build/usbd_ioreq.o
                0x0000000008002f0e                USBD_CtlContinueRx
 .text.USBD_CtlSendStatus
                0x0000000008002f1e       0x16 build/usbd_ioreq.o
                0x0000000008002f1e                USBD_CtlSendStatus
 .text.USBD_CtlReceiveStatus
                0x0000000008002f34       0x16 build/usbd_ioreq.o
                0x0000000008002f34                USBD_CtlReceiveStatus
 .text.USBD_CDC_EP0_RxReady
                0x0000000008002f4a       0x28 build/usbd_cdc.o
 *fill*         0x0000000008002f72        0x2 
 .text.USBD_CDC_GetFSCfgDesc
                0x0000000008002f74        0xc build/usbd_cdc.o
 .text.USBD_CDC_GetHSCfgDesc
                0x0000000008002f80        0xc build/usbd_cdc.o
 .text.USBD_CDC_GetOtherSpeedCfgDesc
                0x0000000008002f8c        0xc build/usbd_cdc.o
 .text.USBD_CDC_GetDeviceQualifierDescriptor
                0x0000000008002f98        0xc build/usbd_cdc.o
                0x0000000008002f98                USBD_CDC_GetDeviceQualifierDescriptor
 .text.USBD_CDC_DataOut
                0x0000000008002fa4       0x2e build/usbd_cdc.o
 .text.USBD_CDC_DataIn
                0x0000000008002fd2       0x4a build/usbd_cdc.o
 .text.USBD_CDC_Setup
                0x000000000800301c       0xda build/usbd_cdc.o
 .text.USBD_CDC_DeInit
                0x00000000080030f6       0x42 build/usbd_cdc.o
 .text.USBD_CDC_Init
                0x0000000008003138       0xaa build/usbd_cdc.o
 .text.USBD_CDC_RegisterInterface
                0x00000000080031e2        0xe build/usbd_cdc.o
                0x00000000080031e2                USBD_CDC_RegisterInterface
 .text.USBD_CDC_SetTxBuffer
                0x00000000080031f0       0x10 build/usbd_cdc.o
                0x00000000080031f0                USBD_CDC_SetTxBuffer
 .text.USBD_CDC_SetRxBuffer
                0x0000000008003200        0xc build/usbd_cdc.o
                0x0000000008003200                USBD_CDC_SetRxBuffer
 .text.USBD_CDC_TransmitPacket
                0x000000000800320c       0x34 build/usbd_cdc.o
                0x000000000800320c                USBD_CDC_TransmitPacket
 .text.USBD_CDC_ReceivePacket
                0x0000000008003240       0x30 build/usbd_cdc.o
                0x0000000008003240                USBD_CDC_ReceivePacket
 .text.Reset_Handler
                0x0000000008003270       0x48 build/startup_stm32f103xb.o
                0x0000000008003270                Reset_Handler
 .text.Default_Handler
                0x00000000080032b8        0x2 build/startup_stm32f103xb.o
                0x00000000080032b8                RTC_Alarm_IRQHandler
                0x00000000080032b8                EXTI2_IRQHandler
                0x00000000080032b8                TIM1_CC_IRQHandler
                0x00000000080032b8                PVD_IRQHandler
                0x00000000080032b8                EXTI3_IRQHandler
                0x00000000080032b8                EXTI0_IRQHandler
                0x00000000080032b8                I2C2_EV_IRQHandler
                0x00000000080032b8                ADC1_2_IRQHandler
                0x00000000080032b8                SPI1_IRQHandler
                0x00000000080032b8                TAMPER_IRQHandler
                0x00000000080032b8                DMA1_Channel4_IRQHandler
                0x00000000080032b8                USART3_IRQHandler
                0x00000000080032b8                RTC_IRQHandler
                0x00000000080032b8                DMA1_Channel7_IRQHandler
                0x00000000080032b8                CAN1_RX1_IRQHandler
                0x00000000080032b8                TIM4_IRQHandler
                0x00000000080032b8                I2C1_EV_IRQHandler
                0x00000000080032b8                DMA1_Channel6_IRQHandler
                0x00000000080032b8                TIM3_IRQHandler
                0x00000000080032b8                RCC_IRQHandler
                0x00000000080032b8                TIM1_TRG_COM_IRQHandler
                0x00000000080032b8                DMA1_Channel1_IRQHandler
                0x00000000080032b8                Default_Handler
                0x00000000080032b8                EXTI15_10_IRQHandler
                0x00000000080032b8                EXTI9_5_IRQHandler
                0x00000000080032b8                SPI2_IRQHandler
                0x00000000080032b8                DMA1_Channel5_IRQHandler
                0x00000000080032b8                EXTI4_IRQHandler
                0x00000000080032b8                USB_HP_CAN1_TX_IRQHandler
                0x00000000080032b8                DMA1_Channel3_IRQHandler
                0x00000000080032b8                TIM1_UP_IRQHandler
                0x00000000080032b8                WWDG_IRQHandler
                0x00000000080032b8                TIM2_IRQHandler
                0x00000000080032b8                TIM1_BRK_IRQHandler
                0x00000000080032b8                EXTI1_IRQHandler
                0x00000000080032b8                USART2_IRQHandler
                0x00000000080032b8                I2C2_ER_IRQHandler
                0x00000000080032b8                DMA1_Channel2_IRQHandler
                0x00000000080032b8                CAN1_SCE_IRQHandler
                0x00000000080032b8                FLASH_IRQHandler
                0x00000000080032b8                USART1_IRQHandler
                0x00000000080032b8                I2C1_ER_IRQHandler
                0x00000000080032b8                USBWakeUp_IRQHandler
 *fill*         0x00000000080032ba        0x2 
 .text.__libc_init_array
                0x00000000080032bc       0x48 c:/software/embededgcc/arm-gcc/bin/../lib/gcc/arm-none-eabi/8.2.1/../../../../arm-none-eabi/lib/thumb/v7-m/nofp\libc_nano.a(lib_a-init.o)
                0x00000000080032bc                __libc_init_array
 .text.strncpy  0x0000000008003304       0x26 c:/software/embededgcc/arm-gcc/bin/../lib/gcc/arm-none-eabi/8.2.1/../../../../arm-none-eabi/lib/thumb/v7-m/nofp\libc_nano.a(lib_a-strncpy.o)
                0x0000000008003304                strncpy
 *(.glue_7)
 .glue_7        0x000000000800332a        0x0 linker stubs
 *(.glue_7t)
 .glue_7t       0x000000000800332a        0x0 linker stubs
 *(.eh_frame)
 *fill*         0x000000000800332a        0x2 
 .eh_frame      0x000000000800332c        0x0 c:/software/embededgcc/arm-gcc/bin/../lib/gcc/arm-none-eabi/8.2.1/thumb/v7-m/nofp/crtbegin.o
 *(.init)
 .init          0x000000000800332c        0x4 c:/software/embededgcc/arm-gcc/bin/../lib/gcc/arm-none-eabi/8.2.1/thumb/v7-m/nofp/crti.o
                0x000000000800332c                _init
 .init          0x0000000008003330        0x8 c:/software/embededgcc/arm-gcc/bin/../lib/gcc/arm-none-eabi/8.2.1/thumb/v7-m/nofp/crtn.o
 *(.fini)
 .fini          0x0000000008003338        0x4 c:/software/embededgcc/arm-gcc/bin/../lib/gcc/arm-none-eabi/8.2.1/thumb/v7-m/nofp/crti.o
                0x0000000008003338                _fini
 .fini          0x000000000800333c        0x8 c:/software/embededgcc/arm-gcc/bin/../lib/gcc/arm-none-eabi/8.2.1/thumb/v7-m/nofp/crtn.o
                0x0000000008003344                . = ALIGN (0x4)
                0x0000000008003344                _etext = .

.vfp11_veneer   0x0000000008003344        0x0
 .vfp11_veneer  0x0000000008003344        0x0 linker stubs

.v4_bx          0x0000000008003344        0x0
 .v4_bx         0x0000000008003344        0x0 linker stubs

.iplt           0x0000000008003344        0x0
 .iplt          0x0000000008003344        0x0 c:/software/embededgcc/arm-gcc/bin/../lib/gcc/arm-none-eabi/8.2.1/thumb/v7-m/nofp/crtbegin.o

.rodata         0x0000000008003344       0x7c
                0x0000000008003344                . = ALIGN (0x4)
 *(.rodata)
 .rodata        0x0000000008003344       0x12 build/stm32f1xx_hal_rcc.o
 *(.rodata*)
 *fill*         0x0000000008003356        0x2 
 .rodata.main.str1.4
                0x0000000008003358        0xf build/main.o
 *fill*         0x0000000008003367        0x1 
 .rodata.USBD_FS_ConfigStrDescriptor.str1.4
                0x0000000008003368        0xb build/usbd_desc.o
 *fill*         0x0000000008003373        0x1 
 .rodata.USBD_FS_InterfaceStrDescriptor.str1.4
                0x0000000008003374        0xe build/usbd_desc.o
 *fill*         0x0000000008003382        0x2 
 .rodata.USBD_FS_ManufacturerStrDescriptor.str1.4
                0x0000000008003384       0x13 build/usbd_desc.o
 *fill*         0x0000000008003397        0x1 
 .rodata.USBD_FS_ProductStrDescriptor.str1.4
                0x0000000008003398       0x18 build/usbd_desc.o
                                         0x16 (size before relaxing)
 .rodata.AHBPrescTable
                0x00000000080033b0       0x10 build/system_stm32f1xx.o
                0x00000000080033b0                AHBPrescTable
                0x00000000080033c0                . = ALIGN (0x4)

.rel.dyn        0x00000000080033c0        0x0
 .rel.iplt      0x00000000080033c0        0x0 c:/software/embededgcc/arm-gcc/bin/../lib/gcc/arm-none-eabi/8.2.1/thumb/v7-m/nofp/crtbegin.o

.ARM.extab
 *(.ARM.extab* .gnu.linkonce.armextab.*)

.ARM            0x00000000080033c0        0x0
                0x00000000080033c0                __exidx_start = .
 *(.ARM.exidx*)
                0x00000000080033c0                __exidx_end = .

.preinit_array  0x00000000080033c0        0x0
                0x00000000080033c0                PROVIDE (__preinit_array_start = .)
 *(.preinit_array*)
                0x00000000080033c0                PROVIDE (__preinit_array_end = .)

.init_array     0x00000000080033c0        0x4
                0x00000000080033c0                PROVIDE (__init_array_start = .)
 *(SORT_BY_NAME(.init_array.*))
 *(.init_array*)
 .init_array    0x00000000080033c0        0x4 c:/software/embededgcc/arm-gcc/bin/../lib/gcc/arm-none-eabi/8.2.1/thumb/v7-m/nofp/crtbegin.o
                0x00000000080033c4                PROVIDE (__init_array_end = .)

.fini_array     0x00000000080033c4        0x4
                [!provide]                        PROVIDE (__fini_array_start = .)
 *(SORT_BY_NAME(.fini_array.*))
 *(.fini_array*)
 .fini_array    0x00000000080033c4        0x4 c:/software/embededgcc/arm-gcc/bin/../lib/gcc/arm-none-eabi/8.2.1/thumb/v7-m/nofp/crtbegin.o
                [!provide]                        PROVIDE (__fini_array_end = .)
                0x00000000080033c8                _sidata = LOADADDR (.data)

.data           0x0000000020000000      0x17c load address 0x00000000080033c8
                0x0000000020000000                . = ALIGN (0x4)
                0x0000000020000000                _sdata = .
 *(.data)
 *(.data*)
 .data.FS_Desc  0x0000000020000000       0x1c build/usbd_desc.o
                0x0000000020000000                FS_Desc
 .data.USBD_FS_DeviceDesc
                0x000000002000001c       0x12 build/usbd_desc.o
                0x000000002000001c                USBD_FS_DeviceDesc
 *fill*         0x000000002000002e        0x2 
 .data.USBD_LangIDDesc
                0x0000000020000030        0x4 build/usbd_desc.o
                0x0000000020000030                USBD_LangIDDesc
 .data.USBD_StringSerial
                0x0000000020000034       0x1a build/usbd_desc.o
                0x0000000020000034                USBD_StringSerial
 *fill*         0x000000002000004e        0x2 
 .data.USBD_Interface_fops_FS
                0x0000000020000050       0x10 build/usbd_cdc_if.o
                0x0000000020000050                USBD_Interface_fops_FS
 .data.uwTickFreq
                0x0000000020000060        0x1 build/stm32f1xx_hal.o
                0x0000000020000060                uwTickFreq
 *fill*         0x0000000020000061        0x3 
 .data.uwTickPrio
                0x0000000020000064        0x4 build/stm32f1xx_hal.o
                0x0000000020000064                uwTickPrio
 .data.SystemCoreClock
                0x0000000020000068        0x4 build/system_stm32f1xx.o
                0x0000000020000068                SystemCoreClock
 .data.USBD_CDC
                0x000000002000006c       0x38 build/usbd_cdc.o
                0x000000002000006c                USBD_CDC
 .data.USBD_CDC_CfgFSDesc
                0x00000000200000a4       0x43 build/usbd_cdc.o
                0x00000000200000a4                USBD_CDC_CfgFSDesc
 *fill*         0x00000000200000e7        0x1 
 .data.USBD_CDC_CfgHSDesc
                0x00000000200000e8       0x43 build/usbd_cdc.o
                0x00000000200000e8                USBD_CDC_CfgHSDesc
 *fill*         0x000000002000012b        0x1 
 .data.USBD_CDC_DeviceQualifierDesc
                0x000000002000012c        0xa build/usbd_cdc.o
 *fill*         0x0000000020000136        0x2 
 .data.USBD_CDC_OtherSpeedCfgDesc
                0x0000000020000138       0x43 build/usbd_cdc.o
                0x0000000020000138                USBD_CDC_OtherSpeedCfgDesc
                0x000000002000017c                . = ALIGN (0x4)
 *fill*         0x000000002000017b        0x1 
                0x000000002000017c                _edata = .

.tm_clone_table
                0x000000002000017c        0x0 load address 0x0000000008003544
 .tm_clone_table
                0x000000002000017c        0x0 c:/software/embededgcc/arm-gcc/bin/../lib/gcc/arm-none-eabi/8.2.1/thumb/v7-m/nofp/crtbegin.o
 .tm_clone_table
                0x000000002000017c        0x0 c:/software/embededgcc/arm-gcc/bin/../lib/gcc/arm-none-eabi/8.2.1/thumb/v7-m/nofp/crtend.o

.igot.plt       0x000000002000017c        0x0 load address 0x0000000008003544
 .igot.plt      0x000000002000017c        0x0 c:/software/embededgcc/arm-gcc/bin/../lib/gcc/arm-none-eabi/8.2.1/thumb/v7-m/nofp/crtbegin.o
                0x000000002000017c                . = ALIGN (0x4)

.bss            0x000000002000017c     0x115c load address 0x0000000008003544
                0x000000002000017c                _sbss = .
                0x000000002000017c                __bss_start__ = _sbss
 *(.bss)
 *(.bss*)
 .bss.completed.6707
                0x000000002000017c        0x1 c:/software/embededgcc/arm-gcc/bin/../lib/gcc/arm-none-eabi/8.2.1/thumb/v7-m/nofp/crtbegin.o
 *fill*         0x000000002000017d        0x3 
 .bss.object.6712
                0x0000000020000180       0x18 c:/software/embededgcc/arm-gcc/bin/../lib/gcc/arm-none-eabi/8.2.1/thumb/v7-m/nofp/crtbegin.o
 .bss.mem.7795  0x0000000020000198      0x220 build/usbd_conf.o
 .bss.cfgidx.7730
                0x00000000200003b8        0x1 build/usbd_ctlreq.o
 *(COMMON)
 *fill*         0x00000000200003b9        0x3 
 COMMON         0x00000000200003bc       0x15 build/main.o
                0x00000000200003bc                str_rx
 *fill*         0x00000000200003d1        0x3 
 COMMON         0x00000000200003d4      0x2c4 build/usb_device.o
                0x00000000200003d4                hUsbDeviceFS
 COMMON         0x0000000020000698      0x26c build/usbd_conf.o
                0x0000000020000698                hpcd_USB_FS
 COMMON         0x0000000020000904      0x200 build/usbd_desc.o
                0x0000000020000904                USBD_StrDesc
 COMMON         0x0000000020000b04      0x7d0 build/usbd_cdc_if.o
                0x0000000020000b04                UserRxBufferFS
                0x0000000020000eec                UserTxBufferFS
 COMMON         0x00000000200012d4        0x4 build/stm32f1xx_hal.o
                0x00000000200012d4                uwTick
                0x00000000200012d8                . = ALIGN (0x4)
                0x00000000200012d8                _ebss = .
                0x00000000200012d8                __bss_end__ = _ebss

._user_heap_stack
                0x00000000200012d8      0x600 load address 0x0000000008003544
                0x00000000200012d8                . = ALIGN (0x8)
                [!provide]                        PROVIDE (end = .)
                [!provide]                        PROVIDE (_end = .)
                0x00000000200014d8                . = (. + _Min_Heap_Size)
 *fill*         0x00000000200012d8      0x200 
                0x00000000200018d8                . = (. + _Min_Stack_Size)
 *fill*         0x00000000200014d8      0x400 
                0x00000000200018d8                . = ALIGN (0x8)

/DISCARD/
 libc.a(*)
 libm.a(*)
 libgcc.a(*)

.ARM.attributes
                0x0000000000000000       0x29
 *(.ARM.attributes)
 .ARM.attributes
                0x0000000000000000       0x1d c:/software/embededgcc/arm-gcc/bin/../lib/gcc/arm-none-eabi/8.2.1/thumb/v7-m/nofp/crti.o
 .ARM.attributes
                0x000000000000001d       0x2d c:/software/embededgcc/arm-gcc/bin/../lib/gcc/arm-none-eabi/8.2.1/thumb/v7-m/nofp/crtbegin.o
 .ARM.attributes
                0x000000000000004a       0x2d build/main.o
 .ARM.attributes
                0x0000000000000077       0x2d build/usb_device.o
 .ARM.attributes
                0x00000000000000a4       0x2d build/usbd_conf.o
 .ARM.attributes
                0x00000000000000d1       0x2d build/usbd_desc.o
 .ARM.attributes
                0x00000000000000fe       0x2d build/usbd_cdc_if.o
 .ARM.attributes
                0x000000000000012b       0x2d build/stm32f1xx_it.o
 .ARM.attributes
                0x0000000000000158       0x2d build/stm32f1xx_hal_msp.o
 .ARM.attributes
                0x0000000000000185       0x2d build/stm32f1xx_hal_pcd.o
 .ARM.attributes
                0x00000000000001b2       0x2d build/stm32f1xx_hal_pcd_ex.o
 .ARM.attributes
                0x00000000000001df       0x2d build/stm32f1xx_ll_usb.o
 .ARM.attributes
                0x000000000000020c       0x2d build/stm32f1xx_hal.o
 .ARM.attributes
                0x0000000000000239       0x2d build/stm32f1xx_hal_rcc.o
 .ARM.attributes
                0x0000000000000266       0x2d build/stm32f1xx_hal_rcc_ex.o
 .ARM.attributes
                0x0000000000000293       0x2d build/stm32f1xx_hal_gpio.o
 .ARM.attributes
                0x00000000000002c0       0x2d build/stm32f1xx_hal_cortex.o
 .ARM.attributes
                0x00000000000002ed       0x2d build/system_stm32f1xx.o
 .ARM.attributes
                0x000000000000031a       0x2d build/usbd_core.o
 .ARM.attributes
                0x0000000000000347       0x2d build/usbd_ctlreq.o
 .ARM.attributes
                0x0000000000000374       0x2d build/usbd_ioreq.o
 .ARM.attributes
                0x00000000000003a1       0x2d build/usbd_cdc.o
 .ARM.attributes
                0x00000000000003ce       0x21 build/startup_stm32f103xb.o
 .ARM.attributes
                0x00000000000003ef       0x2d c:/software/embededgcc/arm-gcc/bin/../lib/gcc/arm-none-eabi/8.2.1/../../../../arm-none-eabi/lib/thumb/v7-m/nofp\libc_nano.a(lib_a-init.o)
 .ARM.attributes
                0x000000000000041c       0x17 c:/software/embededgcc/arm-gcc/bin/../lib/gcc/arm-none-eabi/8.2.1/../../../../arm-none-eabi/lib/thumb/v7-m/nofp\libc_nano.a(lib_a-strlen.o)
 .ARM.attributes
                0x0000000000000433       0x2d c:/software/embededgcc/arm-gcc/bin/../lib/gcc/arm-none-eabi/8.2.1/../../../../arm-none-eabi/lib/thumb/v7-m/nofp\libc_nano.a(lib_a-strncpy.o)
 .ARM.attributes
                0x0000000000000460       0x2d c:/software/embededgcc/arm-gcc/bin/../lib/gcc/arm-none-eabi/8.2.1/thumb/v7-m/nofp/crtend.o
 .ARM.attributes
                0x000000000000048d       0x1d c:/software/embededgcc/arm-gcc/bin/../lib/gcc/arm-none-eabi/8.2.1/thumb/v7-m/nofp/crtn.o
OUTPUT(build/TestUSB1.elf elf32-littlearm)

.debug_info     0x0000000000000000    0x14e84
 .debug_info    0x0000000000000000     0x11c4 build/main.o
 .debug_info    0x00000000000011c4     0x119c build/usb_device.o
 .debug_info    0x0000000000002360     0x27c7 build/usbd_conf.o
 .debug_info    0x0000000000004b27     0x108c build/usbd_desc.o
 .debug_info    0x0000000000005bb3     0x13db build/usbd_cdc_if.o
 .debug_info    0x0000000000006f8e      0x7d3 build/stm32f1xx_it.o
 .debug_info    0x0000000000007761      0x324 build/stm32f1xx_hal_msp.o
 .debug_info    0x0000000000007a85     0x15f3 build/stm32f1xx_hal_pcd.o
 .debug_info    0x0000000000009078      0x879 build/stm32f1xx_hal_pcd_ex.o
 .debug_info    0x00000000000098f1     0x1a01 build/stm32f1xx_ll_usb.o
 .debug_info    0x000000000000b2f2      0x8c6 build/stm32f1xx_hal.o
 .debug_info    0x000000000000bbb8      0xb5f build/stm32f1xx_hal_rcc.o
 .debug_info    0x000000000000c717      0x533 build/stm32f1xx_hal_rcc_ex.o
 .debug_info    0x000000000000cc4a      0x7a8 build/stm32f1xx_hal_gpio.o
 .debug_info    0x000000000000d3f2      0xefb build/stm32f1xx_hal_cortex.o
 .debug_info    0x000000000000e2ed      0x4cf build/system_stm32f1xx.o
 .debug_info    0x000000000000e7bc     0x18d1 build/usbd_core.o
 .debug_info    0x000000000001008d     0x1bc6 build/usbd_ctlreq.o
 .debug_info    0x0000000000011c53     0x12de build/usbd_ioreq.o
 .debug_info    0x0000000000012f31     0x1f31 build/usbd_cdc.o
 .debug_info    0x0000000000014e62       0x22 build/startup_stm32f103xb.o

.debug_abbrev   0x0000000000000000     0x3326
 .debug_abbrev  0x0000000000000000      0x2d0 build/main.o
 .debug_abbrev  0x00000000000002d0      0x228 build/usb_device.o
 .debug_abbrev  0x00000000000004f8      0x393 build/usbd_conf.o
 .debug_abbrev  0x000000000000088b      0x320 build/usbd_desc.o
 .debug_abbrev  0x0000000000000bab      0x317 build/usbd_cdc_if.o
 .debug_abbrev  0x0000000000000ec2      0x182 build/stm32f1xx_it.o
 .debug_abbrev  0x0000000000001044      0x130 build/stm32f1xx_hal_msp.o
 .debug_abbrev  0x0000000000001174      0x2fd build/stm32f1xx_hal_pcd.o
 .debug_abbrev  0x0000000000001471      0x1b1 build/stm32f1xx_hal_pcd_ex.o
 .debug_abbrev  0x0000000000001622      0x28f build/stm32f1xx_ll_usb.o
 .debug_abbrev  0x00000000000018b1      0x22f build/stm32f1xx_hal.o
 .debug_abbrev  0x0000000000001ae0      0x2ad build/stm32f1xx_hal_rcc.o
 .debug_abbrev  0x0000000000001d8d      0x1fb build/stm32f1xx_hal_rcc_ex.o
 .debug_abbrev  0x0000000000001f88      0x24f build/stm32f1xx_hal_gpio.o
 .debug_abbrev  0x00000000000021d7      0x38a build/stm32f1xx_hal_cortex.o
 .debug_abbrev  0x0000000000002561      0x153 build/system_stm32f1xx.o
 .debug_abbrev  0x00000000000026b4      0x316 build/usbd_core.o
 .debug_abbrev  0x00000000000029ca      0x387 build/usbd_ctlreq.o
 .debug_abbrev  0x0000000000002d51      0x229 build/usbd_ioreq.o
 .debug_abbrev  0x0000000000002f7a      0x39a build/usbd_cdc.o
 .debug_abbrev  0x0000000000003314       0x12 build/startup_stm32f103xb.o

.debug_loc      0x0000000000000000     0x8253
 .debug_loc     0x0000000000000000       0x9e build/main.o
 .debug_loc     0x000000000000009e       0x20 build/usb_device.o
 .debug_loc     0x00000000000000be      0xeca build/usbd_conf.o
 .debug_loc     0x0000000000000f88      0x47b build/usbd_desc.o
 .debug_loc     0x0000000000001403      0x1a4 build/usbd_cdc_if.o
 .debug_loc     0x00000000000015a7       0x40 build/stm32f1xx_it.o
 .debug_loc     0x00000000000015e7       0x41 build/stm32f1xx_hal_msp.o
 .debug_loc     0x0000000000001628      0xf48 build/stm32f1xx_hal_pcd.o
 .debug_loc     0x0000000000002570      0x11a build/stm32f1xx_hal_pcd_ex.o
 .debug_loc     0x000000000000268a     0x14fc build/stm32f1xx_ll_usb.o
 .debug_loc     0x0000000000003b86      0x1c8 build/stm32f1xx_hal.o
 .debug_loc     0x0000000000003d4e      0x7e6 build/stm32f1xx_hal_rcc.o
 .debug_loc     0x0000000000004534      0x405 build/stm32f1xx_hal_rcc_ex.o
 .debug_loc     0x0000000000004939      0x50e build/stm32f1xx_hal_gpio.o
 .debug_loc     0x0000000000004e47      0x76b build/stm32f1xx_hal_cortex.o
 .debug_loc     0x00000000000055b2       0xff build/system_stm32f1xx.o
 .debug_loc     0x00000000000056b1      0x9d9 build/usbd_core.o
 .debug_loc     0x000000000000608a     0x14a3 build/usbd_ctlreq.o
 .debug_loc     0x000000000000752d      0x364 build/usbd_ioreq.o
 .debug_loc     0x0000000000007891      0x9c2 build/usbd_cdc.o

.debug_aranges  0x0000000000000000      0x9f0
 .debug_aranges
                0x0000000000000000       0x38 build/main.o
 .debug_aranges
                0x0000000000000038       0x20 build/usb_device.o
 .debug_aranges
                0x0000000000000058      0x118 build/usbd_conf.o
 .debug_aranges
                0x0000000000000170       0x60 build/usbd_desc.o
 .debug_aranges
                0x00000000000001d0       0x40 build/usbd_cdc_if.o
 .debug_aranges
                0x0000000000000210       0x68 build/stm32f1xx_it.o
 .debug_aranges
                0x0000000000000278       0x20 build/stm32f1xx_hal_msp.o
 .debug_aranges
                0x0000000000000298      0x120 build/stm32f1xx_hal_pcd.o
 .debug_aranges
                0x00000000000003b8       0x38 build/stm32f1xx_hal_pcd_ex.o
 .debug_aranges
                0x00000000000003f0      0x108 build/stm32f1xx_ll_usb.o
 .debug_aranges
                0x00000000000004f8       0xe0 build/stm32f1xx_hal.o
 .debug_aranges
                0x00000000000005d8       0x90 build/stm32f1xx_hal_rcc.o
 .debug_aranges
                0x0000000000000668       0x30 build/stm32f1xx_hal_rcc_ex.o
 .debug_aranges
                0x0000000000000698       0x58 build/stm32f1xx_hal_gpio.o
 .debug_aranges
                0x00000000000006f0       0x90 build/stm32f1xx_hal_cortex.o
 .debug_aranges
                0x0000000000000780       0x28 build/system_stm32f1xx.o
 .debug_aranges
                0x00000000000007a8       0xb8 build/usbd_core.o
 .debug_aranges
                0x0000000000000860       0x88 build/usbd_ctlreq.o
 .debug_aranges
                0x00000000000008e8       0x50 build/usbd_ioreq.o
 .debug_aranges
                0x0000000000000938       0x90 build/usbd_cdc.o
 .debug_aranges
                0x00000000000009c8       0x28 build/startup_stm32f103xb.o

.debug_ranges   0x0000000000000000      0xa78
 .debug_ranges  0x0000000000000000       0x28 build/main.o
 .debug_ranges  0x0000000000000028       0x10 build/usb_device.o
 .debug_ranges  0x0000000000000038      0x108 build/usbd_conf.o
 .debug_ranges  0x0000000000000140       0x50 build/usbd_desc.o
 .debug_ranges  0x0000000000000190       0x30 build/usbd_cdc_if.o
 .debug_ranges  0x00000000000001c0       0x58 build/stm32f1xx_it.o
 .debug_ranges  0x0000000000000218       0x10 build/stm32f1xx_hal_msp.o
 .debug_ranges  0x0000000000000228      0x140 build/stm32f1xx_hal_pcd.o
 .debug_ranges  0x0000000000000368       0x28 build/stm32f1xx_hal_pcd_ex.o
 .debug_ranges  0x0000000000000390      0x218 build/stm32f1xx_ll_usb.o
 .debug_ranges  0x00000000000005a8       0xd0 build/stm32f1xx_hal.o
 .debug_ranges  0x0000000000000678       0xa0 build/stm32f1xx_hal_rcc.o
 .debug_ranges  0x0000000000000718       0x38 build/stm32f1xx_hal_rcc_ex.o
 .debug_ranges  0x0000000000000750       0x48 build/stm32f1xx_hal_gpio.o
 .debug_ranges  0x0000000000000798       0xc8 build/stm32f1xx_hal_cortex.o
 .debug_ranges  0x0000000000000860       0x18 build/system_stm32f1xx.o
 .debug_ranges  0x0000000000000878       0xa8 build/usbd_core.o
 .debug_ranges  0x0000000000000920       0x78 build/usbd_ctlreq.o
 .debug_ranges  0x0000000000000998       0x40 build/usbd_ioreq.o
 .debug_ranges  0x00000000000009d8       0x80 build/usbd_cdc.o
 .debug_ranges  0x0000000000000a58       0x20 build/startup_stm32f103xb.o

.debug_line     0x0000000000000000     0x8241
 .debug_line    0x0000000000000000      0x431 build/main.o
 .debug_line    0x0000000000000431      0x31e build/usb_device.o
 .debug_line    0x000000000000074f      0x872 build/usbd_conf.o
 .debug_line    0x0000000000000fc1      0x460 build/usbd_desc.o
 .debug_line    0x0000000000001421      0x378 build/usbd_cdc_if.o
 .debug_line    0x0000000000001799      0x2ad build/stm32f1xx_it.o
 .debug_line    0x0000000000001a46      0x19f build/stm32f1xx_hal_msp.o
 .debug_line    0x0000000000001be5      0xef9 build/stm32f1xx_hal_pcd.o
 .debug_line    0x0000000000002ade      0x29c build/stm32f1xx_hal_pcd_ex.o
 .debug_line    0x0000000000002d7a      0xfa6 build/stm32f1xx_ll_usb.o
 .debug_line    0x0000000000003d20      0x4e0 build/stm32f1xx_hal.o
 .debug_line    0x0000000000004200      0xbad build/stm32f1xx_hal_rcc.o
 .debug_line    0x0000000000004dad      0x49a build/stm32f1xx_hal_rcc_ex.o
 .debug_line    0x0000000000005247      0x5f3 build/stm32f1xx_hal_gpio.o
 .debug_line    0x000000000000583a      0x635 build/stm32f1xx_hal_cortex.o
 .debug_line    0x0000000000005e6f      0x290 build/system_stm32f1xx.o
 .debug_line    0x00000000000060ff      0x842 build/usbd_core.o
 .debug_line    0x0000000000006941      0xc67 build/usbd_ctlreq.o
 .debug_line    0x00000000000075a8      0x3a9 build/usbd_ioreq.o
 .debug_line    0x0000000000007951      0x87e build/usbd_cdc.o
 .debug_line    0x00000000000081cf       0x72 build/startup_stm32f103xb.o

.debug_str      0x0000000000000000     0x2f0a
 .debug_str     0x0000000000000000      0x8f1 build/main.o
                                        0x976 (size before relaxing)
 .debug_str     0x00000000000008f1      0x3d9 build/usb_device.o
                                        0xac9 (size before relaxing)
 .debug_str     0x0000000000000cca      0xb80 build/usbd_conf.o
                                       0x160c (size before relaxing)
 .debug_str     0x000000000000184a      0x171 build/usbd_desc.o
                                        0x8d4 (size before relaxing)
 .debug_str     0x00000000000019bb      0x11b build/usbd_cdc_if.o
                                        0xba8 (size before relaxing)
 .debug_str     0x0000000000001ad6       0xdd build/stm32f1xx_it.o
                                        0x66b (size before relaxing)
 .debug_str     0x0000000000001bb3       0x48 build/stm32f1xx_hal_msp.o
                                        0x2d4 (size before relaxing)
 .debug_str     0x0000000000001bfb      0x27c build/stm32f1xx_hal_pcd.o
                                        0xac1 (size before relaxing)
 .debug_str     0x0000000000001e77      0x159 build/stm32f1xx_hal_pcd_ex.o
                                        0x757 (size before relaxing)
 .debug_str     0x0000000000001fd0      0x19f build/stm32f1xx_ll_usb.o
                                        0x7c1 (size before relaxing)
 .debug_str     0x000000000000216f      0x268 build/stm32f1xx_hal.o
                                        0x847 (size before relaxing)
 .debug_str     0x00000000000023d7      0x1e2 build/stm32f1xx_hal_rcc.o
                                        0x69c (size before relaxing)
 .debug_str     0x00000000000025b9       0x9c build/stm32f1xx_hal_rcc_ex.o
                                        0x47b (size before relaxing)
 .debug_str     0x0000000000002655      0x122 build/stm32f1xx_hal_gpio.o
                                        0x4ba (size before relaxing)
 .debug_str     0x0000000000002777      0x315 build/stm32f1xx_hal_cortex.o
                                        0x969 (size before relaxing)
 .debug_str     0x0000000000002a8c       0x4a build/system_stm32f1xx.o
                                        0x329 (size before relaxing)
 .debug_str     0x0000000000002ad6      0x13e build/usbd_core.o
                                        0xcbf (size before relaxing)
 .debug_str     0x0000000000002c14       0xe2 build/usbd_ctlreq.o
                                        0xbd9 (size before relaxing)
 .debug_str     0x0000000000002cf6       0x60 build/usbd_ioreq.o
                                        0xb06 (size before relaxing)
 .debug_str     0x0000000000002d56      0x18f build/usbd_cdc.o
                                       0x107b (size before relaxing)
 .debug_str     0x0000000000002ee5       0x25 build/startup_stm32f103xb.o
                                         0x39 (size before relaxing)

.comment        0x0000000000000000       0x68
 .comment       0x0000000000000000       0x68 build/main.o
                                         0x69 (size before relaxing)
 .comment       0x0000000000000068       0x69 build/usb_device.o
 .comment       0x0000000000000068       0x69 build/usbd_conf.o
 .comment       0x0000000000000068       0x69 build/usbd_desc.o
 .comment       0x0000000000000068       0x69 build/usbd_cdc_if.o
 .comment       0x0000000000000068       0x69 build/stm32f1xx_it.o
 .comment       0x0000000000000068       0x69 build/stm32f1xx_hal_msp.o
 .comment       0x0000000000000068       0x69 build/stm32f1xx_hal_pcd.o
 .comment       0x0000000000000068       0x69 build/stm32f1xx_hal_pcd_ex.o
 .comment       0x0000000000000068       0x69 build/stm32f1xx_ll_usb.o
 .comment       0x0000000000000068       0x69 build/stm32f1xx_hal.o
 .comment       0x0000000000000068       0x69 build/stm32f1xx_hal_rcc.o
 .comment       0x0000000000000068       0x69 build/stm32f1xx_hal_rcc_ex.o
 .comment       0x0000000000000068       0x69 build/stm32f1xx_hal_gpio.o
 .comment       0x0000000000000068       0x69 build/stm32f1xx_hal_cortex.o
 .comment       0x0000000000000068       0x69 build/system_stm32f1xx.o
 .comment       0x0000000000000068       0x69 build/usbd_core.o
 .comment       0x0000000000000068       0x69 build/usbd_ctlreq.o
 .comment       0x0000000000000068       0x69 build/usbd_ioreq.o
 .comment       0x0000000000000068       0x69 build/usbd_cdc.o

.debug_frame    0x0000000000000000     0x1970
 .debug_frame   0x0000000000000000       0x94 build/main.o
 .debug_frame   0x0000000000000094       0x2c build/usb_device.o
 .debug_frame   0x00000000000000c0      0x354 build/usbd_conf.o
 .debug_frame   0x0000000000000414       0xfc build/usbd_desc.o
 .debug_frame   0x0000000000000510       0x88 build/usbd_cdc_if.o
 .debug_frame   0x0000000000000598       0xc8 build/stm32f1xx_it.o
 .debug_frame   0x0000000000000660       0x28 build/stm32f1xx_hal_msp.o
 .debug_frame   0x0000000000000688      0x350 build/stm32f1xx_hal_pcd.o
 .debug_frame   0x00000000000009d8       0x50 build/stm32f1xx_hal_pcd_ex.o
 .debug_frame   0x0000000000000a28      0x270 build/stm32f1xx_ll_usb.o
 .debug_frame   0x0000000000000c98      0x1e0 build/stm32f1xx_hal.o
 .debug_frame   0x0000000000000e78      0x1cc build/stm32f1xx_hal_rcc.o
 .debug_frame   0x0000000000001044       0x74 build/stm32f1xx_hal_rcc_ex.o
 .debug_frame   0x00000000000010b8      0x104 build/stm32f1xx_hal_gpio.o
 .debug_frame   0x00000000000011bc      0x13c build/stm32f1xx_hal_cortex.o
 .debug_frame   0x00000000000012f8       0x30 build/system_stm32f1xx.o
 .debug_frame   0x0000000000001328      0x1f0 build/usbd_core.o
 .debug_frame   0x0000000000001518      0x1ac build/usbd_ctlreq.o
 .debug_frame   0x00000000000016c4       0xd4 build/usbd_ioreq.o
 .debug_frame   0x0000000000001798      0x184 build/usbd_cdc.o
 .debug_frame   0x000000000000191c       0x2c c:/software/embededgcc/arm-gcc/bin/../lib/gcc/arm-none-eabi/8.2.1/../../../../arm-none-eabi/lib/thumb/v7-m/nofp\libc_nano.a(lib_a-init.o)
 .debug_frame   0x0000000000001948       0x28 c:/software/embededgcc/arm-gcc/bin/../lib/gcc/arm-none-eabi/8.2.1/../../../../arm-none-eabi/lib/thumb/v7-m/nofp\libc_nano.a(lib_a-strncpy.o)

Cross Reference Table

Symbol                                            File
ADC1_2_IRQHandler                                 build/startup_stm32f103xb.o
AHBPrescTable                                     build/system_stm32f1xx.o
                                                  build/stm32f1xx_hal_rcc.o
APBPrescTable                                     build/system_stm32f1xx.o
                                                  build/stm32f1xx_hal_rcc.o
BusFault_Handler                                  build/stm32f1xx_it.o
CAN1_RX1_IRQHandler                               build/startup_stm32f103xb.o
CAN1_SCE_IRQHandler                               build/startup_stm32f103xb.o
CDC_Transmit_FS                                   build/usbd_cdc_if.o
                                                  build/main.o
DMA1_Channel1_IRQHandler                          build/startup_stm32f103xb.o
DMA1_Channel2_IRQHandler                          build/startup_stm32f103xb.o
DMA1_Channel3_IRQHandler                          build/startup_stm32f103xb.o
DMA1_Channel4_IRQHandler                          build/startup_stm32f103xb.o
DMA1_Channel5_IRQHandler                          build/startup_stm32f103xb.o
DMA1_Channel6_IRQHandler                          build/startup_stm32f103xb.o
DMA1_Channel7_IRQHandler                          build/startup_stm32f103xb.o
DebugMon_Handler                                  build/stm32f1xx_it.o
Default_Handler                                   build/startup_stm32f103xb.o
EXTI0_IRQHandler                                  build/startup_stm32f103xb.o
EXTI15_10_IRQHandler                              build/startup_stm32f103xb.o
EXTI1_IRQHandler                                  build/startup_stm32f103xb.o
EXTI2_IRQHandler                                  build/startup_stm32f103xb.o
EXTI3_IRQHandler                                  build/startup_stm32f103xb.o
EXTI4_IRQHandler                                  build/startup_stm32f103xb.o
EXTI9_5_IRQHandler                                build/startup_stm32f103xb.o
Error_Handler                                     build/main.o
                                                  build/usbd_conf.o
                                                  build/usb_device.o
FLASH_IRQHandler                                  build/startup_stm32f103xb.o
FLASH_PageErase                                   build/stm32f1xx_hal_flash_ex.o
                                                  build/stm32f1xx_hal_flash.o
FLASH_WaitForLastOperation                        build/stm32f1xx_hal_flash.o
                                                  build/stm32f1xx_hal_flash_ex.o
FS_Desc                                           build/usbd_desc.o
                                                  build/usb_device.o
HAL_DBGMCU_DisableDBGSleepMode                    build/stm32f1xx_hal.o
HAL_DBGMCU_DisableDBGStandbyMode                  build/stm32f1xx_hal.o
HAL_DBGMCU_DisableDBGStopMode                     build/stm32f1xx_hal.o
HAL_DBGMCU_EnableDBGSleepMode                     build/stm32f1xx_hal.o
HAL_DBGMCU_EnableDBGStandbyMode                   build/stm32f1xx_hal.o
HAL_DBGMCU_EnableDBGStopMode                      build/stm32f1xx_hal.o
HAL_DMA_Abort                                     build/stm32f1xx_hal_dma.o
HAL_DMA_Abort_IT                                  build/stm32f1xx_hal_dma.o
HAL_DMA_DeInit                                    build/stm32f1xx_hal_dma.o
HAL_DMA_GetError                                  build/stm32f1xx_hal_dma.o
HAL_DMA_GetState                                  build/stm32f1xx_hal_dma.o
HAL_DMA_IRQHandler                                build/stm32f1xx_hal_dma.o
HAL_DMA_Init                                      build/stm32f1xx_hal_dma.o
HAL_DMA_PollForTransfer                           build/stm32f1xx_hal_dma.o
HAL_DMA_RegisterCallback                          build/stm32f1xx_hal_dma.o
HAL_DMA_Start                                     build/stm32f1xx_hal_dma.o
HAL_DMA_Start_IT                                  build/stm32f1xx_hal_dma.o
HAL_DMA_UnRegisterCallback                        build/stm32f1xx_hal_dma.o
HAL_DeInit                                        build/stm32f1xx_hal.o
HAL_Delay                                         build/stm32f1xx_hal.o
                                                  build/usbd_conf.o
                                                  build/main.o
HAL_EXTI_ClearConfigLine                          build/stm32f1xx_hal_exti.o
HAL_EXTI_ClearPending                             build/stm32f1xx_hal_exti.o
HAL_EXTI_GenerateSWI                              build/stm32f1xx_hal_exti.o
HAL_EXTI_GetConfigLine                            build/stm32f1xx_hal_exti.o
HAL_EXTI_GetHandle                                build/stm32f1xx_hal_exti.o
HAL_EXTI_GetPending                               build/stm32f1xx_hal_exti.o
HAL_EXTI_IRQHandler                               build/stm32f1xx_hal_exti.o
HAL_EXTI_RegisterCallback                         build/stm32f1xx_hal_exti.o
HAL_EXTI_SetConfigLine                            build/stm32f1xx_hal_exti.o
HAL_FLASHEx_Erase                                 build/stm32f1xx_hal_flash_ex.o
HAL_FLASHEx_Erase_IT                              build/stm32f1xx_hal_flash_ex.o
HAL_FLASHEx_OBErase                               build/stm32f1xx_hal_flash_ex.o
HAL_FLASHEx_OBGetConfig                           build/stm32f1xx_hal_flash_ex.o
HAL_FLASHEx_OBGetUserData                         build/stm32f1xx_hal_flash_ex.o
HAL_FLASHEx_OBProgram                             build/stm32f1xx_hal_flash_ex.o
HAL_FLASH_EndOfOperationCallback                  build/stm32f1xx_hal_flash.o
HAL_FLASH_GetError                                build/stm32f1xx_hal_flash.o
HAL_FLASH_IRQHandler                              build/stm32f1xx_hal_flash.o
HAL_FLASH_Lock                                    build/stm32f1xx_hal_flash.o
HAL_FLASH_OB_Launch                               build/stm32f1xx_hal_flash.o
HAL_FLASH_OB_Lock                                 build/stm32f1xx_hal_flash.o
HAL_FLASH_OB_Unlock                               build/stm32f1xx_hal_flash.o
HAL_FLASH_OperationErrorCallback                  build/stm32f1xx_hal_flash.o
HAL_FLASH_Program                                 build/stm32f1xx_hal_flash.o
HAL_FLASH_Program_IT                              build/stm32f1xx_hal_flash.o
HAL_FLASH_Unlock                                  build/stm32f1xx_hal_flash.o
HAL_GPIOEx_ConfigEventout                         build/stm32f1xx_hal_gpio_ex.o
HAL_GPIOEx_DisableEventout                        build/stm32f1xx_hal_gpio_ex.o
HAL_GPIOEx_EnableEventout                         build/stm32f1xx_hal_gpio_ex.o
HAL_GPIO_DeInit                                   build/stm32f1xx_hal_gpio.o
HAL_GPIO_EXTI_Callback                            build/stm32f1xx_hal_gpio.o
HAL_GPIO_EXTI_IRQHandler                          build/stm32f1xx_hal_gpio.o
HAL_GPIO_Init                                     build/stm32f1xx_hal_gpio.o
                                                  build/stm32f1xx_hal_rcc.o
                                                  build/main.o
HAL_GPIO_LockPin                                  build/stm32f1xx_hal_gpio.o
HAL_GPIO_ReadPin                                  build/stm32f1xx_hal_gpio.o
HAL_GPIO_TogglePin                                build/stm32f1xx_hal_gpio.o
HAL_GPIO_WritePin                                 build/stm32f1xx_hal_gpio.o
                                                  build/main.o
HAL_GetDEVID                                      build/stm32f1xx_hal.o
HAL_GetHalVersion                                 build/stm32f1xx_hal.o
HAL_GetREVID                                      build/stm32f1xx_hal.o
HAL_GetTick                                       build/stm32f1xx_hal.o
                                                  build/stm32f1xx_hal_flash.o
                                                  build/stm32f1xx_hal_dma.o
                                                  build/stm32f1xx_hal_rcc_ex.o
                                                  build/stm32f1xx_hal_rcc.o
HAL_GetTickFreq                                   build/stm32f1xx_hal.o
HAL_GetTickPrio                                   build/stm32f1xx_hal.o
HAL_GetUIDw0                                      build/stm32f1xx_hal.o
HAL_GetUIDw1                                      build/stm32f1xx_hal.o
HAL_GetUIDw2                                      build/stm32f1xx_hal.o
HAL_IncTick                                       build/stm32f1xx_hal.o
                                                  build/stm32f1xx_it.o
HAL_Init                                          build/stm32f1xx_hal.o
                                                  build/main.o
HAL_InitTick                                      build/stm32f1xx_hal.o
                                                  build/stm32f1xx_hal_rcc.o
HAL_MspDeInit                                     build/stm32f1xx_hal.o
HAL_MspInit                                       build/stm32f1xx_hal_msp.o
HAL_NVIC_ClearPendingIRQ                          build/stm32f1xx_hal_cortex.o
HAL_NVIC_DisableIRQ                               build/stm32f1xx_hal_cortex.o
                                                  build/usbd_conf.o
HAL_NVIC_EnableIRQ                                build/stm32f1xx_hal_cortex.o
                                                  build/usbd_conf.o
HAL_NVIC_GetActive                                build/stm32f1xx_hal_cortex.o
HAL_NVIC_GetPendingIRQ                            build/stm32f1xx_hal_cortex.o
HAL_NVIC_GetPriority                              build/stm32f1xx_hal_cortex.o
HAL_NVIC_GetPriorityGrouping                      build/stm32f1xx_hal_cortex.o
HAL_NVIC_SetPendingIRQ                            build/stm32f1xx_hal_cortex.o
HAL_NVIC_SetPriority                              build/stm32f1xx_hal_cortex.o
                                                  build/stm32f1xx_hal.o
                                                  build/usbd_conf.o
HAL_NVIC_SetPriorityGrouping                      build/stm32f1xx_hal_cortex.o
                                                  build/stm32f1xx_hal.o
HAL_NVIC_SystemReset                              build/stm32f1xx_hal_cortex.o
                                                  build/stm32f1xx_hal_flash.o
HAL_PCDEx_BCD_Callback                            build/stm32f1xx_hal_pcd_ex.o
HAL_PCDEx_LPM_Callback                            build/stm32f1xx_hal_pcd_ex.o
HAL_PCDEx_PMAConfig                               build/stm32f1xx_hal_pcd_ex.o
                                                  build/usbd_conf.o
HAL_PCDEx_SetConnectionState                      build/usbd_conf.o
                                                  build/stm32f1xx_hal_pcd.o
HAL_PCD_ActivateRemoteWakeup                      build/stm32f1xx_hal_pcd.o
HAL_PCD_ConnectCallback                           build/usbd_conf.o
HAL_PCD_DataInStageCallback                       build/usbd_conf.o
HAL_PCD_DataOutStageCallback                      build/usbd_conf.o
HAL_PCD_DeActivateRemoteWakeup                    build/stm32f1xx_hal_pcd.o
HAL_PCD_DeInit                                    build/stm32f1xx_hal_pcd.o
                                                  build/usbd_conf.o
HAL_PCD_DevConnect                                build/stm32f1xx_hal_pcd.o
HAL_PCD_DevDisconnect                             build/stm32f1xx_hal_pcd.o
HAL_PCD_DisconnectCallback                        build/usbd_conf.o
HAL_PCD_EP_Close                                  build/stm32f1xx_hal_pcd.o
                                                  build/usbd_conf.o
HAL_PCD_EP_ClrStall                               build/stm32f1xx_hal_pcd.o
                                                  build/usbd_conf.o
HAL_PCD_EP_Flush                                  build/stm32f1xx_hal_pcd.o
                                                  build/usbd_conf.o
HAL_PCD_EP_GetRxCount                             build/stm32f1xx_hal_pcd.o
                                                  build/usbd_conf.o
HAL_PCD_EP_Open                                   build/stm32f1xx_hal_pcd.o
                                                  build/usbd_conf.o
HAL_PCD_EP_Receive                                build/stm32f1xx_hal_pcd.o
                                                  build/usbd_conf.o
HAL_PCD_EP_SetStall                               build/stm32f1xx_hal_pcd.o
                                                  build/usbd_conf.o
HAL_PCD_EP_Transmit                               build/stm32f1xx_hal_pcd.o
                                                  build/usbd_conf.o
HAL_PCD_GetState                                  build/stm32f1xx_hal_pcd.o
HAL_PCD_IRQHandler                                build/stm32f1xx_hal_pcd.o
                                                  build/stm32f1xx_it.o
HAL_PCD_ISOINIncompleteCallback                   build/usbd_conf.o
HAL_PCD_ISOOUTIncompleteCallback                  build/usbd_conf.o
HAL_PCD_Init                                      build/stm32f1xx_hal_pcd.o
                                                  build/usbd_conf.o
HAL_PCD_MspDeInit                                 build/usbd_conf.o
HAL_PCD_MspInit                                   build/usbd_conf.o
HAL_PCD_ResetCallback                             build/usbd_conf.o
HAL_PCD_ResumeCallback                            build/usbd_conf.o
HAL_PCD_SOFCallback                               build/usbd_conf.o
HAL_PCD_SetAddress                                build/stm32f1xx_hal_pcd.o
                                                  build/usbd_conf.o
HAL_PCD_SetupStageCallback                        build/usbd_conf.o
HAL_PCD_Start                                     build/stm32f1xx_hal_pcd.o
                                                  build/usbd_conf.o
HAL_PCD_Stop                                      build/stm32f1xx_hal_pcd.o
                                                  build/usbd_conf.o
HAL_PCD_SuspendCallback                           build/usbd_conf.o
HAL_PWR_ConfigPVD                                 build/stm32f1xx_hal_pwr.o
HAL_PWR_DeInit                                    build/stm32f1xx_hal_pwr.o
HAL_PWR_DisableBkUpAccess                         build/stm32f1xx_hal_pwr.o
HAL_PWR_DisablePVD                                build/stm32f1xx_hal_pwr.o
HAL_PWR_DisableSEVOnPend                          build/stm32f1xx_hal_pwr.o
HAL_PWR_DisableSleepOnExit                        build/stm32f1xx_hal_pwr.o
HAL_PWR_DisableWakeUpPin                          build/stm32f1xx_hal_pwr.o
HAL_PWR_EnableBkUpAccess                          build/stm32f1xx_hal_pwr.o
HAL_PWR_EnablePVD                                 build/stm32f1xx_hal_pwr.o
HAL_PWR_EnableSEVOnPend                           build/stm32f1xx_hal_pwr.o
HAL_PWR_EnableSleepOnExit                         build/stm32f1xx_hal_pwr.o
HAL_PWR_EnableWakeUpPin                           build/stm32f1xx_hal_pwr.o
HAL_PWR_EnterSLEEPMode                            build/stm32f1xx_hal_pwr.o
HAL_PWR_EnterSTANDBYMode                          build/stm32f1xx_hal_pwr.o
HAL_PWR_EnterSTOPMode                             build/stm32f1xx_hal_pwr.o
HAL_PWR_PVDCallback                               build/stm32f1xx_hal_pwr.o
HAL_PWR_PVD_IRQHandler                            build/stm32f1xx_hal_pwr.o
HAL_RCCEx_GetPeriphCLKConfig                      build/stm32f1xx_hal_rcc_ex.o
HAL_RCCEx_GetPeriphCLKFreq                        build/stm32f1xx_hal_rcc_ex.o
HAL_RCCEx_PeriphCLKConfig                         build/stm32f1xx_hal_rcc_ex.o
                                                  build/main.o
HAL_RCC_CSSCallback                               build/stm32f1xx_hal_rcc.o
HAL_RCC_ClockConfig                               build/stm32f1xx_hal_rcc.o
                                                  build/main.o
HAL_RCC_DeInit                                    build/stm32f1xx_hal_rcc.o
HAL_RCC_DisableCSS                                build/stm32f1xx_hal_rcc.o
HAL_RCC_EnableCSS                                 build/stm32f1xx_hal_rcc.o
HAL_RCC_GetClockConfig                            build/stm32f1xx_hal_rcc.o
HAL_RCC_GetHCLKFreq                               build/stm32f1xx_hal_rcc.o
HAL_RCC_GetOscConfig                              build/stm32f1xx_hal_rcc.o
HAL_RCC_GetPCLK1Freq                              build/stm32f1xx_hal_rcc.o
HAL_RCC_GetPCLK2Freq                              build/stm32f1xx_hal_rcc.o
                                                  build/stm32f1xx_hal_rcc_ex.o
HAL_RCC_GetSysClockFreq                           build/stm32f1xx_hal_rcc.o
HAL_RCC_MCOConfig                                 build/stm32f1xx_hal_rcc.o
HAL_RCC_NMI_IRQHandler                            build/stm32f1xx_hal_rcc.o
HAL_RCC_OscConfig                                 build/stm32f1xx_hal_rcc.o
                                                  build/main.o
HAL_ResumeTick                                    build/stm32f1xx_hal.o
HAL_SYSTICK_CLKSourceConfig                       build/stm32f1xx_hal_cortex.o
HAL_SYSTICK_Callback                              build/stm32f1xx_hal_cortex.o
HAL_SYSTICK_Config                                build/stm32f1xx_hal_cortex.o
                                                  build/stm32f1xx_hal.o
HAL_SYSTICK_IRQHandler                            build/stm32f1xx_hal_cortex.o
HAL_SetTickFreq                                   build/stm32f1xx_hal.o
HAL_SuspendTick                                   build/stm32f1xx_hal.o
HardFault_Handler                                 build/stm32f1xx_it.o
I2C1_ER_IRQHandler                                build/startup_stm32f103xb.o
I2C1_EV_IRQHandler                                build/startup_stm32f103xb.o
I2C2_ER_IRQHandler                                build/startup_stm32f103xb.o
I2C2_EV_IRQHandler                                build/startup_stm32f103xb.o
MX_USB_DEVICE_Init                                build/usb_device.o
                                                  build/main.o
MemManage_Handler                                 build/stm32f1xx_it.o
NMI_Handler                                       build/stm32f1xx_it.o
PVD_IRQHandler                                    build/startup_stm32f103xb.o
PendSV_Handler                                    build/stm32f1xx_it.o
RCC_IRQHandler                                    build/startup_stm32f103xb.o
RTC_Alarm_IRQHandler                              build/startup_stm32f103xb.o
RTC_IRQHandler                                    build/startup_stm32f103xb.o
Reset_Handler                                     build/startup_stm32f103xb.o
SPI1_IRQHandler                                   build/startup_stm32f103xb.o
SPI2_IRQHandler                                   build/startup_stm32f103xb.o
SVC_Handler                                       build/stm32f1xx_it.o
SysTick_Handler                                   build/stm32f1xx_it.o
SystemClock_Config                                build/main.o
SystemCoreClock                                   build/system_stm32f1xx.o
                                                  build/stm32f1xx_hal_rcc.o
                                                  build/stm32f1xx_hal.o
SystemCoreClockUpdate                             build/system_stm32f1xx.o
SystemInit                                        build/system_stm32f1xx.o
                                                  build/startup_stm32f103xb.o
TAMPER_IRQHandler                                 build/startup_stm32f103xb.o
TIM1_BRK_IRQHandler                               build/startup_stm32f103xb.o
TIM1_CC_IRQHandler                                build/startup_stm32f103xb.o
TIM1_TRG_COM_IRQHandler                           build/startup_stm32f103xb.o
TIM1_UP_IRQHandler                                build/startup_stm32f103xb.o
TIM2_IRQHandler                                   build/startup_stm32f103xb.o
TIM3_IRQHandler                                   build/startup_stm32f103xb.o
TIM4_IRQHandler                                   build/startup_stm32f103xb.o
USART1_IRQHandler                                 build/startup_stm32f103xb.o
USART2_IRQHandler                                 build/startup_stm32f103xb.o
USART3_IRQHandler                                 build/startup_stm32f103xb.o
USBD_CDC                                          build/usbd_cdc.o
                                                  build/usb_device.o
USBD_CDC_CfgFSDesc                                build/usbd_cdc.o
USBD_CDC_CfgHSDesc                                build/usbd_cdc.o
USBD_CDC_GetDeviceQualifierDescriptor             build/usbd_cdc.o
USBD_CDC_OtherSpeedCfgDesc                        build/usbd_cdc.o
USBD_CDC_ReceivePacket                            build/usbd_cdc.o
                                                  build/usbd_cdc_if.o
USBD_CDC_RegisterInterface                        build/usbd_cdc.o
                                                  build/usb_device.o
USBD_CDC_SetRxBuffer                              build/usbd_cdc.o
                                                  build/usbd_cdc_if.o
USBD_CDC_SetTxBuffer                              build/usbd_cdc.o
                                                  build/usbd_cdc_if.o
USBD_CDC_TransmitPacket                           build/usbd_cdc.o
                                                  build/usbd_cdc_if.o
USBD_ClrClassConfig                               build/usbd_core.o
                                                  build/usbd_ctlreq.o
USBD_CtlContinueRx                                build/usbd_ioreq.o
                                                  build/usbd_core.o
USBD_CtlContinueSendData                          build/usbd_ioreq.o
                                                  build/usbd_core.o
USBD_CtlError                                     build/usbd_ctlreq.o
                                                  build/usbd_cdc.o
USBD_CtlPrepareRx                                 build/usbd_ioreq.o
                                                  build/usbd_cdc.o
USBD_CtlReceiveStatus                             build/usbd_ioreq.o
                                                  build/usbd_core.o
USBD_CtlSendData                                  build/usbd_ioreq.o
                                                  build/usbd_cdc.o
                                                  build/usbd_ctlreq.o
USBD_CtlSendStatus                                build/usbd_ioreq.o
                                                  build/usbd_ctlreq.o
                                                  build/usbd_core.o
USBD_DeInit                                       build/usbd_core.o
USBD_FS_ConfigStrDescriptor                       build/usbd_desc.o
USBD_FS_DeviceDesc                                build/usbd_desc.o
USBD_FS_DeviceDescriptor                          build/usbd_desc.o
USBD_FS_InterfaceStrDescriptor                    build/usbd_desc.o
USBD_FS_LangIDStrDescriptor                       build/usbd_desc.o
USBD_FS_ManufacturerStrDescriptor                 build/usbd_desc.o
USBD_FS_ProductStrDescriptor                      build/usbd_desc.o
USBD_FS_SerialStrDescriptor                       build/usbd_desc.o
USBD_GetRxCount                                   build/usbd_ioreq.o
USBD_GetString                                    build/usbd_ctlreq.o
                                                  build/usbd_desc.o
USBD_Init                                         build/usbd_core.o
                                                  build/usb_device.o
USBD_Interface_fops_FS                            build/usbd_cdc_if.o
                                                  build/usb_device.o
USBD_LL_ClearStallEP                              build/usbd_conf.o
                                                  build/usbd_ctlreq.o
USBD_LL_CloseEP                                   build/usbd_conf.o
                                                  build/usbd_cdc.o
USBD_LL_DataInStage                               build/usbd_core.o
                                                  build/usbd_conf.o
USBD_LL_DataOutStage                              build/usbd_core.o
                                                  build/usbd_conf.o
USBD_LL_DeInit                                    build/usbd_conf.o
                                                  build/usbd_core.o
USBD_LL_Delay                                     build/usbd_conf.o
USBD_LL_DevConnected                              build/usbd_core.o
                                                  build/usbd_conf.o
USBD_LL_DevDisconnected                           build/usbd_core.o
                                                  build/usbd_conf.o
USBD_LL_FlushEP                                   build/usbd_conf.o
USBD_LL_GetRxDataSize                             build/usbd_conf.o
                                                  build/usbd_cdc.o
                                                  build/usbd_ioreq.o
USBD_LL_Init                                      build/usbd_conf.o
                                                  build/usbd_core.o
USBD_LL_IsStallEP                                 build/usbd_conf.o
                                                  build/usbd_ctlreq.o
USBD_LL_IsoINIncomplete                           build/usbd_core.o
                                                  build/usbd_conf.o
USBD_LL_IsoOUTIncomplete                          build/usbd_core.o
                                                  build/usbd_conf.o
USBD_LL_OpenEP                                    build/usbd_conf.o
                                                  build/usbd_cdc.o
                                                  build/usbd_core.o
USBD_LL_PrepareReceive                            build/usbd_conf.o
                                                  build/usbd_cdc.o
                                                  build/usbd_ioreq.o
                                                  build/usbd_core.o
USBD_LL_Reset                                     build/usbd_core.o
                                                  build/usbd_conf.o
USBD_LL_Resume                                    build/usbd_core.o
                                                  build/usbd_conf.o
USBD_LL_SOF                                       build/usbd_core.o
                                                  build/usbd_conf.o
USBD_LL_SetSpeed                                  build/usbd_core.o
                                                  build/usbd_conf.o
USBD_LL_SetUSBAddress                             build/usbd_conf.o
                                                  build/usbd_ctlreq.o
USBD_LL_SetupStage                                build/usbd_core.o
                                                  build/usbd_conf.o
USBD_LL_StallEP                                   build/usbd_conf.o
                                                  build/usbd_ctlreq.o
                                                  build/usbd_core.o
USBD_LL_Start                                     build/usbd_conf.o
                                                  build/usbd_core.o
USBD_LL_Stop                                      build/usbd_conf.o
                                                  build/usbd_core.o
USBD_LL_Suspend                                   build/usbd_core.o
                                                  build/usbd_conf.o
USBD_LL_Transmit                                  build/usbd_conf.o
                                                  build/usbd_cdc.o
                                                  build/usbd_ioreq.o
USBD_LangIDDesc                                   build/usbd_desc.o
USBD_ParseSetupRequest                            build/usbd_ctlreq.o
                                                  build/usbd_core.o
USBD_RegisterClass                                build/usbd_core.o
                                                  build/usb_device.o
USBD_RunTestMode                                  build/usbd_core.o
USBD_SetClassConfig                               build/usbd_core.o
                                                  build/usbd_ctlreq.o
USBD_Start                                        build/usbd_core.o
                                                  build/usb_device.o
USBD_StdDevReq                                    build/usbd_ctlreq.o
                                                  build/usbd_core.o
USBD_StdEPReq                                     build/usbd_ctlreq.o
                                                  build/usbd_core.o
USBD_StdItfReq                                    build/usbd_ctlreq.o
                                                  build/usbd_core.o
USBD_Stop                                         build/usbd_core.o
USBD_StrDesc                                      build/usbd_desc.o
USBD_StringSerial                                 build/usbd_desc.o
USBD_static_free                                  build/usbd_conf.o
                                                  build/usbd_cdc.o
USBD_static_malloc                                build/usbd_conf.o
                                                  build/usbd_cdc.o
USBWakeUp_IRQHandler                              build/startup_stm32f103xb.o
USB_ActivateEndpoint                              build/stm32f1xx_ll_usb.o
                                                  build/stm32f1xx_hal_pcd.o
USB_ActivateRemoteWakeup                          build/stm32f1xx_ll_usb.o
                                                  build/stm32f1xx_hal_pcd.o
USB_ClearInterrupts                               build/stm32f1xx_ll_usb.o
USB_CoreInit                                      build/stm32f1xx_ll_usb.o
                                                  build/stm32f1xx_hal_pcd.o
USB_DeActivateRemoteWakeup                        build/stm32f1xx_ll_usb.o
                                                  build/stm32f1xx_hal_pcd.o
USB_DeactivateEndpoint                            build/stm32f1xx_ll_usb.o
                                                  build/stm32f1xx_hal_pcd.o
USB_DevConnect                                    build/stm32f1xx_ll_usb.o
                                                  build/stm32f1xx_hal_pcd.o
USB_DevDisconnect                                 build/stm32f1xx_ll_usb.o
                                                  build/stm32f1xx_hal_pcd.o
USB_DevInit                                       build/stm32f1xx_ll_usb.o
                                                  build/stm32f1xx_hal_pcd.o
USB_DisableGlobalInt                              build/stm32f1xx_ll_usb.o
                                                  build/stm32f1xx_hal_pcd.o
USB_EP0_OutStart                                  build/stm32f1xx_ll_usb.o
                                                  build/stm32f1xx_hal_pcd.o
USB_EPClearStall                                  build/stm32f1xx_ll_usb.o
                                                  build/stm32f1xx_hal_pcd.o
USB_EPSetStall                                    build/stm32f1xx_ll_usb.o
                                                  build/stm32f1xx_hal_pcd.o
USB_EPStartXfer                                   build/stm32f1xx_ll_usb.o
                                                  build/stm32f1xx_hal_pcd.o
USB_EnableGlobalInt                               build/stm32f1xx_ll_usb.o
                                                  build/stm32f1xx_hal_pcd.o
USB_FlushRxFifo                                   build/stm32f1xx_ll_usb.o
                                                  build/stm32f1xx_hal_pcd.o
USB_FlushTxFifo                                   build/stm32f1xx_ll_usb.o
                                                  build/stm32f1xx_hal_pcd.o
USB_HP_CAN1_TX_IRQHandler                         build/startup_stm32f103xb.o
USB_LP_CAN1_RX0_IRQHandler                        build/stm32f1xx_it.o
USB_ReadDevAllInEpInterrupt                       build/stm32f1xx_ll_usb.o
USB_ReadDevAllOutEpInterrupt                      build/stm32f1xx_ll_usb.o
USB_ReadDevInEPInterrupt                          build/stm32f1xx_ll_usb.o
USB_ReadDevOutEPInterrupt                         build/stm32f1xx_ll_usb.o
USB_ReadInterrupts                                build/stm32f1xx_ll_usb.o
                                                  build/stm32f1xx_hal_pcd.o
USB_ReadPMA                                       build/stm32f1xx_ll_usb.o
                                                  build/stm32f1xx_hal_pcd.o
USB_ReadPacket                                    build/stm32f1xx_ll_usb.o
USB_SetCurrentMode                                build/stm32f1xx_ll_usb.o
                                                  build/stm32f1xx_hal_pcd.o
USB_SetDevAddress                                 build/stm32f1xx_ll_usb.o
                                                  build/stm32f1xx_hal_pcd.o
USB_SetDevSpeed                                   build/stm32f1xx_ll_usb.o
USB_StopDevice                                    build/stm32f1xx_ll_usb.o
                                                  build/stm32f1xx_hal_pcd.o
USB_WritePMA                                      build/stm32f1xx_ll_usb.o
USB_WritePacket                                   build/stm32f1xx_ll_usb.o
UsageFault_Handler                                build/stm32f1xx_it.o
UserRxBufferFS                                    build/usbd_cdc_if.o
UserTxBufferFS                                    build/usbd_cdc_if.o
WWDG_IRQHandler                                   build/startup_stm32f103xb.o
_ITM_deregisterTMCloneTable                       c:/software/embededgcc/arm-gcc/bin/../lib/gcc/arm-none-eabi/8.2.1/thumb/v7-m/nofp/crtbegin.o
_ITM_registerTMCloneTable                         c:/software/embededgcc/arm-gcc/bin/../lib/gcc/arm-none-eabi/8.2.1/thumb/v7-m/nofp/crtbegin.o
__TMC_END__                                       c:/software/embededgcc/arm-gcc/bin/../lib/gcc/arm-none-eabi/8.2.1/thumb/v7-m/nofp/crtend.o
                                                  c:/software/embededgcc/arm-gcc/bin/../lib/gcc/arm-none-eabi/8.2.1/thumb/v7-m/nofp/crtbegin.o
__bss_end__                                       c:/software/embededgcc/arm-gcc/bin/../lib/gcc/arm-none-eabi/8.2.1/../../../../arm-none-eabi/lib/thumb/v7-m/nofp/crt0.o
__bss_start__                                     c:/software/embededgcc/arm-gcc/bin/../lib/gcc/arm-none-eabi/8.2.1/../../../../arm-none-eabi/lib/thumb/v7-m/nofp/crt0.o
__call_exitprocs                                  c:/software/embededgcc/arm-gcc/bin/../lib/gcc/arm-none-eabi/8.2.1/../../../../arm-none-eabi/lib/thumb/v7-m/nofp\libc_nano.a(lib_a-exit.o)
__deregister_frame_info                           c:/software/embededgcc/arm-gcc/bin/../lib/gcc/arm-none-eabi/8.2.1/thumb/v7-m/nofp/crtbegin.o
__dso_handle                                      c:/software/embededgcc/arm-gcc/bin/../lib/gcc/arm-none-eabi/8.2.1/thumb/v7-m/nofp/crtbegin.o
__init_array_end                                  c:/software/embededgcc/arm-gcc/bin/../lib/gcc/arm-none-eabi/8.2.1/../../../../arm-none-eabi/lib/thumb/v7-m/nofp\libc_nano.a(lib_a-init.o)
__init_array_start                                c:/software/embededgcc/arm-gcc/bin/../lib/gcc/arm-none-eabi/8.2.1/../../../../arm-none-eabi/lib/thumb/v7-m/nofp\libc_nano.a(lib_a-init.o)
__libc_fini_array                                 c:/software/embededgcc/arm-gcc/bin/../lib/gcc/arm-none-eabi/8.2.1/../../../../arm-none-eabi/lib/thumb/v7-m/nofp/crt0.o
__libc_init_array                                 c:/software/embededgcc/arm-gcc/bin/../lib/gcc/arm-none-eabi/8.2.1/../../../../arm-none-eabi/lib/thumb/v7-m/nofp\libc_nano.a(lib_a-init.o)
                                                  build/startup_stm32f103xb.o
                                                  c:/software/embededgcc/arm-gcc/bin/../lib/gcc/arm-none-eabi/8.2.1/../../../../arm-none-eabi/lib/thumb/v7-m/nofp/crt0.o