Archive member included to satisfy reference by file (symbol)

c:/software/embededgcc/arm-gcc/bin/../lib/gcc/arm-none-eabi/8.2.1/../../../../arm-none-eabi/lib/thumb/v7-m/nofp\libc_nano.a(lib_a-exit.o)
                              c:/software/embededgcc/arm-gcc/bin/../lib/gcc/arm-none-eabi/8.2.1/../../../../arm-none-eabi/lib/thumb/v7-m/nofp/crt0.o (exit)
c:/software/embededgcc/arm-gcc/bin/../lib/gcc/arm-none-eabi/8.2.1/../../../../arm-none-eabi/lib/thumb/v7-m/nofp\libc_nano.a(lib_a-impure.o)
                              c:/software/embededgcc/arm-gcc/bin/../lib/gcc/arm-none-eabi/8.2.1/../../../../arm-none-eabi/lib/thumb/v7-m/nofp\libc_nano.a(lib_a-exit.o) (_global_impure_ptr)
c:/software/embededgcc/arm-gcc/bin/../lib/gcc/arm-none-eabi/8.2.1/../../../../arm-none-eabi/lib/thumb/v7-m/nofp\libc_nano.a(lib_a-init.o)
                              c:/software/embededgcc/arm-gcc/bin/../lib/gcc/arm-none-eabi/8.2.1/../../../../arm-none-eabi/lib/thumb/v7-m/nofp/crt0.o (__libc_init_array)
c:/software/embededgcc/arm-gcc/bin/../lib/gcc/arm-none-eabi/8.2.1/../../../../arm-none-eabi/lib/thumb/v7-m/nofp\libc_nano.a(lib_a-memset.o)
                              c:/software/embededgcc/arm-gcc/bin/../lib/gcc/arm-none-eabi/8.2.1/../../../../arm-none-eabi/lib/thumb/v7-m/nofp/crt0.o (memset)
c:/software/embededgcc/arm-gcc/bin/../lib/gcc/arm-none-eabi/8.2.1/../../../../arm-none-eabi/lib/thumb/v7-m/nofp\libc_nano.a(lib_a-strlen.o)
                              build/main.o (strlen)
c:/software/embededgcc/arm-gcc/bin/../lib/gcc/arm-none-eabi/8.2.1/../../../../arm-none-eabi/lib/thumb/v7-m/nofp\libc_nano.a(lib_a-strncpy.o)
                              build/usbd_cdc_if.o (strncpy)
c:/software/embededgcc/arm-gcc/bin/../lib/gcc/arm-none-eabi/8.2.1/../../../../arm-none-eabi/lib/thumb/v7-m/nofp\libnosys.a(_exit.o)
                              c:/software/embededgcc/arm-gcc/bin/../lib/gcc/arm-none-eabi/8.2.1/../../../../arm-none-eabi/lib/thumb/v7-m/nofp\libc_nano.a(lib_a-exit.o) (_exit)

Allocating common symbols
Common symbol       size              file

hUsbDeviceFS        0x2c4             build/usb_device.o
uwTick              0x4               build/stm32f1xx_hal.o
pFlash              0x20              build/stm32f1xx_hal_flash.o
UserRxBufferFS      0x3e8             build/usbd_cdc_if.o
UserTxBufferFS      0x3e8             build/usbd_cdc_if.o
str_rx              0x15              build/main.o
hpcd_USB_FS         0x26c             build/usbd_conf.o
USBD_StrDesc        0x200             build/usbd_desc.o

Discarded input sections

 .text          0x0000000000000000        0x0 c:/software/embededgcc/arm-gcc/bin/../lib/gcc/arm-none-eabi/8.2.1/thumb/v7-m/nofp/crti.o
 .data          0x0000000000000000        0x0 c:/software/embededgcc/arm-gcc/bin/../lib/gcc/arm-none-eabi/8.2.1/thumb/v7-m/nofp/crti.o
 .bss           0x0000000000000000        0x0 c:/software/embededgcc/arm-gcc/bin/../lib/gcc/arm-none-eabi/8.2.1/thumb/v7-m/nofp/crti.o
 .text          0x0000000000000000        0x0 c:/software/embededgcc/arm-gcc/bin/../lib/gcc/arm-none-eabi/8.2.1/thumb/v7-m/nofp/crtbegin.o
 .data          0x0000000000000000        0x0 c:/software/embededgcc/arm-gcc/bin/../lib/gcc/arm-none-eabi/8.2.1/thumb/v7-m/nofp/crtbegin.o
 .bss           0x0000000000000000        0x0 c:/software/embededgcc/arm-gcc/bin/../lib/gcc/arm-none-eabi/8.2.1/thumb/v7-m/nofp/crtbegin.o
 .data.__dso_handle
                0x0000000000000000        0x4 c:/software/embededgcc/arm-gcc/bin/../lib/gcc/arm-none-eabi/8.2.1/thumb/v7-m/nofp/crtbegin.o
 .text          0x0000000000000000       0x74 c:/software/embededgcc/arm-gcc/bin/../lib/gcc/arm-none-eabi/8.2.1/../../../../arm-none-eabi/lib/thumb/v7-m/nofp/crt0.o
 .data          0x0000000000000000        0x0 c:/software/embededgcc/arm-gcc/bin/../lib/gcc/arm-none-eabi/8.2.1/../../../../arm-none-eabi/lib/thumb/v7-m/nofp/crt0.o
 .bss           0x0000000000000000        0x0 c:/software/embededgcc/arm-gcc/bin/../lib/gcc/arm-none-eabi/8.2.1/../../../../arm-none-eabi/lib/thumb/v7-m/nofp/crt0.o
 .ARM.extab     0x0000000000000000        0x0 c:/software/embededgcc/arm-gcc/bin/../lib/gcc/arm-none-eabi/8.2.1/../../../../arm-none-eabi/lib/thumb/v7-m/nofp/crt0.o
 .ARM.exidx     0x0000000000000000        0x8 c:/software/embededgcc/arm-gcc/bin/../lib/gcc/arm-none-eabi/8.2.1/../../../../arm-none-eabi/lib/thumb/v7-m/nofp/crt0.o
 .ARM.attributes
                0x0000000000000000       0x1b c:/software/embededgcc/arm-gcc/bin/../lib/gcc/arm-none-eabi/8.2.1/../../../../arm-none-eabi/lib/thumb/v7-m/nofp/crt0.o
 .text          0x0000000000000000        0x0 build/lcd.o
 .data          0x0000000000000000        0x0 build/lcd.o
 .bss           0x0000000000000000        0x0 build/lcd.o
 .text.LCD_Delay
                0x0000000000000000       0x10 build/lcd.o
 .text          0x0000000000000000        0x0 build/main.o
 .data          0x0000000000000000        0x0 build/main.o
 .bss           0x0000000000000000        0x0 build/main.o
[...]
Memory Configuration

Name             Origin             Length             Attributes
RAM              0x0000000020000000 0x0000000000005000 xrw
FLASH            0x0000000008000000 0x0000000000010000 xr
*default*        0x0000000000000000 0xffffffffffffffff

Linker script and memory map

LOAD c:/software/embededgcc/arm-gcc/bin/../lib/gcc/arm-none-eabi/8.2.1/thumb/v7-m/nofp/crti.o
LOAD c:/software/embededgcc/arm-gcc/bin/../lib/gcc/arm-none-eabi/8.2.1/thumb/v7-m/nofp/crtbegin.o
LOAD c:/software/embededgcc/arm-gcc/bin/../lib/gcc/arm-none-eabi/8.2.1/../../../../arm-none-eabi/lib/thumb/v7-m/nofp/crt0.o
LOAD build/lcd.o
LOAD build/main.o
LOAD build/usb_device.o
LOAD build/usbd_conf.o
LOAD build/usbd_desc.o
LOAD build/usbd_cdc_if.o
LOAD build/stm32f1xx_it.o
LOAD build/stm32f1xx_hal_msp.o
LOAD build/stm32f1xx_hal_gpio_ex.o
LOAD build/stm32f1xx_hal_pcd.o
LOAD build/stm32f1xx_hal_pcd_ex.o
LOAD build/stm32f1xx_ll_usb.o
LOAD build/stm32f1xx_hal_tim.o
LOAD build/stm32f1xx_hal_tim_ex.o
LOAD build/stm32f1xx_hal.o
LOAD build/stm32f1xx_hal_rcc.o
LOAD build/stm32f1xx_hal_rcc_ex.o
LOAD build/stm32f1xx_hal_gpio.o
LOAD build/stm32f1xx_hal_dma.o
LOAD build/stm32f1xx_hal_cortex.o
LOAD build/stm32f1xx_hal_pwr.o
LOAD build/stm32f1xx_hal_flash.o
LOAD build/stm32f1xx_hal_flash_ex.o
LOAD build/stm32f1xx_hal_exti.o
LOAD build/system_stm32f1xx.o
LOAD build/usbd_core.o
LOAD build/usbd_ctlreq.o
LOAD build/usbd_ioreq.o
LOAD build/usbd_cdc.o
LOAD build/startup_stm32f103xb.o
LOAD c:/software/embededgcc/arm-gcc/bin/../lib/gcc/arm-none-eabi/8.2.1/../../../../arm-none-eabi/lib/thumb/v7-m/nofp\libc_nano.a
LOAD c:/software/embededgcc/arm-gcc/bin/../lib/gcc/arm-none-eabi/8.2.1/../../../../arm-none-eabi/lib/thumb/v7-m/nofp\libm.a
LOAD c:/software/embededgcc/arm-gcc/bin/../lib/gcc/arm-none-eabi/8.2.1/../../../../arm-none-eabi/lib/thumb/v7-m/nofp\libnosys.a
START GROUP
LOAD c:/software/embededgcc/arm-gcc/bin/../lib/gcc/arm-none-eabi/8.2.1/thumb/v7-m/nofp\libgcc.a
LOAD c:/software/embededgcc/arm-gcc/bin/../lib/gcc/arm-none-eabi/8.2.1/../../../../arm-none-eabi/lib/thumb/v7-m/nofp\libc_nano.a
END GROUP
START GROUP
LOAD c:/software/embededgcc/arm-gcc/bin/../lib/gcc/arm-none-eabi/8.2.1/thumb/v7-m/nofp\libgcc.a
LOAD c:/software/embededgcc/arm-gcc/bin/../lib/gcc/arm-none-eabi/8.2.1/../../../../arm-none-eabi/lib/thumb/v7-m/nofp\libc_nano.a
END GROUP
LOAD c:/software/embededgcc/arm-gcc/bin/../lib/gcc/arm-none-eabi/8.2.1/thumb/v7-m/nofp/crtend.o
LOAD c:/software/embededgcc/arm-gcc/bin/../lib/gcc/arm-none-eabi/8.2.1/thumb/v7-m/nofp/crtn.o
                0x0000000020005000                _estack = 0x20005000
                0x0000000000000200                _Min_Heap_Size = 0x200
                0x0000000000000400                _Min_Stack_Size = 0x400

.isr_vector     0x0000000008000000      0x10c
                0x0000000008000000                . = ALIGN (0x4)
 *(.isr_vector)
 .isr_vector    0x0000000008000000      0x10c build/startup_stm32f103xb.o
                0x0000000008000000                g_pfnVectors
                0x000000000800010c                . = ALIGN (0x4)

.text           0x000000000800010c     0x3434
                0x000000000800010c                . = ALIGN (0x4)
 *(.text)
 .text          0x000000000800010c       0x10 c:/software/embededgcc/arm-gcc/bin/../lib/gcc/arm-none-eabi/8.2.1/../../../../arm-none-eabi/lib/thumb/v7-m/nofp\libc_nano.a(lib_a-strlen.o)
                0x000000000800010c                strlen
 *(.text*)
 .text.deregister_tm_clones
                0x000000000800011c       0x1c c:/software/embededgcc/arm-gcc/bin/../lib/gcc/arm-none-eabi/8.2.1/thumb/v7-m/nofp/crtbegin.o
 .text.register_tm_clones
                0x0000000008000138       0x24 c:/software/embededgcc/arm-gcc/bin/../lib/gcc/arm-none-eabi/8.2.1/thumb/v7-m/nofp/crtbegin.o
 .text.__do_global_dtors_aux
                0x000000000800015c       0x28 c:/software/embededgcc/arm-gcc/bin/../lib/gcc/arm-none-eabi/8.2.1/thumb/v7-m/nofp/crtbegin.o
 .text.frame_dummy
                0x0000000008000184       0x24 c:/software/embededgcc/arm-gcc/bin/../lib/gcc/arm-none-eabi/8.2.1/thumb/v7-m/nofp/crtbegin.o
 .text.LCD_SetData
                0x00000000080001a8       0xfc build/lcd.o
                0x00000000080001a8                LCD_SetData
 .text.LCD_SendCmd
                0x00000000080002a4       0x38 build/lcd.o
                0x00000000080002a4                LCD_SendCmd
 .text.LCD_SendData
                0x00000000080002dc       0x3c build/lcd.o
                0x00000000080002dc                LCD_SendData
 .text.LCD_Init
                0x0000000008000318       0x40 build/lcd.o
                0x0000000008000318                LCD_Init
 .text.LCD_SendString
                0x0000000008000358       0x32 build/lcd.o
                0x0000000008000358                LCD_SendString
 *fill*         0x000000000800038a        0x2 
 .text.MX_GPIO_Init
                0x000000000800038c       0xe0 build/main.o
 .text.SystemClock_Config
                0x000000000800046c       0x6a build/main.o
                0x000000000800046c                SystemClock_Config
 *fill*         0x00000000080004d6        0x2 
 .text.main     0x00000000080004d8       0x58 build/main.o
                0x00000000080004d8                main
 .text.Error_Handler
                0x0000000008000530        0x2 build/main.o
                0x0000000008000530                Error_Handler
 *fill*         0x0000000008000532        0x2 
 .text.MX_USB_DEVICE_Init
                0x0000000008000534       0x54 build/usb_device.o
                0x0000000008000534                MX_USB_DEVICE_Init
 .text.USBD_Get_USB_Status
                0x0000000008000588       0x18 build/usbd_conf.o
 .text.HAL_PCD_MspInit
                0x00000000080005a0       0x40 build/usbd_conf.o
                0x00000000080005a0                HAL_PCD_MspInit
 .text.HAL_PCD_SetupStageCallback
                0x00000000080005e0       0x10 build/usbd_conf.o
                0x00000000080005e0                HAL_PCD_SetupStageCallback
 .text.HAL_PCD_DataOutStageCallback
                0x00000000080005f0       0x14 build/usbd_conf.o
                0x00000000080005f0                HAL_PCD_DataOutStageCallback
 .text.HAL_PCD_DataInStageCallback
                0x0000000008000604       0x12 build/usbd_conf.o
                0x0000000008000604                HAL_PCD_DataInStageCallback
 .text.HAL_PCD_SOFCallback
                0x0000000008000616        0xc build/usbd_conf.o
                0x0000000008000616                HAL_PCD_SOFCallback
 .text.HAL_PCD_ResetCallback
                0x0000000008000622       0x24 build/usbd_conf.o
                0x0000000008000622                HAL_PCD_ResetCallback
 *fill*         0x0000000008000646        0x2 
 .text.HAL_PCD_SuspendCallback
                0x0000000008000648       0x20 build/usbd_conf.o
                0x0000000008000648                HAL_PCD_SuspendCallback
 .text.HAL_PCD_ResumeCallback
                0x0000000008000668        0xc build/usbd_conf.o
                0x0000000008000668                HAL_PCD_ResumeCallback
 .text.USBD_LL_Init
                0x0000000008000674       0x84 build/usbd_conf.o
                0x0000000008000674                USBD_LL_Init
 .text.USBD_LL_Start
                0x00000000080006f8       0x10 build/usbd_conf.o
                0x00000000080006f8                USBD_LL_Start
 .text.USBD_LL_OpenEP
                0x0000000008000708       0x16 build/usbd_conf.o
                0x0000000008000708                USBD_LL_OpenEP
 .text.USBD_LL_CloseEP
                0x000000000800071e       0x10 build/usbd_conf.o
                0x000000000800071e                USBD_LL_CloseEP
 .text.USBD_LL_StallEP
                0x000000000800072e       0x10 build/usbd_conf.o
                0x000000000800072e                USBD_LL_StallEP
 .text.USBD_LL_ClearStallEP
                0x000000000800073e       0x10 build/usbd_conf.o
                0x000000000800073e                USBD_LL_ClearStallEP
 .text.USBD_LL_IsStallEP
                0x000000000800074e       0x26 build/usbd_conf.o
                0x000000000800074e                USBD_LL_IsStallEP
 .text.USBD_LL_SetUSBAddress
                0x0000000008000774       0x10 build/usbd_conf.o
                0x0000000008000774                USBD_LL_SetUSBAddress
 .text.USBD_LL_Transmit
                0x0000000008000784       0x10 build/usbd_conf.o
                0x0000000008000784                USBD_LL_Transmit
 .text.USBD_LL_PrepareReceive
                0x0000000008000794       0x10 build/usbd_conf.o
                0x0000000008000794                USBD_LL_PrepareReceive
 .text.USBD_LL_GetRxDataSize
                0x00000000080007a4        0xc build/usbd_conf.o
                0x00000000080007a4                USBD_LL_GetRxDataSize
 .text.USBD_static_malloc
                0x00000000080007b0        0x8 build/usbd_conf.o
                0x00000000080007b0                USBD_static_malloc
 .text.USBD_static_free
                0x00000000080007b8        0x2 build/usbd_conf.o
                0x00000000080007b8                USBD_static_free
 .text.HAL_PCDEx_SetConnectionState
                0x00000000080007ba        0x2 build/usbd_conf.o
                0x00000000080007ba                HAL_PCDEx_SetConnectionState
 .text.USBD_FS_DeviceDescriptor
                0x00000000080007bc        0xc build/usbd_desc.o
                0x00000000080007bc                USBD_FS_DeviceDescriptor
 .text.USBD_FS_LangIDStrDescriptor
                0x00000000080007c8        0xc build/usbd_desc.o
                0x00000000080007c8                USBD_FS_LangIDStrDescriptor
 .text.IntToUnicode
                0x00000000080007d4       0x36 build/usbd_desc.o
 *fill*         0x000000000800080a        0x2 
 .text.Get_SerialNum
                0x000000000800080c       0x34 build/usbd_desc.o
 .text.USBD_FS_SerialStrDescriptor
                0x0000000008000840       0x14 build/usbd_desc.o
                0x0000000008000840                USBD_FS_SerialStrDescriptor
 .text.USBD_FS_ProductStrDescriptor
                0x0000000008000854       0x24 build/usbd_desc.o
                0x0000000008000854                USBD_FS_ProductStrDescriptor
 .text.USBD_FS_ManufacturerStrDescriptor
                0x0000000008000878       0x1c build/usbd_desc.o
                0x0000000008000878                USBD_FS_ManufacturerStrDescriptor
 .text.USBD_FS_ConfigStrDescriptor
                0x0000000008000894       0x24 build/usbd_desc.o
                0x0000000008000894                USBD_FS_ConfigStrDescriptor
 .text.USBD_FS_InterfaceStrDescriptor
                0x00000000080008b8       0x24 build/usbd_desc.o
                0x00000000080008b8                USBD_FS_InterfaceStrDescriptor
 .text.CDC_DeInit_FS
                0x00000000080008dc        0x4 build/usbd_cdc_if.o
 .text.CDC_Control_FS
                0x00000000080008e0        0x4 build/usbd_cdc_if.o
 .text.CDC_Receive_FS
                0x00000000080008e4       0x28 build/usbd_cdc_if.o
 .text.CDC_Init_FS
                0x000000000800090c       0x28 build/usbd_cdc_if.o
 .text.CDC_Transmit_FS
                0x0000000008000934       0x2c build/usbd_cdc_if.o
                0x0000000008000934                CDC_Transmit_FS
 .text.NMI_Handler
                0x0000000008000960        0x2 build/stm32f1xx_it.o
                0x0000000008000960                NMI_Handler
 .text.HardFault_Handler
                0x0000000008000962        0x2 build/stm32f1xx_it.o
                0x0000000008000962                HardFault_Handler
 .text.MemManage_Handler
                0x0000000008000964        0x2 build/stm32f1xx_it.o
                0x0000000008000964                MemManage_Handler
 .text.BusFault_Handler
                0x0000000008000966        0x2 build/stm32f1xx_it.o
                0x0000000008000966                BusFault_Handler
 .text.UsageFault_Handler
                0x0000000008000968        0x2 build/stm32f1xx_it.o
                0x0000000008000968                UsageFault_Handler
 .text.SVC_Handler
                0x000000000800096a        0x2 build/stm32f1xx_it.o
                0x000000000800096a                SVC_Handler
 .text.DebugMon_Handler
                0x000000000800096c        0x2 build/stm32f1xx_it.o
                0x000000000800096c                DebugMon_Handler
 .text.PendSV_Handler
                0x000000000800096e        0x2 build/stm32f1xx_it.o
                0x000000000800096e                PendSV_Handler
 .text.SysTick_Handler
                0x0000000008000970        0x8 build/stm32f1xx_it.o
                0x0000000008000970                SysTick_Handler
 .text.USB_LP_CAN1_RX0_IRQHandler
                0x0000000008000978       0x10 build/stm32f1xx_it.o
                0x0000000008000978                USB_LP_CAN1_RX0_IRQHandler
 .text.HAL_MspInit
                0x0000000008000988       0x44 build/stm32f1xx_hal_msp.o
                0x0000000008000988                HAL_MspInit
 .text.HAL_PCD_Init
                0x00000000080009cc       0xf4 build/stm32f1xx_hal_pcd.o
                0x00000000080009cc                HAL_PCD_Init
 .text.HAL_PCD_Start
                0x0000000008000ac0       0x2e build/stm32f1xx_hal_pcd.o
                0x0000000008000ac0                HAL_PCD_Start
 .text.HAL_PCD_SetAddress
                0x0000000008000aee       0x28 build/stm32f1xx_hal_pcd.o
                0x0000000008000aee                HAL_PCD_SetAddress
 .text.HAL_PCD_EP_Open
                0x0000000008000b16       0x70 build/stm32f1xx_hal_pcd.o
                0x0000000008000b16                HAL_PCD_EP_Open
 .text.HAL_PCD_EP_Close
                0x0000000008000b86       0x5c build/stm32f1xx_hal_pcd.o
                0x0000000008000b86                HAL_PCD_EP_Close
 .text.HAL_PCD_EP_Receive
                0x0000000008000be2       0x3e build/stm32f1xx_hal_pcd.o
                0x0000000008000be2                HAL_PCD_EP_Receive
 .text.HAL_PCD_EP_GetRxCount
                0x0000000008000c20        0xe build/stm32f1xx_hal_pcd.o
                0x0000000008000c20                HAL_PCD_EP_GetRxCount
 .text.HAL_PCD_EP_Transmit
                0x0000000008000c2e       0x3c build/stm32f1xx_hal_pcd.o
                0x0000000008000c2e                HAL_PCD_EP_Transmit
 .text.PCD_EP_ISR_Handler
                0x0000000008000c6a      0x370 build/stm32f1xx_hal_pcd.o
 .text.HAL_PCD_IRQHandler
                0x0000000008000fda      0x172 build/stm32f1xx_hal_pcd.o
                0x0000000008000fda                HAL_PCD_IRQHandler
 .text.HAL_PCD_EP_SetStall
                0x000000000800114c       0x6e build/stm32f1xx_hal_pcd.o
                0x000000000800114c                HAL_PCD_EP_SetStall
 .text.HAL_PCD_EP_ClrStall
                0x00000000080011ba       0x6e build/stm32f1xx_hal_pcd.o
                0x00000000080011ba                HAL_PCD_EP_ClrStall
 .text.HAL_PCDEx_PMAConfig
                0x0000000008001228       0x30 build/stm32f1xx_hal_pcd_ex.o
                0x0000000008001228                HAL_PCDEx_PMAConfig
 .text.USB_CoreInit
                0x0000000008001258        0xe build/stm32f1xx_ll_usb.o
                0x0000000008001258                USB_CoreInit
 .text.USB_EnableGlobalInt
                0x0000000008001266       0x10 build/stm32f1xx_ll_usb.o
                0x0000000008001266                USB_EnableGlobalInt
 .text.USB_DisableGlobalInt
                0x0000000008001276       0x14 build/stm32f1xx_ll_usb.o
                0x0000000008001276                USB_DisableGlobalInt
 .text.USB_SetCurrentMode
                0x000000000800128a        0x4 build/stm32f1xx_ll_usb.o
                0x000000000800128a                USB_SetCurrentMode
 .text.USB_DevInit
                0x000000000800128e       0x2c build/stm32f1xx_ll_usb.o
                0x000000000800128e                USB_DevInit
 .text.USB_ActivateEndpoint
                0x00000000080012ba      0x368 build/stm32f1xx_ll_usb.o
                0x00000000080012ba                USB_ActivateEndpoint
 .text.USB_DeactivateEndpoint
                0x0000000008001622      0x1d4 build/stm32f1xx_ll_usb.o
                0x0000000008001622                USB_DeactivateEndpoint
 .text.USB_EPSetStall
                0x00000000080017f6       0x4a build/stm32f1xx_ll_usb.o
                0x00000000080017f6                USB_EPSetStall
 .text.USB_EPClearStall
                0x0000000008001840       0xa2 build/stm32f1xx_ll_usb.o
                0x0000000008001840                USB_EPClearStall
 .text.USB_SetDevAddress
                0x00000000080018e2        0xc build/stm32f1xx_ll_usb.o
                0x00000000080018e2                USB_SetDevAddress
 .text.USB_DevConnect
                0x00000000080018ee        0x4 build/stm32f1xx_ll_usb.o
                0x00000000080018ee                USB_DevConnect
 .text.USB_DevDisconnect
                0x00000000080018f2        0x4 build/stm32f1xx_ll_usb.o
                0x00000000080018f2                USB_DevDisconnect
 .text.USB_ReadInterrupts
                0x00000000080018f6        0x6 build/stm32f1xx_ll_usb.o
                0x00000000080018f6                USB_ReadInterrupts
 .text.USB_EP0_OutStart
                0x00000000080018fc        0x4 build/stm32f1xx_ll_usb.o
                0x00000000080018fc                USB_EP0_OutStart
 .text.USB_WritePMA
                0x0000000008001900       0x2a build/stm32f1xx_ll_usb.o
                0x0000000008001900                USB_WritePMA
 .text.USB_EPStartXfer
                0x000000000800192a      0x320 build/stm32f1xx_ll_usb.o
                0x000000000800192a                USB_EPStartXfer
 .text.USB_ReadPMA
                0x0000000008001c4a       0x2e build/stm32f1xx_ll_usb.o
                0x0000000008001c4a                USB_ReadPMA
 .text.HAL_InitTick
                0x0000000008001c78       0x4c build/stm32f1xx_hal.o
                0x0000000008001c78                HAL_InitTick
 .text.HAL_Init
                0x0000000008001cc4       0x24 build/stm32f1xx_hal.o
                0x0000000008001cc4                HAL_Init
 .text.HAL_IncTick
                0x0000000008001ce8       0x18 build/stm32f1xx_hal.o
                0x0000000008001ce8                HAL_IncTick
 .text.HAL_GetTick
                0x0000000008001d00        0xc build/stm32f1xx_hal.o
                0x0000000008001d00                HAL_GetTick
 .text.HAL_Delay
                0x0000000008001d0c       0x28 build/stm32f1xx_hal.o
                0x0000000008001d0c                HAL_Delay
 .text.RCC_Delay
                0x0000000008001d34       0x2c build/stm32f1xx_hal_rcc.o
 .text.HAL_RCC_OscConfig
                0x0000000008001d60      0x410 build/stm32f1xx_hal_rcc.o
                0x0000000008001d60                HAL_RCC_OscConfig
 .text.HAL_RCC_GetSysClockFreq
                0x0000000008002170       0x70 build/stm32f1xx_hal_rcc.o
                0x0000000008002170                HAL_RCC_GetSysClockFreq
 .text.HAL_RCC_ClockConfig
                0x00000000080021e0      0x16c build/stm32f1xx_hal_rcc.o
                0x00000000080021e0                HAL_RCC_ClockConfig
 .text.HAL_RCCEx_PeriphCLKConfig
                0x000000000800234c      0x114 build/stm32f1xx_hal_rcc_ex.o
                0x000000000800234c                HAL_RCCEx_PeriphCLKConfig
 .text.HAL_GPIO_Init
                0x0000000008002460      0x1d8 build/stm32f1xx_hal_gpio.o
                0x0000000008002460                HAL_GPIO_Init
 .text.HAL_GPIO_WritePin
                0x0000000008002638        0xc build/stm32f1xx_hal_gpio.o
                0x0000000008002638                HAL_GPIO_WritePin
 .text.HAL_NVIC_SetPriorityGrouping
                0x0000000008002644       0x24 build/stm32f1xx_hal_cortex.o
                0x0000000008002644                HAL_NVIC_SetPriorityGrouping
 .text.HAL_NVIC_SetPriority
                0x0000000008002668       0x68 build/stm32f1xx_hal_cortex.o
                0x0000000008002668                HAL_NVIC_SetPriority
 .text.HAL_NVIC_EnableIRQ
                0x00000000080026d0       0x1c build/stm32f1xx_hal_cortex.o
                0x00000000080026d0                HAL_NVIC_EnableIRQ
 .text.HAL_SYSTICK_Config
                0x00000000080026ec       0x2c build/stm32f1xx_hal_cortex.o
                0x00000000080026ec                HAL_SYSTICK_Config
 .text.SystemInit
                0x0000000008002718       0x4c build/system_stm32f1xx.o
                0x0000000008002718                SystemInit
 .text.USBD_Init
                0x0000000008002764       0x2e build/usbd_core.o
                0x0000000008002764                USBD_Init
 .text.USBD_RegisterClass
                0x0000000008002792        0xe build/usbd_core.o
                0x0000000008002792                USBD_RegisterClass
 .text.USBD_Start
                0x00000000080027a0        0xa build/usbd_core.o
                0x00000000080027a0                USBD_Start
 .text.USBD_SetClassConfig
                0x00000000080027aa       0x1a build/usbd_core.o
                0x00000000080027aa                USBD_SetClassConfig
 .text.USBD_ClrClassConfig
                0x00000000080027c4        0xe build/usbd_core.o
                0x00000000080027c4                USBD_ClrClassConfig
 .text.USBD_LL_SetupStage
                0x00000000080027d2       0x5c build/usbd_core.o
                0x00000000080027d2                USBD_LL_SetupStage
 .text.USBD_LL_DataOutStage
                0x000000000800282e       0x94 build/usbd_core.o
                0x000000000800282e                USBD_LL_DataOutStage
 .text.USBD_LL_DataInStage
                0x00000000080028c2       0xd4 build/usbd_core.o
                0x00000000080028c2                USBD_LL_DataInStage
 .text.USBD_LL_Reset
                0x0000000008002996       0x50 build/usbd_core.o
                0x0000000008002996                USBD_LL_Reset
 .text.USBD_LL_SetSpeed
                0x00000000080029e6        0x6 build/usbd_core.o
                0x00000000080029e6                USBD_LL_SetSpeed
 .text.USBD_LL_Suspend
                0x00000000080029ec       0x12 build/usbd_core.o
                0x00000000080029ec                USBD_LL_Suspend
 .text.USBD_LL_Resume
                0x00000000080029fe       0x16 build/usbd_core.o
                0x00000000080029fe                USBD_LL_Resume
 .text.USBD_LL_SOF
                0x0000000008002a14       0x1c build/usbd_core.o
                0x0000000008002a14                USBD_LL_SOF
 .text.USBD_GetLen
                0x0000000008002a30       0x12 build/usbd_ctlreq.o
 .text.USBD_SetFeature
                0x0000000008002a42       0x14 build/usbd_ctlreq.o
 .text.USBD_ParseSetupRequest
                0x0000000008002a56       0x28 build/usbd_ctlreq.o
                0x0000000008002a56                USBD_ParseSetupRequest
 .text.USBD_CtlError
                0x0000000008002a7e       0x14 build/usbd_ctlreq.o
                0x0000000008002a7e                USBD_CtlError
 .text.USBD_GetDescriptor
                0x0000000008002a92      0x186 build/usbd_ctlreq.o
 .text.USBD_SetAddress
                0x0000000008002c18       0x4e build/usbd_ctlreq.o
 *fill*         0x0000000008002c66        0x2 
 .text.USBD_SetConfig
                0x0000000008002c68       0xb0 build/usbd_ctlreq.o
 .text.USBD_GetConfig
                0x0000000008002d18       0x3e build/usbd_ctlreq.o
 .text.USBD_GetStatus
                0x0000000008002d56       0x38 build/usbd_ctlreq.o
 .text.USBD_ClrFeature
                0x0000000008002d8e       0x26 build/usbd_ctlreq.o
 .text.USBD_StdDevReq
                0x0000000008002db4       0x68 build/usbd_ctlreq.o
                0x0000000008002db4                USBD_StdDevReq
 .text.USBD_StdItfReq
                0x0000000008002e1c       0x60 build/usbd_ctlreq.o
                0x0000000008002e1c                USBD_StdItfReq
 .text.USBD_StdEPReq
                0x0000000008002e7c      0x210 build/usbd_ctlreq.o
                0x0000000008002e7c                USBD_StdEPReq
 .text.USBD_GetString
                0x000000000800308c       0x36 build/usbd_ctlreq.o
                0x000000000800308c                USBD_GetString
 .text.USBD_CtlSendData
                0x00000000080030c2       0x1a build/usbd_ioreq.o
                0x00000000080030c2                USBD_CtlSendData
 .text.USBD_CtlContinueSendData
                0x00000000080030dc       0x10 build/usbd_ioreq.o
                0x00000000080030dc                USBD_CtlContinueSendData
 .text.USBD_CtlPrepareRx
                0x00000000080030ec       0x1e build/usbd_ioreq.o
                0x00000000080030ec                USBD_CtlPrepareRx
 .text.USBD_CtlContinueRx
                0x000000000800310a       0x10 build/usbd_ioreq.o
                0x000000000800310a                USBD_CtlContinueRx
 .text.USBD_CtlSendStatus
                0x000000000800311a       0x16 build/usbd_ioreq.o
                0x000000000800311a                USBD_CtlSendStatus
 .text.USBD_CtlReceiveStatus
                0x0000000008003130       0x16 build/usbd_ioreq.o
                0x0000000008003130                USBD_CtlReceiveStatus
 .text.USBD_CDC_EP0_RxReady
                0x0000000008003146       0x28 build/usbd_cdc.o
 *fill*         0x000000000800316e        0x2 
 .text.USBD_CDC_GetFSCfgDesc
                0x0000000008003170        0xc build/usbd_cdc.o
 .text.USBD_CDC_GetHSCfgDesc
                0x000000000800317c        0xc build/usbd_cdc.o
 .text.USBD_CDC_GetOtherSpeedCfgDesc
                0x0000000008003188        0xc build/usbd_cdc.o
 .text.USBD_CDC_GetDeviceQualifierDescriptor
                0x0000000008003194        0xc build/usbd_cdc.o
                0x0000000008003194                USBD_CDC_GetDeviceQualifierDescriptor
 .text.USBD_CDC_DataOut
                0x00000000080031a0       0x2e build/usbd_cdc.o
 .text.USBD_CDC_DataIn
                0x00000000080031ce       0x4a build/usbd_cdc.o
 .text.USBD_CDC_Setup
                0x0000000008003218       0xda build/usbd_cdc.o
 .text.USBD_CDC_DeInit
                0x00000000080032f2       0x42 build/usbd_cdc.o
 .text.USBD_CDC_Init
                0x0000000008003334       0xaa build/usbd_cdc.o
 .text.USBD_CDC_RegisterInterface
                0x00000000080033de        0xe build/usbd_cdc.o
                0x00000000080033de                USBD_CDC_RegisterInterface
 .text.USBD_CDC_SetTxBuffer
                0x00000000080033ec       0x10 build/usbd_cdc.o
                0x00000000080033ec                USBD_CDC_SetTxBuffer
 .text.USBD_CDC_SetRxBuffer
                0x00000000080033fc        0xc build/usbd_cdc.o
                0x00000000080033fc                USBD_CDC_SetRxBuffer
 .text.USBD_CDC_TransmitPacket
                0x0000000008003408       0x34 build/usbd_cdc.o
                0x0000000008003408                USBD_CDC_TransmitPacket
 .text.USBD_CDC_ReceivePacket
                0x000000000800343c       0x30 build/usbd_cdc.o
                0x000000000800343c                USBD_CDC_ReceivePacket
 .text.Reset_Handler
                0x000000000800346c       0x48 build/startup_stm32f103xb.o
                0x000000000800346c                Reset_Handler
 .text.Default_Handler
                0x00000000080034b4        0x2 build/startup_stm32f103xb.o
                0x00000000080034b4                RTC_Alarm_IRQHandler
                0x00000000080034b4                EXTI2_IRQHandler
                0x00000000080034b4                TIM1_CC_IRQHandler
                0x00000000080034b4                PVD_IRQHandler
                0x00000000080034b4                EXTI3_IRQHandler
                0x00000000080034b4                EXTI0_IRQHandler
                0x00000000080034b4                I2C2_EV_IRQHandler
                0x00000000080034b4                ADC1_2_IRQHandler
                0x00000000080034b4                SPI1_IRQHandler
                0x00000000080034b4                TAMPER_IRQHandler
                0x00000000080034b4                DMA1_Channel4_IRQHandler
                0x00000000080034b4                USART3_IRQHandler
                0x00000000080034b4                RTC_IRQHandler
                0x00000000080034b4                DMA1_Channel7_IRQHandler
                0x00000000080034b4                CAN1_RX1_IRQHandler
                0x00000000080034b4                TIM4_IRQHandler
                0x00000000080034b4                I2C1_EV_IRQHandler
                0x00000000080034b4                DMA1_Channel6_IRQHandler
                0x00000000080034b4                TIM3_IRQHandler
                0x00000000080034b4                RCC_IRQHandler
                0x00000000080034b4                TIM1_TRG_COM_IRQHandler
                0x00000000080034b4                DMA1_Channel1_IRQHandler
                0x00000000080034b4                Default_Handler
                0x00000000080034b4                EXTI15_10_IRQHandler
                0x00000000080034b4                EXTI9_5_IRQHandler
                0x00000000080034b4                SPI2_IRQHandler
                0x00000000080034b4                DMA1_Channel5_IRQHandler
                0x00000000080034b4                EXTI4_IRQHandler
                0x00000000080034b4                USB_HP_CAN1_TX_IRQHandler
                0x00000000080034b4                DMA1_Channel3_IRQHandler
                0x00000000080034b4                TIM1_UP_IRQHandler
                0x00000000080034b4                WWDG_IRQHandler
                0x00000000080034b4                TIM2_IRQHandler
                0x00000000080034b4                TIM1_BRK_IRQHandler
                0x00000000080034b4                EXTI1_IRQHandler
                0x00000000080034b4                USART2_IRQHandler
                0x00000000080034b4                I2C2_ER_IRQHandler
                0x00000000080034b4                DMA1_Channel2_IRQHandler
                0x00000000080034b4                CAN1_SCE_IRQHandler
                0x00000000080034b4                FLASH_IRQHandler
                0x00000000080034b4                USART1_IRQHandler
                0x00000000080034b4                I2C1_ER_IRQHandler
                0x00000000080034b4                USBWakeUp_IRQHandler
 *fill*         0x00000000080034b6        0x2 
 .text.__libc_init_array
                0x00000000080034b8       0x48 c:/software/embededgcc/arm-gcc/bin/../lib/gcc/arm-none-eabi/8.2.1/../../../../arm-none-eabi/lib/thumb/v7-m/nofp\libc_nano.a(lib_a-init.o)
                0x00000000080034b8                __libc_init_array
 .text.strncpy  0x0000000008003500       0x26 c:/software/embededgcc/arm-gcc/bin/../lib/gcc/arm-none-eabi/8.2.1/../../../../arm-none-eabi/lib/thumb/v7-m/nofp\libc_nano.a(lib_a-strncpy.o)
                0x0000000008003500                strncpy
 *(.glue_7)
 .glue_7        0x0000000008003526        0x0 linker stubs
 *(.glue_7t)
 .glue_7t       0x0000000008003526        0x0 linker stubs
 *(.eh_frame)
 *fill*         0x0000000008003526        0x2 
 .eh_frame      0x0000000008003528        0x0 c:/software/embededgcc/arm-gcc/bin/../lib/gcc/arm-none-eabi/8.2.1/thumb/v7-m/nofp/crtbegin.o
 *(.init)
 .init          0x0000000008003528        0x4 c:/software/embededgcc/arm-gcc/bin/../lib/gcc/arm-none-eabi/8.2.1/thumb/v7-m/nofp/crti.o
                0x0000000008003528                _init
 .init          0x000000000800352c        0x8 c:/software/embededgcc/arm-gcc/bin/../lib/gcc/arm-none-eabi/8.2.1/thumb/v7-m/nofp/crtn.o
 *(.fini)
 .fini          0x0000000008003534        0x4 c:/software/embededgcc/arm-gcc/bin/../lib/gcc/arm-none-eabi/8.2.1/thumb/v7-m/nofp/crti.o
                0x0000000008003534                _fini
 .fini          0x0000000008003538        0x8 c:/software/embededgcc/arm-gcc/bin/../lib/gcc/arm-none-eabi/8.2.1/thumb/v7-m/nofp/crtn.o
                0x0000000008003540                . = ALIGN (0x4)
                0x0000000008003540                _etext = .

.vfp11_veneer   0x0000000008003540        0x0
 .vfp11_veneer  0x0000000008003540        0x0 linker stubs

.v4_bx          0x0000000008003540        0x0
 .v4_bx         0x0000000008003540        0x0 linker stubs

.iplt           0x0000000008003540        0x0
 .iplt          0x0000000008003540        0x0 c:/software/embededgcc/arm-gcc/bin/../lib/gcc/arm-none-eabi/8.2.1/thumb/v7-m/nofp/crtbegin.o

.rodata         0x0000000008003540       0x7c
                0x0000000008003540                . = ALIGN (0x4)
 *(.rodata)
 .rodata        0x0000000008003540       0x12 build/stm32f1xx_hal_rcc.o
 *(.rodata*)
 *fill*         0x0000000008003552        0x2 
 .rodata.main.str1.4
                0x0000000008003554        0xf build/main.o
 *fill*         0x0000000008003563        0x1 
 .rodata.USBD_FS_ConfigStrDescriptor.str1.4
                0x0000000008003564        0xb build/usbd_desc.o
 *fill*         0x000000000800356f        0x1 
 .rodata.USBD_FS_InterfaceStrDescriptor.str1.4
                0x0000000008003570        0xe build/usbd_desc.o
 *fill*         0x000000000800357e        0x2 
 .rodata.USBD_FS_ManufacturerStrDescriptor.str1.4
                0x0000000008003580       0x13 build/usbd_desc.o
 *fill*         0x0000000008003593        0x1 
 .rodata.USBD_FS_ProductStrDescriptor.str1.4
                0x0000000008003594       0x18 build/usbd_desc.o
                                         0x16 (size before relaxing)
 .rodata.AHBPrescTable
                0x00000000080035ac       0x10 build/system_stm32f1xx.o
                0x00000000080035ac                AHBPrescTable
                0x00000000080035bc                . = ALIGN (0x4)

.rel.dyn        0x00000000080035bc        0x0
 .rel.iplt      0x00000000080035bc        0x0 c:/software/embededgcc/arm-gcc/bin/../lib/gcc/arm-none-eabi/8.2.1/thumb/v7-m/nofp/crtbegin.o

.ARM.extab
 *(.ARM.extab* .gnu.linkonce.armextab.*)

.ARM            0x00000000080035bc        0x0
                0x00000000080035bc                __exidx_start = .
 *(.ARM.exidx*)
                0x00000000080035bc                __exidx_end = .

.preinit_array  0x00000000080035bc        0x0
                0x00000000080035bc                PROVIDE (__preinit_array_start = .)
 *(.preinit_array*)
                0x00000000080035bc                PROVIDE (__preinit_array_end = .)

.init_array     0x00000000080035bc        0x4
                0x00000000080035bc                PROVIDE (__init_array_start = .)
 *(SORT_BY_NAME(.init_array.*))
 *(.init_array*)
 .init_array    0x00000000080035bc        0x4 c:/software/embededgcc/arm-gcc/bin/../lib/gcc/arm-none-eabi/8.2.1/thumb/v7-m/nofp/crtbegin.o
                0x00000000080035c0                PROVIDE (__init_array_end = .)

.fini_array     0x00000000080035c0        0x4
                [!provide]                        PROVIDE (__fini_array_start = .)
 *(SORT_BY_NAME(.fini_array.*))
 *(.fini_array*)
 .fini_array    0x00000000080035c0        0x4 c:/software/embededgcc/arm-gcc/bin/../lib/gcc/arm-none-eabi/8.2.1/thumb/v7-m/nofp/crtbegin.o
                [!provide]                        PROVIDE (__fini_array_end = .)
                0x00000000080035c4                _sidata = LOADADDR (.data)

.data           0x0000000020000000      0x17c load address 0x00000000080035c4
                0x0000000020000000                . = ALIGN (0x4)
                0x0000000020000000                _sdata = .
 *(.data)
 *(.data*)
 .data.FS_Desc  0x0000000020000000       0x1c build/usbd_desc.o
                0x0000000020000000                FS_Desc
 .data.USBD_FS_DeviceDesc
                0x000000002000001c       0x12 build/usbd_desc.o
                0x000000002000001c                USBD_FS_DeviceDesc
 *fill*         0x000000002000002e        0x2 
 .data.USBD_LangIDDesc
                0x0000000020000030        0x4 build/usbd_desc.o
                0x0000000020000030                USBD_LangIDDesc
 .data.USBD_StringSerial
                0x0000000020000034       0x1a build/usbd_desc.o
                0x0000000020000034                USBD_StringSerial
 *fill*         0x000000002000004e        0x2 
 .data.USBD_Interface_fops_FS
                0x0000000020000050       0x10 build/usbd_cdc_if.o
                0x0000000020000050                USBD_Interface_fops_FS
 .data.uwTickFreq
                0x0000000020000060        0x1 build/stm32f1xx_hal.o
                0x0000000020000060                uwTickFreq
 *fill*         0x0000000020000061        0x3 
 .data.uwTickPrio
                0x0000000020000064        0x4 build/stm32f1xx_hal.o
                0x0000000020000064                uwTickPrio
 .data.SystemCoreClock
                0x0000000020000068        0x4 build/system_stm32f1xx.o
                0x0000000020000068                SystemCoreClock
 .data.USBD_CDC
                0x000000002000006c       0x38 build/usbd_cdc.o
                0x000000002000006c                USBD_CDC
 .data.USBD_CDC_CfgFSDesc
                0x00000000200000a4       0x43 build/usbd_cdc.o
                0x00000000200000a4                USBD_CDC_CfgFSDesc
 *fill*         0x00000000200000e7        0x1 
 .data.USBD_CDC_CfgHSDesc
                0x00000000200000e8       0x43 build/usbd_cdc.o
                0x00000000200000e8                USBD_CDC_CfgHSDesc
 *fill*         0x000000002000012b        0x1 
 .data.USBD_CDC_DeviceQualifierDesc
                0x000000002000012c        0xa build/usbd_cdc.o
 *fill*         0x0000000020000136        0x2 
 .data.USBD_CDC_OtherSpeedCfgDesc
                0x0000000020000138       0x43 build/usbd_cdc.o
                0x0000000020000138                USBD_CDC_OtherSpeedCfgDesc
                0x000000002000017c                . = ALIGN (0x4)
 *fill*         0x000000002000017b        0x1 
                0x000000002000017c                _edata = .

.tm_clone_table
                0x000000002000017c        0x0 load address 0x0000000008003740
 .tm_clone_table
                0x000000002000017c        0x0 c:/software/embededgcc/arm-gcc/bin/../lib/gcc/arm-none-eabi/8.2.1/thumb/v7-m/nofp/crtbegin.o
 .tm_clone_table
                0x000000002000017c        0x0 c:/software/embededgcc/arm-gcc/bin/../lib/gcc/arm-none-eabi/8.2.1/thumb/v7-m/nofp/crtend.o

.igot.plt       0x000000002000017c        0x0 load address 0x0000000008003740
 .igot.plt      0x000000002000017c        0x0 c:/software/embededgcc/arm-gcc/bin/../lib/gcc/arm-none-eabi/8.2.1/thumb/v7-m/nofp/crtbegin.o
                0x000000002000017c                . = ALIGN (0x4)

.bss            0x000000002000017c     0x115c load address 0x0000000008003740
                0x000000002000017c                _sbss = .
                0x000000002000017c                __bss_start__ = _sbss
 *(.bss)
 *(.bss*)
 .bss.completed.6707
                0x000000002000017c        0x1 c:/software/embededgcc/arm-gcc/bin/../lib/gcc/arm-none-eabi/8.2.1/thumb/v7-m/nofp/crtbegin.o
 *fill*         0x000000002000017d        0x3 
 .bss.object.6712
                0x0000000020000180       0x18 c:/software/embededgcc/arm-gcc/bin/../lib/gcc/arm-none-eabi/8.2.1/thumb/v7-m/nofp/crtbegin.o
 .bss.mem.7800  0x0000000020000198      0x220 build/usbd_conf.o
 .bss.cfgidx.7735
                0x00000000200003b8        0x1 build/usbd_ctlreq.o
 *(COMMON)
 *fill*         0x00000000200003b9        0x3 
 COMMON         0x00000000200003bc       0x15 build/main.o
                0x00000000200003bc                str_rx
 *fill*         0x00000000200003d1        0x3 
 COMMON         0x00000000200003d4      0x2c4 build/usb_device.o
                0x00000000200003d4                hUsbDeviceFS
 COMMON         0x0000000020000698      0x26c build/usbd_conf.o
                0x0000000020000698                hpcd_USB_FS
 COMMON         0x0000000020000904      0x200 build/usbd_desc.o
                0x0000000020000904                USBD_StrDesc
 COMMON         0x0000000020000b04      0x7d0 build/usbd_cdc_if.o
                0x0000000020000b04                UserRxBufferFS
                0x0000000020000eec                UserTxBufferFS
 COMMON         0x00000000200012d4        0x4 build/stm32f1xx_hal.o
                0x00000000200012d4                uwTick
                0x00000000200012d8                . = ALIGN (0x4)
                0x00000000200012d8                _ebss = .
                0x00000000200012d8                __bss_end__ = _ebss

._user_heap_stack
                0x00000000200012d8      0x600 load address 0x0000000008003740
                0x00000000200012d8                . = ALIGN (0x8)
                [!provide]                        PROVIDE (end = .)
                [!provide]                        PROVIDE (_end = .)
                0x00000000200014d8                . = (. + _Min_Heap_Size)
 *fill*         0x00000000200012d8      0x200 
                0x00000000200018d8                . = (. + _Min_Stack_Size)
 *fill*         0x00000000200014d8      0x400 
                0x00000000200018d8                . = ALIGN (0x8)

/DISCARD/
 libc.a(*)
 libm.a(*)
 libgcc.a(*)

.ARM.attributes
                0x0000000000000000       0x29
 *(.ARM.attributes)
 .ARM.attributes
                0x0000000000000000       0x1d c:/software/embededgcc/arm-gcc/bin/../lib/gcc/arm-none-eabi/8.2.1/thumb/v7-m/nofp/crti.o
 .ARM.attributes
                0x000000000000001d       0x2d c:/software/embededgcc/arm-gcc/bin/../lib/gcc/arm-none-eabi/8.2.1/thumb/v7-m/nofp/crtbegin.o
 .ARM.attributes
                0x000000000000004a       0x2d build/lcd.o
 .ARM.attributes
                0x0000000000000077       0x2d build/main.o
 .ARM.attributes
                0x00000000000000a4       0x2d build/usb_device.o
 .ARM.attributes
                0x00000000000000d1       0x2d build/usbd_conf.o
 .ARM.attributes
                0x00000000000000fe       0x2d build/usbd_desc.o
 .ARM.attributes
                0x000000000000012b       0x2d build/usbd_cdc_if.o
 .ARM.attributes
                0x0000000000000158       0x2d build/stm32f1xx_it.o
 .ARM.attributes
                0x0000000000000185       0x2d build/stm32f1xx_hal_msp.o
 .ARM.attributes
                0x00000000000001b2       0x2d build/stm32f1xx_hal_pcd.o
 .ARM.attributes
                0x00000000000001df       0x2d build/stm32f1xx_hal_pcd_ex.o
 .ARM.attributes
                0x000000000000020c       0x2d build/stm32f1xx_ll_usb.o
 .ARM.attributes
                0x0000000000000239       0x2d build/stm32f1xx_hal.o
 .ARM.attributes
                0x0000000000000266       0x2d build/stm32f1xx_hal_rcc.o
 .ARM.attributes
                0x0000000000000293       0x2d build/stm32f1xx_hal_rcc_ex.o
 .ARM.attributes
                0x00000000000002c0       0x2d build/stm32f1xx_hal_gpio.o
 .ARM.attributes
                0x00000000000002ed       0x2d build/stm32f1xx_hal_cortex.o
 .ARM.attributes
                0x000000000000031a       0x2d build/system_stm32f1xx.o
 .ARM.attributes
                0x0000000000000347       0x2d build/usbd_core.o
 .ARM.attributes
                0x0000000000000374       0x2d build/usbd_ctlreq.o
 .ARM.attributes
                0x00000000000003a1       0x2d build/usbd_ioreq.o
 .ARM.attributes
                0x00000000000003ce       0x2d build/usbd_cdc.o
 .ARM.attributes
                0x00000000000003fb       0x21 build/startup_stm32f103xb.o
 .ARM.attributes
                0x000000000000041c       0x2d c:/software/embededgcc/arm-gcc/bin/../lib/gcc/arm-none-eabi/8.2.1/../../../../arm-none-eabi/lib/thumb/v7-m/nofp\libc_nano.a(lib_a-init.o)
 .ARM.attributes
                0x0000000000000449       0x17 c:/software/embededgcc/arm-gcc/bin/../lib/gcc/arm-none-eabi/8.2.1/../../../../arm-none-eabi/lib/thumb/v7-m/nofp\libc_nano.a(lib_a-strlen.o)
 .ARM.attributes
                0x0000000000000460       0x2d c:/software/embededgcc/arm-gcc/bin/../lib/gcc/arm-none-eabi/8.2.1/../../../../arm-none-eabi/lib/thumb/v7-m/nofp\libc_nano.a(lib_a-strncpy.o)
 .ARM.attributes
                0x000000000000048d       0x2d c:/software/embededgcc/arm-gcc/bin/../lib/gcc/arm-none-eabi/8.2.1/thumb/v7-m/nofp/crtend.o
 .ARM.attributes
                0x00000000000004ba       0x1d c:/software/embededgcc/arm-gcc/bin/../lib/gcc/arm-none-eabi/8.2.1/thumb/v7-m/nofp/crtn.o
OUTPUT(build/TestUSB1.elf elf32-littlearm)

.debug_info     0x0000000000000000    0x15689
 .debug_info    0x0000000000000000      0x7b0 build/lcd.o
 .debug_info    0x00000000000007b0     0x1219 build/main.o
 .debug_info    0x00000000000019c9     0x119c build/usb_device.o
 .debug_info    0x0000000000002b65     0x27c7 build/usbd_conf.o
 .debug_info    0x000000000000532c     0x108c build/usbd_desc.o
 .debug_info    0x00000000000063b8     0x13db build/usbd_cdc_if.o
 .debug_info    0x0000000000007793      0x7d3 build/stm32f1xx_it.o
 .debug_info    0x0000000000007f66      0x324 build/stm32f1xx_hal_msp.o
 .debug_info    0x000000000000828a     0x15f3 build/stm32f1xx_hal_pcd.o
 .debug_info    0x000000000000987d      0x879 build/stm32f1xx_hal_pcd_ex.o
 .debug_info    0x000000000000a0f6     0x1a01 build/stm32f1xx_ll_usb.o
 .debug_info    0x000000000000baf7      0x8c6 build/stm32f1xx_hal.o
 .debug_info    0x000000000000c3bd      0xb5f build/stm32f1xx_hal_rcc.o
 .debug_info    0x000000000000cf1c      0x533 build/stm32f1xx_hal_rcc_ex.o
 .debug_info    0x000000000000d44f      0x7a8 build/stm32f1xx_hal_gpio.o
 .debug_info    0x000000000000dbf7      0xefb build/stm32f1xx_hal_cortex.o
 .debug_info    0x000000000000eaf2      0x4cf build/system_stm32f1xx.o
 .debug_info    0x000000000000efc1     0x18d1 build/usbd_core.o
 .debug_info    0x0000000000010892     0x1bc6 build/usbd_ctlreq.o
 .debug_info    0x0000000000012458     0x12de build/usbd_ioreq.o
 .debug_info    0x0000000000013736     0x1f31 build/usbd_cdc.o
 .debug_info    0x0000000000015667       0x22 build/startup_stm32f103xb.o

.debug_abbrev   0x0000000000000000     0x34d7
 .debug_abbrev  0x0000000000000000      0x1b1 build/lcd.o
 .debug_abbrev  0x00000000000001b1      0x2d0 build/main.o
 .debug_abbrev  0x0000000000000481      0x228 build/usb_device.o
 .debug_abbrev  0x00000000000006a9      0x393 build/usbd_conf.o
 .debug_abbrev  0x0000000000000a3c      0x320 build/usbd_desc.o
 .debug_abbrev  0x0000000000000d5c      0x317 build/usbd_cdc_if.o
 .debug_abbrev  0x0000000000001073      0x182 build/stm32f1xx_it.o
 .debug_abbrev  0x00000000000011f5      0x130 build/stm32f1xx_hal_msp.o
 .debug_abbrev  0x0000000000001325      0x2fd build/stm32f1xx_hal_pcd.o
 .debug_abbrev  0x0000000000001622      0x1b1 build/stm32f1xx_hal_pcd_ex.o
 .debug_abbrev  0x00000000000017d3      0x28f build/stm32f1xx_ll_usb.o
 .debug_abbrev  0x0000000000001a62      0x22f build/stm32f1xx_hal.o
 .debug_abbrev  0x0000000000001c91      0x2ad build/stm32f1xx_hal_rcc.o
 .debug_abbrev  0x0000000000001f3e      0x1fb build/stm32f1xx_hal_rcc_ex.o
 .debug_abbrev  0x0000000000002139      0x24f build/stm32f1xx_hal_gpio.o
 .debug_abbrev  0x0000000000002388      0x38a build/stm32f1xx_hal_cortex.o
 .debug_abbrev  0x0000000000002712      0x153 build/system_stm32f1xx.o
 .debug_abbrev  0x0000000000002865      0x316 build/usbd_core.o
 .debug_abbrev  0x0000000000002b7b      0x387 build/usbd_ctlreq.o
 .debug_abbrev  0x0000000000002f02      0x229 build/usbd_ioreq.o
 .debug_abbrev  0x000000000000312b      0x39a build/usbd_cdc.o
 .debug_abbrev  0x00000000000034c5       0x12 build/startup_stm32f103xb.o

.debug_loc      0x0000000000000000     0x8472
 .debug_loc     0x0000000000000000      0x21f build/lcd.o
 .debug_loc     0x000000000000021f       0x9e build/main.o
 .debug_loc     0x00000000000002bd       0x20 build/usb_device.o
 .debug_loc     0x00000000000002dd      0xeca build/usbd_conf.o
 .debug_loc     0x00000000000011a7      0x47b build/usbd_desc.o
 .debug_loc     0x0000000000001622      0x1a4 build/usbd_cdc_if.o
 .debug_loc     0x00000000000017c6       0x40 build/stm32f1xx_it.o
 .debug_loc     0x0000000000001806       0x41 build/stm32f1xx_hal_msp.o
 .debug_loc     0x0000000000001847      0xf48 build/stm32f1xx_hal_pcd.o
 .debug_loc     0x000000000000278f      0x11a build/stm32f1xx_hal_pcd_ex.o
 .debug_loc     0x00000000000028a9     0x14fc build/stm32f1xx_ll_usb.o
 .debug_loc     0x0000000000003da5      0x1c8 build/stm32f1xx_hal.o
 .debug_loc     0x0000000000003f6d      0x7e6 build/stm32f1xx_hal_rcc.o
 .debug_loc     0x0000000000004753      0x405 build/stm32f1xx_hal_rcc_ex.o
 .debug_loc     0x0000000000004b58      0x50e build/stm32f1xx_hal_gpio.o
 .debug_loc     0x0000000000005066      0x76b build/stm32f1xx_hal_cortex.o
 .debug_loc     0x00000000000057d1       0xff build/system_stm32f1xx.o
 .debug_loc     0x00000000000058d0      0x9d9 build/usbd_core.o
 .debug_loc     0x00000000000062a9     0x14a3 build/usbd_ctlreq.o
 .debug_loc     0x000000000000774c      0x364 build/usbd_ioreq.o
 .debug_loc     0x0000000000007ab0      0x9c2 build/usbd_cdc.o

.debug_aranges  0x0000000000000000      0xa38
 .debug_aranges
                0x0000000000000000       0x48 build/lcd.o
 .debug_aranges
                0x0000000000000048       0x38 build/main.o
 .debug_aranges
                0x0000000000000080       0x20 build/usb_device.o
 .debug_aranges
                0x00000000000000a0      0x118 build/usbd_conf.o
 .debug_aranges
                0x00000000000001b8       0x60 build/usbd_desc.o
 .debug_aranges
                0x0000000000000218       0x40 build/usbd_cdc_if.o
 .debug_aranges
                0x0000000000000258       0x68 build/stm32f1xx_it.o
 .debug_aranges
                0x00000000000002c0       0x20 build/stm32f1xx_hal_msp.o
 .debug_aranges
                0x00000000000002e0      0x120 build/stm32f1xx_hal_pcd.o
 .debug_aranges
                0x0000000000000400       0x38 build/stm32f1xx_hal_pcd_ex.o
 .debug_aranges
                0x0000000000000438      0x108 build/stm32f1xx_ll_usb.o
 .debug_aranges
                0x0000000000000540       0xe0 build/stm32f1xx_hal.o
 .debug_aranges
                0x0000000000000620       0x90 build/stm32f1xx_hal_rcc.o
 .debug_aranges
                0x00000000000006b0       0x30 build/stm32f1xx_hal_rcc_ex.o
 .debug_aranges
                0x00000000000006e0       0x58 build/stm32f1xx_hal_gpio.o
 .debug_aranges
                0x0000000000000738       0x90 build/stm32f1xx_hal_cortex.o
 .debug_aranges
                0x00000000000007c8       0x28 build/system_stm32f1xx.o
 .debug_aranges
                0x00000000000007f0       0xb8 build/usbd_core.o
 .debug_aranges
                0x00000000000008a8       0x88 build/usbd_ctlreq.o
 .debug_aranges
                0x0000000000000930       0x50 build/usbd_ioreq.o
 .debug_aranges
                0x0000000000000980       0x90 build/usbd_cdc.o
 .debug_aranges
                0x0000000000000a10       0x28 build/startup_stm32f103xb.o

.debug_ranges   0x0000000000000000      0xab0
 .debug_ranges  0x0000000000000000       0x38 build/lcd.o
 .debug_ranges  0x0000000000000038       0x28 build/main.o
 .debug_ranges  0x0000000000000060       0x10 build/usb_device.o
 .debug_ranges  0x0000000000000070      0x108 build/usbd_conf.o
 .debug_ranges  0x0000000000000178       0x50 build/usbd_desc.o
 .debug_ranges  0x00000000000001c8       0x30 build/usbd_cdc_if.o
 .debug_ranges  0x00000000000001f8       0x58 build/stm32f1xx_it.o
 .debug_ranges  0x0000000000000250       0x10 build/stm32f1xx_hal_msp.o
 .debug_ranges  0x0000000000000260      0x140 build/stm32f1xx_hal_pcd.o
 .debug_ranges  0x00000000000003a0       0x28 build/stm32f1xx_hal_pcd_ex.o
 .debug_ranges  0x00000000000003c8      0x218 build/stm32f1xx_ll_usb.o
 .debug_ranges  0x00000000000005e0       0xd0 build/stm32f1xx_hal.o
 .debug_ranges  0x00000000000006b0       0xa0 build/stm32f1xx_hal_rcc.o
 .debug_ranges  0x0000000000000750       0x38 build/stm32f1xx_hal_rcc_ex.o
 .debug_ranges  0x0000000000000788       0x48 build/stm32f1xx_hal_gpio.o
 .debug_ranges  0x00000000000007d0       0xc8 build/stm32f1xx_hal_cortex.o
 .debug_ranges  0x0000000000000898       0x18 build/system_stm32f1xx.o
 .debug_ranges  0x00000000000008b0       0xa8 build/usbd_core.o
 .debug_ranges  0x0000000000000958       0x78 build/usbd_ctlreq.o
 .debug_ranges  0x00000000000009d0       0x40 build/usbd_ioreq.o
 .debug_ranges  0x0000000000000a10       0x80 build/usbd_cdc.o
 .debug_ranges  0x0000000000000a90       0x20 build/startup_stm32f103xb.o

.debug_line     0x0000000000000000     0x8657
 .debug_line    0x0000000000000000      0x406 build/lcd.o
 .debug_line    0x0000000000000406      0x441 build/main.o
 .debug_line    0x0000000000000847      0x31e build/usb_device.o
 .debug_line    0x0000000000000b65      0x872 build/usbd_conf.o
 .debug_line    0x00000000000013d7      0x460 build/usbd_desc.o
 .debug_line    0x0000000000001837      0x378 build/usbd_cdc_if.o
 .debug_line    0x0000000000001baf      0x2ad build/stm32f1xx_it.o
 .debug_line    0x0000000000001e5c      0x19f build/stm32f1xx_hal_msp.o
 .debug_line    0x0000000000001ffb      0xef9 build/stm32f1xx_hal_pcd.o
 .debug_line    0x0000000000002ef4      0x29c build/stm32f1xx_hal_pcd_ex.o
 .debug_line    0x0000000000003190      0xfa6 build/stm32f1xx_ll_usb.o
 .debug_line    0x0000000000004136      0x4e0 build/stm32f1xx_hal.o
 .debug_line    0x0000000000004616      0xbad build/stm32f1xx_hal_rcc.o
 .debug_line    0x00000000000051c3      0x49a build/stm32f1xx_hal_rcc_ex.o
 .debug_line    0x000000000000565d      0x5f3 build/stm32f1xx_hal_gpio.o
 .debug_line    0x0000000000005c50      0x635 build/stm32f1xx_hal_cortex.o
 .debug_line    0x0000000000006285      0x290 build/system_stm32f1xx.o
 .debug_line    0x0000000000006515      0x842 build/usbd_core.o
 .debug_line    0x0000000000006d57      0xc67 build/usbd_ctlreq.o
 .debug_line    0x00000000000079be      0x3a9 build/usbd_ioreq.o
 .debug_line    0x0000000000007d67      0x87e build/usbd_cdc.o
 .debug_line    0x00000000000085e5       0x72 build/startup_stm32f103xb.o

.debug_str      0x0000000000000000     0x2f62
 .debug_str     0x0000000000000000      0x2a1 build/lcd.o
                                        0x2fc (size before relaxing)
 .debug_str     0x00000000000002a1      0x6a8 build/main.o
                                        0x98e (size before relaxing)
 .debug_str     0x0000000000000949      0x3d9 build/usb_device.o
                                        0xac9 (size before relaxing)
 .debug_str     0x0000000000000d22      0xb80 build/usbd_conf.o
                                       0x160c (size before relaxing)
 .debug_str     0x00000000000018a2      0x171 build/usbd_desc.o
                                        0x8d4 (size before relaxing)
 .debug_str     0x0000000000001a13      0x11b build/usbd_cdc_if.o
                                        0xba8 (size before relaxing)
 .debug_str     0x0000000000001b2e       0xdd build/stm32f1xx_it.o
                                        0x66b (size before relaxing)
 .debug_str     0x0000000000001c0b       0x48 build/stm32f1xx_hal_msp.o
                                        0x2d4 (size before relaxing)
 .debug_str     0x0000000000001c53      0x27c build/stm32f1xx_hal_pcd.o
                                        0xac1 (size before relaxing)
 .debug_str     0x0000000000001ecf      0x159 build/stm32f1xx_hal_pcd_ex.o
                                        0x757 (size before relaxing)
 .debug_str     0x0000000000002028      0x19f build/stm32f1xx_ll_usb.o
                                        0x7c1 (size before relaxing)
 .debug_str     0x00000000000021c7      0x268 build/stm32f1xx_hal.o
                                        0x847 (size before relaxing)
 .debug_str     0x000000000000242f      0x1e2 build/stm32f1xx_hal_rcc.o
                                        0x69c (size before relaxing)
 .debug_str     0x0000000000002611       0x9c build/stm32f1xx_hal_rcc_ex.o
                                        0x47b (size before relaxing)
 .debug_str     0x00000000000026ad      0x122 build/stm32f1xx_hal_gpio.o
                                        0x4ba (size before relaxing)
 .debug_str     0x00000000000027cf      0x315 build/stm32f1xx_hal_cortex.o
                                        0x969 (size before relaxing)
 .debug_str     0x0000000000002ae4       0x4a build/system_stm32f1xx.o
                                        0x329 (size before relaxing)
 .debug_str     0x0000000000002b2e      0x13e build/usbd_core.o
                                        0xcbf (size before relaxing)
 .debug_str     0x0000000000002c6c       0xe2 build/usbd_ctlreq.o
                                        0xbd9 (size before relaxing)
 .debug_str     0x0000000000002d4e       0x60 build/usbd_ioreq.o
                                        0xb06 (size before relaxing)
 .debug_str     0x0000000000002dae      0x18f build/usbd_cdc.o
                                       0x107b (size before relaxing)
 .debug_str     0x0000000000002f3d       0x25 build/startup_stm32f103xb.o
                                         0x39 (size before relaxing)

.comment        0x0000000000000000       0x68
 .comment       0x0000000000000000       0x68 build/lcd.o
                                         0x69 (size before relaxing)
 .comment       0x0000000000000068       0x69 build/main.o
 .comment       0x0000000000000068       0x69 build/usb_device.o
 .comment       0x0000000000000068       0x69 build/usbd_conf.o
 .comment       0x0000000000000068       0x69 build/usbd_desc.o
 .comment       0x0000000000000068       0x69 build/usbd_cdc_if.o
 .comment       0x0000000000000068       0x69 build/stm32f1xx_it.o
 .comment       0x0000000000000068       0x69 build/stm32f1xx_hal_msp.o
 .comment       0x0000000000000068       0x69 build/stm32f1xx_hal_pcd.o
 .comment       0x0000000000000068       0x69 build/stm32f1xx_hal_pcd_ex.o
 .comment       0x0000000000000068       0x69 build/stm32f1xx_ll_usb.o
 .comment       0x0000000000000068       0x69 build/stm32f1xx_hal.o
 .comment       0x0000000000000068       0x69 build/stm32f1xx_hal_rcc.o
 .comment       0x0000000000000068       0x69 build/stm32f1xx_hal_rcc_ex.o
 .comment       0x0000000000000068       0x69 build/stm32f1xx_hal_gpio.o
 .comment       0x0000000000000068       0x69 build/stm32f1xx_hal_cortex.o
 .comment       0x0000000000000068       0x69 build/system_stm32f1xx.o
 .comment       0x0000000000000068       0x69 build/usbd_core.o
 .comment       0x0000000000000068       0x69 build/usbd_ctlreq.o
 .comment       0x0000000000000068       0x69 build/usbd_ioreq.o
 .comment       0x0000000000000068       0x69 build/usbd_cdc.o

.debug_frame    0x0000000000000000     0x1a28
 .debug_frame   0x0000000000000000       0xb8 build/lcd.o
 .debug_frame   0x00000000000000b8       0x94 build/main.o
 .debug_frame   0x000000000000014c       0x2c build/usb_device.o
 .debug_frame   0x0000000000000178      0x354 build/usbd_conf.o
 .debug_frame   0x00000000000004cc       0xfc build/usbd_desc.o
 .debug_frame   0x00000000000005c8       0x88 build/usbd_cdc_if.o
 .debug_frame   0x0000000000000650       0xc8 build/stm32f1xx_it.o
 .debug_frame   0x0000000000000718       0x28 build/stm32f1xx_hal_msp.o
 .debug_frame   0x0000000000000740      0x350 build/stm32f1xx_hal_pcd.o
 .debug_frame   0x0000000000000a90       0x50 build/stm32f1xx_hal_pcd_ex.o
 .debug_frame   0x0000000000000ae0      0x270 build/stm32f1xx_ll_usb.o
 .debug_frame   0x0000000000000d50      0x1e0 build/stm32f1xx_hal.o
 .debug_frame   0x0000000000000f30      0x1cc build/stm32f1xx_hal_rcc.o
 .debug_frame   0x00000000000010fc       0x74 build/stm32f1xx_hal_rcc_ex.o
 .debug_frame   0x0000000000001170      0x104 build/stm32f1xx_hal_gpio.o
 .debug_frame   0x0000000000001274      0x13c build/stm32f1xx_hal_cortex.o
 .debug_frame   0x00000000000013b0       0x30 build/system_stm32f1xx.o
 .debug_frame   0x00000000000013e0      0x1f0 build/usbd_core.o
 .debug_frame   0x00000000000015d0      0x1ac build/usbd_ctlreq.o
 .debug_frame   0x000000000000177c       0xd4 build/usbd_ioreq.o
 .debug_frame   0x0000000000001850      0x184 build/usbd_cdc.o
 .debug_frame   0x00000000000019d4       0x2c c:/software/embededgcc/arm-gcc/bin/../lib/gcc/arm-none-eabi/8.2.1/../../../../arm-none-eabi/lib/thumb/v7-m/nofp\libc_nano.a(lib_a-init.o)
 .debug_frame   0x0000000000001a00       0x28 c:/software/embededgcc/arm-gcc/bin/../lib/gcc/arm-none-eabi/8.2.1/../../../../arm-none-eabi/lib/thumb/v7-m/nofp\libc_nano.a(lib_a-strncpy.o)

Cross Reference Table

Symbol                                            File
ADC1_2_IRQHandler                                 build/startup_stm32f103xb.o
AHBPrescTable                                     build/system_stm32f1xx.o
                                                  build/stm32f1xx_hal_rcc.o
APBPrescTable                                     build/system_stm32f1xx.o
                                                  build/stm32f1xx_hal_rcc.o
BusFault_Handler                                  build/stm32f1xx_it.o
CAN1_RX1_IRQHandler                               build/startup_stm32f103xb.o
CAN1_SCE_IRQHandler                               build/startup_stm32f103xb.o
CDC_Transmit_FS                                   build/usbd_cdc_if.o
                                                  build/main.o
DMA1_Channel1_IRQHandler                          build/startup_stm32f103xb.o
DMA1_Channel2_IRQHandler                          build/startup_stm32f103xb.o
DMA1_Channel3_IRQHandler                          build/startup_stm32f103xb.o
DMA1_Channel4_IRQHandler                          build/startup_stm32f103xb.o
DMA1_Channel5_IRQHandler                          build/startup_stm32f103xb.o
DMA1_Channel6_IRQHandler                          build/startup_stm32f103xb.o
DMA1_Channel7_IRQHandler                          build/startup_stm32f103xb.o
DebugMon_Handler                                  build/stm32f1xx_it.o
Default_Handler                                   build/startup_stm32f103xb.o
EXTI0_IRQHandler                                  build/startup_stm32f103xb.o
EXTI15_10_IRQHandler                              build/startup_stm32f103xb.o
EXTI1_IRQHandler                                  build/startup_stm32f103xb.o
EXTI2_IRQHandler                                  build/startup_stm32f103xb.o
EXTI3_IRQHandler                                  build/startup_stm32f103xb.o
EXTI4_IRQHandler                                  build/startup_stm32f103xb.o
EXTI9_5_IRQHandler                                build/startup_stm32f103xb.o
Error_Handler                                     build/main.o
                                                  build/usbd_conf.o
                                                  build/usb_device.o
FLASH_IRQHandler                                  build/startup_stm32f103xb.o
FLASH_PageErase                                   build/stm32f1xx_hal_flash_ex.o
                                                  build/stm32f1xx_hal_flash.o
FLASH_WaitForLastOperation                        build/stm32f1xx_hal_flash.o
                                                  build/stm32f1xx_hal_flash_ex.o
FS_Desc                                           build/usbd_desc.o
                                                  build/usb_device.o
HAL_DBGMCU_DisableDBGSleepMode                    build/stm32f1xx_hal.o
HAL_DBGMCU_DisableDBGStandbyMode                  build/stm32f1xx_hal.o
HAL_DBGMCU_DisableDBGStopMode                     build/stm32f1xx_hal.o
HAL_DBGMCU_EnableDBGSleepMode                     build/stm32f1xx_hal.o
HAL_DBGMCU_EnableDBGStandbyMode                   build/stm32f1xx_hal.o
HAL_DBGMCU_EnableDBGStopMode                      build/stm32f1xx_hal.o
HAL_DMA_Abort                                     build/stm32f1xx_hal_dma.o
HAL_DMA_Abort_IT                                  build/stm32f1xx_hal_dma.o
HAL_DMA_DeInit                                    build/stm32f1xx_hal_dma.o
HAL_DMA_GetError                                  build/stm32f1xx_hal_dma.o
HAL_DMA_GetState                                  build/stm32f1xx_hal_dma.o
HAL_DMA_IRQHandler                                build/stm32f1xx_hal_dma.o
HAL_DMA_Init                                      build/stm32f1xx_hal_dma.o
HAL_DMA_PollForTransfer                           build/stm32f1xx_hal_dma.o
HAL_DMA_RegisterCallback                          build/stm32f1xx_hal_dma.o
HAL_DMA_Start                                     build/stm32f1xx_hal_dma.o
HAL_DMA_Start_IT                                  build/stm32f1xx_hal_dma.o
HAL_DMA_UnRegisterCallback                        build/stm32f1xx_hal_dma.o
HAL_DeInit                                        build/stm32f1xx_hal.o
HAL_Delay                                         build/stm32f1xx_hal.o
                                                  build/usbd_conf.o
                                                  build/main.o
                                                  build/lcd.o
HAL_EXTI_ClearConfigLine                          build/stm32f1xx_hal_exti.o
HAL_EXTI_ClearPending                             build/stm32f1xx_hal_exti.o
HAL_EXTI_GenerateSWI                              build/stm32f1xx_hal_exti.o
HAL_EXTI_GetConfigLine                            build/stm32f1xx_hal_exti.o
HAL_EXTI_GetHandle                                build/stm32f1xx_hal_exti.o
HAL_EXTI_GetPending                               build/stm32f1xx_hal_exti.o
HAL_EXTI_IRQHandler                               build/stm32f1xx_hal_exti.o
HAL_EXTI_RegisterCallback                         build/stm32f1xx_hal_exti.o
HAL_EXTI_SetConfigLine                            build/stm32f1xx_hal_exti.o
HAL_FLASHEx_Erase                                 build/stm32f1xx_hal_flash_ex.o
HAL_FLASHEx_Erase_IT                              build/stm32f1xx_hal_flash_ex.o
HAL_FLASHEx_OBErase                               build/stm32f1xx_hal_flash_ex.o
HAL_FLASHEx_OBGetConfig                           build/stm32f1xx_hal_flash_ex.o
HAL_FLASHEx_OBGetUserData                         build/stm32f1xx_hal_flash_ex.o
HAL_FLASHEx_OBProgram                             build/stm32f1xx_hal_flash_ex.o
HAL_FLASH_EndOfOperationCallback                  build/stm32f1xx_hal_flash.o
HAL_FLASH_GetError                                build/stm32f1xx_hal_flash.o
HAL_FLASH_IRQHandler                              build/stm32f1xx_hal_flash.o
HAL_FLASH_Lock                                    build/stm32f1xx_hal_flash.o
HAL_FLASH_OB_Launch                               build/stm32f1xx_hal_flash.o
HAL_FLASH_OB_Lock                                 build/stm32f1xx_hal_flash.o
HAL_FLASH_OB_Unlock                               build/stm32f1xx_hal_flash.o
HAL_FLASH_OperationErrorCallback                  build/stm32f1xx_hal_flash.o
HAL_FLASH_Program                                 build/stm32f1xx_hal_flash.o
HAL_FLASH_Program_IT                              build/stm32f1xx_hal_flash.o
HAL_FLASH_Unlock                                  build/stm32f1xx_hal_flash.o
HAL_GPIOEx_ConfigEventout                         build/stm32f1xx_hal_gpio_ex.o
HAL_GPIOEx_DisableEventout                        build/stm32f1xx_hal_gpio_ex.o
HAL_GPIOEx_EnableEventout                         build/stm32f1xx_hal_gpio_ex.o
HAL_GPIO_DeInit                                   build/stm32f1xx_hal_gpio.o
HAL_GPIO_EXTI_Callback                            build/stm32f1xx_hal_gpio.o
HAL_GPIO_EXTI_IRQHandler                          build/stm32f1xx_hal_gpio.o
HAL_GPIO_Init                                     build/stm32f1xx_hal_gpio.o
                                                  build/stm32f1xx_hal_rcc.o
                                                  build/main.o
HAL_GPIO_LockPin                                  build/stm32f1xx_hal_gpio.o
HAL_GPIO_ReadPin                                  build/stm32f1xx_hal_gpio.o
HAL_GPIO_TogglePin                                build/stm32f1xx_hal_gpio.o
HAL_GPIO_WritePin                                 build/stm32f1xx_hal_gpio.o
                                                  build/main.o
                                                  build/lcd.o
HAL_GetDEVID                                      build/stm32f1xx_hal.o
HAL_GetHalVersion                                 build/stm32f1xx_hal.o
HAL_GetREVID                                      build/stm32f1xx_hal.o
HAL_GetTick                                       build/stm32f1xx_hal.o
                                                  build/stm32f1xx_hal_flash.o
                                                  build/stm32f1xx_hal_dma.o
                                                  build/stm32f1xx_hal_rcc_ex.o
                                                  build/stm32f1xx_hal_rcc.o
HAL_GetTickFreq                                   build/stm32f1xx_hal.o
HAL_GetTickPrio                                   build/stm32f1xx_hal.o
HAL_GetUIDw0                                      build/stm32f1xx_hal.o
HAL_GetUIDw1                                      build/stm32f1xx_hal.o
HAL_GetUIDw2                                      build/stm32f1xx_hal.o
HAL_IncTick                                       build/stm32f1xx_hal.o
                                                  build/stm32f1xx_it.o
HAL_Init                                          build/stm32f1xx_hal.o
                                                  build/main.o
HAL_InitTick                                      build/stm32f1xx_hal.o
                                                  build/stm32f1xx_hal_rcc.o
HAL_MspDeInit                                     build/stm32f1xx_hal.o
HAL_MspInit                                       build/stm32f1xx_hal_msp.o
HAL_NVIC_ClearPendingIRQ                          build/stm32f1xx_hal_cortex.o
HAL_NVIC_DisableIRQ                               build/stm32f1xx_hal_cortex.o
                                                  build/usbd_conf.o
HAL_NVIC_EnableIRQ                                build/stm32f1xx_hal_cortex.o
                                                  build/usbd_conf.o
HAL_NVIC_GetActive                                build/stm32f1xx_hal_cortex.o
HAL_NVIC_GetPendingIRQ                            build/stm32f1xx_hal_cortex.o
HAL_NVIC_GetPriority                              build/stm32f1xx_hal_cortex.o
HAL_NVIC_GetPriorityGrouping                      build/stm32f1xx_hal_cortex.o
HAL_NVIC_SetPendingIRQ                            build/stm32f1xx_hal_cortex.o
HAL_NVIC_SetPriority                              build/stm32f1xx_hal_cortex.o
                                                  build/stm32f1xx_hal.o
                                                  build/usbd_conf.o
HAL_NVIC_SetPriorityGrouping                      build/stm32f1xx_hal_cortex.o
                                                  build/stm32f1xx_hal.o
HAL_NVIC_SystemReset                              build/stm32f1xx_hal_cortex.o
                                                  build/stm32f1xx_hal_flash.o
HAL_PCDEx_BCD_Callback                            build/stm32f1xx_hal_pcd_ex.o
HAL_PCDEx_LPM_Callback                            build/stm32f1xx_hal_pcd_ex.o
HAL_PCDEx_PMAConfig                               build/stm32f1xx_hal_pcd_ex.o
                                                  build/usbd_conf.o
HAL_PCDEx_SetConnectionState                      build/usbd_conf.o
                                                  build/stm32f1xx_hal_pcd.o
HAL_PCD_ActivateRemoteWakeup                      build/stm32f1xx_hal_pcd.o
HAL_PCD_ConnectCallback                           build/usbd_conf.o
HAL_PCD_DataInStageCallback                       build/usbd_conf.o
HAL_PCD_DataOutStageCallback                      build/usbd_conf.o
HAL_PCD_DeActivateRemoteWakeup                    build/stm32f1xx_hal_pcd.o
HAL_PCD_DeInit                                    build/stm32f1xx_hal_pcd.o
                                                  build/usbd_conf.o
HAL_PCD_DevConnect                                build/stm32f1xx_hal_pcd.o
HAL_PCD_DevDisconnect                             build/stm32f1xx_hal_pcd.o
HAL_PCD_DisconnectCallback                        build/usbd_conf.o
HAL_PCD_EP_Close                                  build/stm32f1xx_hal_pcd.o
                                                  build/usbd_conf.o
HAL_PCD_EP_ClrStall                               build/stm32f1xx_hal_pcd.o
                                                  build/usbd_conf.o
HAL_PCD_EP_Flush                                  build/stm32f1xx_hal_pcd.o
                                                  build/usbd_conf.o
HAL_PCD_EP_GetRxCount                             build/stm32f1xx_hal_pcd.o
                                                  build/usbd_conf.o
HAL_PCD_EP_Open                                   build/stm32f1xx_hal_pcd.o
                                                  build/usbd_conf.o
HAL_PCD_EP_Receive                                build/stm32f1xx_hal_pcd.o
                                                  build/usbd_conf.o
HAL_PCD_EP_SetStall                               build/stm32f1xx_hal_pcd.o
                                                  build/usbd_conf.o
HAL_PCD_EP_Transmit                               build/stm32f1xx_hal_pcd.o
                                                  build/usbd_conf.o
HAL_PCD_GetState                                  build/stm32f1xx_hal_pcd.o
HAL_PCD_IRQHandler                                build/stm32f1xx_hal_pcd.o
                                                  build/stm32f1xx_it.o
HAL_PCD_ISOINIncompleteCallback                   build/usbd_conf.o
HAL_PCD_ISOOUTIncompleteCallback                  build/usbd_conf.o
HAL_PCD_Init                                      build/stm32f1xx_hal_pcd.o
                                                  build/usbd_conf.o
HAL_PCD_MspDeInit                                 build/usbd_conf.o
HAL_PCD_MspInit                                   build/usbd_conf.o
HAL_PCD_ResetCallback                             build/usbd_conf.o
HAL_PCD_ResumeCallback                            build/usbd_conf.o
HAL_PCD_SOFCallback                               build/usbd_conf.o
HAL_PCD_SetAddress                                build/stm32f1xx_hal_pcd.o
                                                  build/usbd_conf.o
HAL_PCD_SetupStageCallback                        build/usbd_conf.o
HAL_PCD_Start                                     build/stm32f1xx_hal_pcd.o
                                                  build/usbd_conf.o
HAL_PCD_Stop                                      build/stm32f1xx_hal_pcd.o
                                                  build/usbd_conf.o
HAL_PCD_SuspendCallback                           build/usbd_conf.o
HAL_PWR_ConfigPVD                                 build/stm32f1xx_hal_pwr.o
HAL_PWR_DeInit                                    build/stm32f1xx_hal_pwr.o
HAL_PWR_DisableBkUpAccess                         build/stm32f1xx_hal_pwr.o
HAL_PWR_DisablePVD                                build/stm32f1xx_hal_pwr.o
HAL_PWR_DisableSEVOnPend                          build/stm32f1xx_hal_pwr.o
HAL_PWR_DisableSleepOnExit                        build/stm32f1xx_hal_pwr.o
HAL_PWR_DisableWakeUpPin                          build/stm32f1xx_hal_pwr.o
HAL_PWR_EnableBkUpAccess                          build/stm32f1xx_hal_pwr.o
HAL_PWR_EnablePVD                                 build/stm32f1xx_hal_pwr.o
HAL_PWR_EnableSEVOnPend                           build/stm32f1xx_hal_pwr.o
HAL_PWR_EnableSleepOnExit                         build/stm32f1xx_hal_pwr.o
HAL_PWR_EnableWakeUpPin                           build/stm32f1xx_hal_pwr.o
HAL_PWR_EnterSLEEPMode                            build/stm32f1xx_hal_pwr.o
HAL_PWR_EnterSTANDBYMode                          build/stm32f1xx_hal_pwr.o
HAL_PWR_EnterSTOPMode                             build/stm32f1xx_hal_pwr.o
HAL_PWR_PVDCallback                               build/stm32f1xx_hal_pwr.o
HAL_PWR_PVD_IRQHandler                            build/stm32f1xx_hal_pwr.o
HAL_RCCEx_GetPeriphCLKConfig                      build/stm32f1xx_hal_rcc_ex.o
HAL_RCCEx_GetPeriphCLKFreq                        build/stm32f1xx_hal_rcc_ex.o
HAL_RCCEx_PeriphCLKConfig                         build/stm32f1xx_hal_rcc_ex.o
                                                  build/main.o
HAL_RCC_CSSCallback                               build/stm32f1xx_hal_rcc.o
HAL_RCC_ClockConfig                               build/stm32f1xx_hal_rcc.o
                                                  build/main.o
HAL_RCC_DeInit                                    build/stm32f1xx_hal_rcc.o
HAL_RCC_DisableCSS                                build/stm32f1xx_hal_rcc.o
HAL_RCC_EnableCSS                                 build/stm32f1xx_hal_rcc.o
HAL_RCC_GetClockConfig                            build/stm32f1xx_hal_rcc.o
HAL_RCC_GetHCLKFreq                               build/stm32f1xx_hal_rcc.o
HAL_RCC_GetOscConfig                              build/stm32f1xx_hal_rcc.o
HAL_RCC_GetPCLK1Freq                              build/stm32f1xx_hal_rcc.o
HAL_RCC_GetPCLK2Freq                              build/stm32f1xx_hal_rcc.o
                                                  build/stm32f1xx_hal_rcc_ex.o
HAL_RCC_GetSysClockFreq                           build/stm32f1xx_hal_rcc.o
HAL_RCC_MCOConfig                                 build/stm32f1xx_hal_rcc.o
HAL_RCC_NMI_IRQHandler                            build/stm32f1xx_hal_rcc.o
HAL_RCC_OscConfig                                 build/stm32f1xx_hal_rcc.o
                                                  build/main.o
HAL_ResumeTick                                    build/stm32f1xx_hal.o
HAL_SYSTICK_CLKSourceConfig                       build/stm32f1xx_hal_cortex.o
HAL_SYSTICK_Callback                              build/stm32f1xx_hal_cortex.o
HAL_SYSTICK_Config                                build/stm32f1xx_hal_cortex.o
                                                  build/stm32f1xx_hal.o
HAL_SYSTICK_IRQHandler                            build/stm32f1xx_hal_cortex.o
HAL_SetTickFreq                                   build/stm32f1xx_hal.o
HAL_SuspendTick                                   build/stm32f1xx_hal.o
HardFault_Handler                                 build/stm32f1xx_it.o
I2C1_ER_IRQHandler                                build/startup_stm32f103xb.o
I2C1_EV_IRQHandler                                build/startup_stm32f103xb.o
I2C2_ER_IRQHandler                                build/startup_stm32f103xb.o
I2C2_EV_IRQHandler                                build/startup_stm32f103xb.o
LCD_Delay                                         build/lcd.o
LCD_Init                                          build/lcd.o
                                                  build/main.o
LCD_SendCmd                                       build/lcd.o
LCD_SendData                                      build/lcd.o
LCD_SendString                                    build/lcd.o
                                                  build/main.o
LCD_SetData                                       build/lcd.o
MX_USB_DEVICE_Init                                build/usb_device.o
                                                  build/main.o
MemManage_Handler                                 build/stm32f1xx_it.o
NMI_Handler                                       build/stm32f1xx_it.o
PVD_IRQHandler                                    build/startup_stm32f103xb.o
PendSV_Handler                                    build/stm32f1xx_it.o
RCC_IRQHandler                                    build/startup_stm32f103xb.o
RTC_Alarm_IRQHandler                              build/startup_stm32f103xb.o
RTC_IRQHandler                                    build/startup_stm32f103xb.o
Reset_Handler                                     build/startup_stm32f103xb.o
SPI1_IRQHandler                                   build/startup_stm32f103xb.o
SPI2_IRQHandler                                   build/startup_stm32f103xb.o
SVC_Handler                                       build/stm32f1xx_it.o
SysTick_Handler                                   build/stm32f1xx_it.o
SystemClock_Config                                build/main.o
SystemCoreClock                                   build/system_stm32f1xx.o
                                                  build/stm32f1xx_hal_rcc.o
                                                  build/stm32f1xx_hal.o
SystemCoreClockUpdate                             build/system_stm32f1xx.o
SystemInit                                        build/system_stm32f1xx.o
                                                  build/startup_stm32f103xb.o
TAMPER_IRQHandler                                 build/startup_stm32f103xb.o
TIM1_BRK_IRQHandler                               build/startup_stm32f103xb.o
TIM1_CC_IRQHandler                                build/startup_stm32f103xb.o
TIM1_TRG_COM_IRQHandler                           build/startup_stm32f103xb.o
TIM1_UP_IRQHandler                                build/startup_stm32f103xb.o
TIM2_IRQHandler                                   build/startup_stm32f103xb.o
TIM3_IRQHandler                                   build/startup_stm32f103xb.o
TIM4_IRQHandler                                   build/startup_stm32f103xb.o
USART1_IRQHandler                                 build/startup_stm32f103xb.o
USART2_IRQHandler                                 build/startup_stm32f103xb.o
USART3_IRQHandler                                 build/startup_stm32f103xb.o
USBD_CDC                                          build/usbd_cdc.o
                                                  build/usb_device.o
USBD_CDC_CfgFSDesc                                build/usbd_cdc.o
USBD_CDC_CfgHSDesc                                build/usbd_cdc.o
USBD_CDC_GetDeviceQualifierDescriptor             build/usbd_cdc.o
USBD_CDC_OtherSpeedCfgDesc                        build/usbd_cdc.o
USBD_CDC_ReceivePacket                            build/usbd_cdc.o
                                                  build/usbd_cdc_if.o
USBD_CDC_RegisterInterface                        build/usbd_cdc.o
                                                  build/usb_device.o
USBD_CDC_SetRxBuffer                              build/usbd_cdc.o
                                                  build/usbd_cdc_if.o
USBD_CDC_SetTxBuffer                              build/usbd_cdc.o
                                                  build/usbd_cdc_if.o
USBD_CDC_TransmitPacket                           build/usbd_cdc.o
                                                  build/usbd_cdc_if.o
USBD_ClrClassConfig                               build/usbd_core.o
                                                  build/usbd_ctlreq.o
USBD_CtlContinueRx                                build/usbd_ioreq.o
                                                  build/usbd_core.o
USBD_CtlContinueSendData                          build/usbd_ioreq.o
                                                  build/usbd_core.o
USBD_CtlError                                     build/usbd_ctlreq.o
                                                  build/usbd_cdc.o
USBD_CtlPrepareRx                                 build/usbd_ioreq.o
                                                  build/usbd_cdc.o
USBD_CtlReceiveStatus                             build/usbd_ioreq.o
                                                  build/usbd_core.o
USBD_CtlSendData                                  build/usbd_ioreq.o
                                                  build/usbd_cdc.o
                                                  build/usbd_ctlreq.o
USBD_CtlSendStatus                                build/usbd_ioreq.o
                                                  build/usbd_ctlreq.o
                                                  build/usbd_core.o
USBD_DeInit                                       build/usbd_core.o
USBD_FS_ConfigStrDescriptor                       build/usbd_desc.o
USBD_FS_DeviceDesc                                build/usbd_desc.o
USBD_FS_DeviceDescriptor                          build/usbd_desc.o
USBD_FS_InterfaceStrDescriptor                    build/usbd_desc.o
USBD_FS_LangIDStrDescriptor                       build/usbd_desc.o
USBD_FS_ManufacturerStrDescriptor                 build/usbd_desc.o
USBD_FS_ProductStrDescriptor                      build/usbd_desc.o
USBD_FS_SerialStrDescriptor                       build/usbd_desc.o
USBD_GetRxCount                                   build/usbd_ioreq.o
USBD_GetString                                    build/usbd_ctlreq.o
                                                  build/usbd_desc.o
USBD_Init                                         build/usbd_core.o
                                                  build/usb_device.o
USBD_Interface_fops_FS                            build/usbd_cdc_if.o
                                                  build/usb_device.o
USBD_LL_ClearStallEP                              build/usbd_conf.o
                                                  build/usbd_ctlreq.o
USBD_LL_CloseEP                                   build/usbd_conf.o
                                                  build/usbd_cdc.o
USBD_LL_DataInStage                               build/usbd_core.o
                                                  build/usbd_conf.o
USBD_LL_DataOutStage                              build/usbd_core.o
                                                  build/usbd_conf.o
USBD_LL_DeInit                                    build/usbd_conf.o
                                                  build/usbd_core.o
USBD_LL_Delay                                     build/usbd_conf.o
USBD_LL_DevConnected                              build/usbd_core.o
                                                  build/usbd_conf.o
USBD_LL_DevDisconnected                           build/usbd_core.o
                                                  build/usbd_conf.o
USBD_LL_FlushEP                                   build/usbd_conf.o
USBD_LL_GetRxDataSize                             build/usbd_conf.o
                                                  build/usbd_cdc.o
                                                  build/usbd_ioreq.o
USBD_LL_Init                                      build/usbd_conf.o
                                                  build/usbd_core.o
USBD_LL_IsStallEP                                 build/usbd_conf.o
                                                  build/usbd_ctlreq.o
USBD_LL_IsoINIncomplete                           build/usbd_core.o
                                                  build/usbd_conf.o
USBD_LL_IsoOUTIncomplete                          build/usbd_core.o
                                                  build/usbd_conf.o
USBD_LL_OpenEP                                    build/usbd_conf.o
                                                  build/usbd_cdc.o
                                                  build/usbd_core.o
USBD_LL_PrepareReceive                            build/usbd_conf.o
                                                  build/usbd_cdc.o
                                                  build/usbd_ioreq.o
                                                  build/usbd_core.o
USBD_LL_Reset                                     build/usbd_core.o
                                                  build/usbd_conf.o
USBD_LL_Resume                                    build/usbd_core.o
                                                  build/usbd_conf.o
USBD_LL_SOF                                       build/usbd_core.o
                                                  build/usbd_conf.o
USBD_LL_SetSpeed                                  build/usbd_core.o
                                                  build/usbd_conf.o
USBD_LL_SetUSBAddress                             build/usbd_conf.o
                                                  build/usbd_ctlreq.o
USBD_LL_SetupStage                                build/usbd_core.o
                                                  build/usbd_conf.o
USBD_LL_StallEP                                   build/usbd_conf.o
                                                  build/usbd_ctlreq.o
                                                  build/usbd_core.o
USBD_LL_Start                                     build/usbd_conf.o
                                                  build/usbd_core.o
USBD_LL_Stop                                      build/usbd_conf.o
                                                  build/usbd_core.o
USBD_LL_Suspend                                   build/usbd_core.o
                                                  build/usbd_conf.o
USBD_LL_Transmit                                  build/usbd_conf.o
                                                  build/usbd_cdc.o
                                                  build/usbd_ioreq.o
USBD_LangIDDesc                                   build/usbd_desc.o
USBD_ParseSetupRequest                            build/usbd_ctlreq.o
                                                  build/usbd_core.o
USBD_RegisterClass                                build/usbd_core.o
                                                  build/usb_device.o
USBD_RunTestMode                                  build/usbd_core.o
USBD_SetClassConfig                               build/usbd_core.o
                                                  build/usbd_ctlreq.o
USBD_Start                                        build/usbd_core.o
                                                  build/usb_device.o
USBD_StdDevReq                                    build/usbd_ctlreq.o
                                                  build/usbd_core.o
USBD_StdEPReq                                     build/usbd_ctlreq.o
                                                  build/usbd_core.o
USBD_StdItfReq                                    build/usbd_ctlreq.o
                                                  build/usbd_core.o
USBD_Stop                                         build/usbd_core.o
USBD_StrDesc                                      build/usbd_desc.o
USBD_StringSerial                                 build/usbd_desc.o
USBD_static_free                                  build/usbd_conf.o
                                                  build/usbd_cdc.o
USBD_static_malloc                                build/usbd_conf.o
                                                  build/usbd_cdc.o
USBWakeUp_IRQHandler                              build/startup_stm32f103xb.o
USB_ActivateEndpoint                              build/stm32f1xx_ll_usb.o
                                                  build/stm32f1xx_hal_pcd.o
USB_ActivateRemoteWakeup                          build/stm32f1xx_ll_usb.o
                                                  build/stm32f1xx_hal_pcd.o
USB_ClearInterrupts                               build/stm32f1xx_ll_usb.o
USB_CoreInit                                      build/stm32f1xx_ll_usb.o
                                                  build/stm32f1xx_hal_pcd.o
USB_DeActivateRemoteWakeup                        build/stm32f1xx_ll_usb.o
                                                  build/stm32f1xx_hal_pcd.o
USB_DeactivateEndpoint                            build/stm32f1xx_ll_usb.o
                                                  build/stm32f1xx_hal_pcd.o
USB_DevConnect                                    build/stm32f1xx_ll_usb.o
                                                  build/stm32f1xx_hal_pcd.o
USB_DevDisconnect                                 build/stm32f1xx_ll_usb.o
                                                  build/stm32f1xx_hal_pcd.o
USB_DevInit                                       build/stm32f1xx_ll_usb.o
                                                  build/stm32f1xx_hal_pcd.o
USB_DisableGlobalInt                              build/stm32f1xx_ll_usb.o
                                                  build/stm32f1xx_hal_pcd.o
USB_EP0_OutStart                                  build/stm32f1xx_ll_usb.o
                                                  build/stm32f1xx_hal_pcd.o
USB_EPClearStall                                  build/stm32f1xx_ll_usb.o
                                                  build/stm32f1xx_hal_pcd.o
USB_EPSetStall                                    build/stm32f1xx_ll_usb.o
                                                  build/stm32f1xx_hal_pcd.o
USB_EPStartXfer                                   build/stm32f1xx_ll_usb.o
                                                  build/stm32f1xx_hal_pcd.o
USB_EnableGlobalInt                               build/stm32f1xx_ll_usb.o
                                                  build/stm32f1xx_hal_pcd.o
USB_FlushRxFifo                                   build/stm32f1xx_ll_usb.o
                                                  build/stm32f1xx_hal_pcd.o
USB_FlushTxFifo                                   build/stm32f1xx_ll_usb.o
                                                  build/stm32f1xx_hal_pcd.o
USB_HP_CAN1_TX_IRQHandler                         build/startup_stm32f103xb.o
USB_LP_CAN1_RX0_IRQHandler                        build/stm32f1xx_it.o
USB_ReadDevAllInEpInterrupt                       build/stm32f1xx_ll_usb.o
USB_ReadDevAllOutEpInterrupt                      build/stm32f1xx_ll_usb.o
USB_ReadDevInEPInterrupt                          build/stm32f1xx_ll_usb.o
USB_ReadDevOutEPInterrupt                         build/stm32f1xx_ll_usb.o
USB_ReadInterrupts                                build/stm32f1xx_ll_usb.o
                                                  build/stm32f1xx_hal_pcd.o
USB_ReadPMA                                       build/stm32f1xx_ll_usb.o
                                                  build/stm32f1xx_hal_pcd.o
USB_ReadPacket                                    build/stm32f1xx_ll_usb.o
USB_SetCurrentMode                                build/stm32f1xx_ll_usb.o
                                                  build/stm32f1xx_hal_pcd.o
USB_SetDevAddress                                 build/stm32f1xx_ll_usb.o
                                                  build/stm32f1xx_hal_pcd.o
USB_SetDevSpeed                                   build/stm32f1xx_ll_usb.o
USB_StopDevice                                    build/stm32f1xx_ll_usb.o
                                                  build/stm32f1xx_hal_pcd.o
USB_WritePMA                                      build/stm32f1xx_ll_usb.o
USB_WritePacket                                   build/stm32f1xx_ll_usb.o
UsageFault_Handler                                build/stm32f1xx_it.o
UserRxBufferFS                                    build/usbd_cdc_if.o
UserTxBufferFS                                    build/usbd_cdc_if.o
WWDG_IRQHandler                                   build/startup_stm32f103xb.o
_ITM_deregisterTMCloneTable                       c:/software/embededgcc/arm-gcc/bin/../lib/gcc/arm-none-eabi/8.2.1/thumb/v7-m/nofp/crtbegin.o
_ITM_registerTMCloneTable                         c:/software/embededgcc/arm-gcc/bin/../lib/gcc/arm-none-eabi/8.2.1/thumb/v7-m/nofp/crtbegin.o
__TMC_END__                                       c:/software/embededgcc/arm-gcc/bin/../lib/gcc/arm-none-eabi/8.2.1/thumb/v7-m/nofp/crtend.o